Archive member included to satisfy reference by file (symbol)

c:/progra~2/gnuarm~1/102020~1/bin/../lib/gcc/arm-none-eabi/10.2.1/thumb/v6-m/nofp\libgcc.a(_dvmd_tls.o)
                              CMakeFiles/comms.dir/C_/Pico/pico-sdk/src/rp2_common/pico_divider/divider.S.obj (__aeabi_idiv0)
c:/progra~2/gnuarm~1/102020~1/bin/../lib/gcc/arm-none-eabi/10.2.1/../../../../arm-none-eabi/lib/thumb/v6-m/nofp\libg.a(lib_a-calloc.o)
                              CMakeFiles/comms.dir/C_/Pico/pico-sdk/src/rp2_common/pico_malloc/pico_malloc.c.obj (calloc)
c:/progra~2/gnuarm~1/102020~1/bin/../lib/gcc/arm-none-eabi/10.2.1/../../../../arm-none-eabi/lib/thumb/v6-m/nofp\libg.a(lib_a-callocr.o)
                              c:/progra~2/gnuarm~1/102020~1/bin/../lib/gcc/arm-none-eabi/10.2.1/../../../../arm-none-eabi/lib/thumb/v6-m/nofp\libg.a(lib_a-calloc.o) (_calloc_r)
c:/progra~2/gnuarm~1/102020~1/bin/../lib/gcc/arm-none-eabi/10.2.1/../../../../arm-none-eabi/lib/thumb/v6-m/nofp\libg.a(lib_a-ctype_.o)
                              CMakeFiles/comms.dir/C_/Pico/pico-sdk/lib/tinyusb/src/tusb.c.obj (_ctype_)
c:/progra~2/gnuarm~1/102020~1/bin/../lib/gcc/arm-none-eabi/10.2.1/../../../../arm-none-eabi/lib/thumb/v6-m/nofp\libg.a(lib_a-impure.o)
                              c:/progra~2/gnuarm~1/102020~1/bin/../lib/gcc/arm-none-eabi/10.2.1/../../../../arm-none-eabi/lib/thumb/v6-m/nofp\libg.a(lib_a-calloc.o) (_impure_ptr)
c:/progra~2/gnuarm~1/102020~1/bin/../lib/gcc/arm-none-eabi/10.2.1/../../../../arm-none-eabi/lib/thumb/v6-m/nofp\libg.a(lib_a-init.o)
                              c:/progra~2/gnuarm~1/102020~1/bin/../lib/gcc/arm-none-eabi/10.2.1/../../../../arm-none-eabi/lib/thumb/v6-m/nofp/crt0.o (__libc_init_array)
c:/progra~2/gnuarm~1/102020~1/bin/../lib/gcc/arm-none-eabi/10.2.1/../../../../arm-none-eabi/lib/thumb/v6-m/nofp\libg.a(lib_a-malloc.o)
                              CMakeFiles/comms.dir/C_/Pico/pico-sdk/src/rp2_common/pico_malloc/pico_malloc.c.obj (malloc)
c:/progra~2/gnuarm~1/102020~1/bin/../lib/gcc/arm-none-eabi/10.2.1/../../../../arm-none-eabi/lib/thumb/v6-m/nofp\libg.a(lib_a-mallocr.o)
                              c:/progra~2/gnuarm~1/102020~1/bin/../lib/gcc/arm-none-eabi/10.2.1/../../../../arm-none-eabi/lib/thumb/v6-m/nofp\libg.a(lib_a-callocr.o) (_malloc_r)
c:/progra~2/gnuarm~1/102020~1/bin/../lib/gcc/arm-none-eabi/10.2.1/../../../../arm-none-eabi/lib/thumb/v6-m/nofp\libg.a(lib_a-mlock.o)
                              c:/progra~2/gnuarm~1/102020~1/bin/../lib/gcc/arm-none-eabi/10.2.1/../../../../arm-none-eabi/lib/thumb/v6-m/nofp\libg.a(lib_a-mallocr.o) (__malloc_lock)
c:/progra~2/gnuarm~1/102020~1/bin/../lib/gcc/arm-none-eabi/10.2.1/../../../../arm-none-eabi/lib/thumb/v6-m/nofp\libg.a(lib_a-realloc.o)
                              CMakeFiles/comms.dir/C_/Pico/pico-sdk/src/rp2_common/pico_malloc/pico_malloc.c.obj (realloc)
c:/progra~2/gnuarm~1/102020~1/bin/../lib/gcc/arm-none-eabi/10.2.1/../../../../arm-none-eabi/lib/thumb/v6-m/nofp\libg.a(lib_a-reallocr.o)
                              c:/progra~2/gnuarm~1/102020~1/bin/../lib/gcc/arm-none-eabi/10.2.1/../../../../arm-none-eabi/lib/thumb/v6-m/nofp\libg.a(lib_a-realloc.o) (_realloc_r)
c:/progra~2/gnuarm~1/102020~1/bin/../lib/gcc/arm-none-eabi/10.2.1/../../../../arm-none-eabi/lib/thumb/v6-m/nofp\libg.a(lib_a-sbrkr.o)
                              c:/progra~2/gnuarm~1/102020~1/bin/../lib/gcc/arm-none-eabi/10.2.1/../../../../arm-none-eabi/lib/thumb/v6-m/nofp\libg.a(lib_a-mallocr.o) (_sbrk_r)
c:/progra~2/gnuarm~1/102020~1/bin/../lib/gcc/arm-none-eabi/10.2.1/../../../../arm-none-eabi/lib/thumb/v6-m/nofp\libg.a(lib_a-strlen-stub.o)
                              CMakeFiles/comms.dir/C_/Pico/pico-sdk/src/rp2_common/pico_stdio/stdio.c.obj (strlen)
c:/progra~2/gnuarm~1/102020~1/bin/../lib/gcc/arm-none-eabi/10.2.1/../../../../arm-none-eabi/lib/thumb/v6-m/nofp\libg.a(lib_a-freer.o)
                              c:/progra~2/gnuarm~1/102020~1/bin/../lib/gcc/arm-none-eabi/10.2.1/../../../../arm-none-eabi/lib/thumb/v6-m/nofp\libg.a(lib_a-malloc.o) (_free_r)
c:/progra~2/gnuarm~1/102020~1/bin/../lib/gcc/arm-none-eabi/10.2.1/../../../../arm-none-eabi/lib/thumb/v6-m/nofp\libg.a(lib_a-lock.o)
                              c:/progra~2/gnuarm~1/102020~1/bin/../lib/gcc/arm-none-eabi/10.2.1/../../../../arm-none-eabi/lib/thumb/v6-m/nofp\libg.a(lib_a-mlock.o) (__retarget_lock_acquire_recursive)
c:/progra~2/gnuarm~1/102020~1/bin/../lib/gcc/arm-none-eabi/10.2.1/../../../../arm-none-eabi/lib/thumb/v6-m/nofp\libg.a(lib_a-memmove.o)
                              c:/progra~2/gnuarm~1/102020~1/bin/../lib/gcc/arm-none-eabi/10.2.1/../../../../arm-none-eabi/lib/thumb/v6-m/nofp\libg.a(lib_a-reallocr.o) (memmove)
c:/progra~2/gnuarm~1/102020~1/bin/../lib/gcc/arm-none-eabi/10.2.1/../../../../arm-none-eabi/lib/thumb/v6-m/nofp\libg.a(lib_a-reent.o)
[...]
Memory Configuration

Name             Origin             Length             Attributes
FLASH            0x10000000         0x00200000         xr
RAM              0x20000000         0x00040000         xrw
SCRATCH_X        0x20040000         0x00001000         xrw
SCRATCH_Y        0x20041000         0x00001000         xrw
*default*        0x00000000         0xffffffff

Linker script and memory map

LOAD c:/progra~2/gnuarm~1/102020~1/bin/../lib/gcc/arm-none-eabi/10.2.1/thumb/v6-m/nofp/crti.o
LOAD c:/progra~2/gnuarm~1/102020~1/bin/../lib/gcc/arm-none-eabi/10.2.1/thumb/v6-m/nofp/crtbegin.o
LOAD c:/progra~2/gnuarm~1/102020~1/bin/../lib/gcc/arm-none-eabi/10.2.1/../../../../arm-none-eabi/lib/thumb/v6-m/nofp/crt0.o

.flash_begin    0x10000000        0x0
                0x10000000                __flash_binary_start = .

.boot2          0x10000000      0x100
                0x10000000                __boot2_start__ = .
 *(.boot2)
 .boot2         0x10000000      0x100 C:\Users\Amiir\AppData\Local\Temp\ccaM5bLD.o
                0x10000100                __boot2_end__ = .
                0x00000001                ASSERT (((__boot2_end__ - __boot2_start__) == 0x100), ERROR: Pico second stage bootloader must be 256 bytes in size)

.text           0x10000100     0x7b58
                0x10000100                __logical_binary_start = .
 *(.vectors)
 .vectors       0x10000100       0xd4 CMakeFiles/comms.dir/C_/Pico/pico-sdk/src/rp2_common/pico_standard_link/crt0.S.obj
                0x10000100                __VECTOR_TABLE
                0x10000100                __vectors
                0x100001c0                isr_invalid
                0x100001c0                __default_isrs_start
                0x100001c2                isr_nmi
                0x100001c4                isr_hardfault
                0x100001c6                isr_svcall
                0x100001c8                isr_pendsv
                0x100001ca                isr_systick
                0x100001cc                isr_irq23
                0x100001cc                isr_irq18
                0x100001cc                isr_irq11
                0x100001cc                isr_irq28
                0x100001cc                isr_irq19
                0x100001cc                isr_irq0
                0x100001cc                isr_irq6
                0x100001cc                isr_irq5
                0x100001cc                isr_irq12
                0x100001cc                isr_irq22
                0x100001cc                isr_irq31
                0x100001cc                isr_irq17
                0x100001cc                isr_irq27
                0x100001cc                isr_irq30
                0x100001cc                isr_irq2
                0x100001cc                isr_irq10
                0x100001cc                isr_irq8
                0x100001cc                isr_irq24
                0x100001cc                isr_irq1
                0x100001cc                isr_irq7
                0x100001cc                isr_irq21
                0x100001cc                isr_irq20
                0x100001cc                isr_irq15
                0x100001cc                isr_irq25
                0x100001cc                isr_irq13
                0x100001cc                __unhandled_user_irq
                0x100001cc                isr_irq4
                0x100001cc                isr_irq16
                0x100001cc                isr_irq29
                0x100001cc                isr_irq26
                0x100001cc                __default_isrs_end
                0x100001cc                isr_irq3
                0x100001cc                isr_irq14
                0x100001cc                isr_irq9
                0x100001d2                unhandled_user_irq_num_in_r0
 *(.binary_info_header)
 .binary_info_header
                0x100001d4       0x14 CMakeFiles/comms.dir/C_/Pico/pico-sdk/src/rp2_common/pico_standard_link/crt0.S.obj
                0x100001e8                __binary_info_header_end = .
 *(.reset)
 .reset         0x100001e8       0xa8 CMakeFiles/comms.dir/C_/Pico/pico-sdk/src/rp2_common/pico_standard_link/crt0.S.obj
                0x100001e8                _entry_point
                0x10000266                __get_current_exception
 .reset         0x10000290       0x30 CMakeFiles/comms.dir/C_/Pico/pico-sdk/src/rp2_common/pico_standard_link/binary_info.c.obj
 *(.init)
 .init          0x100002c0        0x4 c:/progra~2/gnuarm~1/102020~1/bin/../lib/gcc/arm-none-eabi/10.2.1/thumb/v6-m/nofp/crti.o
                0x100002c0                _init
 *(EXCLUDE_FILE(*libm.a: *libc.a:*lib_a-mem*.o *libgcc.a:) .text*)
 .text          0x100002c4       0x48 c:/progra~2/gnuarm~1/102020~1/bin/../lib/gcc/arm-none-eabi/10.2.1/thumb/v6-m/nofp/crtbegin.o
 .text.sendWheelSpeedL
                0x1000030c       0xb4 CMakeFiles/comms.dir/comms.c.obj
                0x1000030c                sendWheelSpeedL
 .text.sendBarcode
                0x100003c0       0xb4 CMakeFiles/comms.dir/comms.c.obj
                0x100003c0                sendBarcode
 .text.sendDist
                0x10000474       0xb4 CMakeFiles/comms.dir/comms.c.obj
                0x10000474                sendDist
 .text.sendHeight
                0x10000528       0xb4 CMakeFiles/comms.dir/comms.c.obj
                0x10000528                sendHeight
 .text.sendCoord
                0x100005dc       0xc4 CMakeFiles/comms.dir/comms.c.obj
                0x100005dc                sendCoord
 .text.sendBarcodeCoord
                0x100006a0       0xb8 CMakeFiles/comms.dir/comms.c.obj
                0x100006a0                sendBarcodeCoord
 .text.sendHumpCoord
                0x10000758       0xb8 CMakeFiles/comms.dir/comms.c.obj
                0x10000758                sendHumpCoord
 .text.sendWheelSpeedR
                0x10000810       0xb4 CMakeFiles/comms.dir/comms.c.obj
                0x10000810                sendWheelSpeedR
 .text.main     0x100008c4      0x188 CMakeFiles/comms.dir/comms.c.obj
                0x100008c4                main
 .text.gpio_set_function
                0x10000a4c       0x30 CMakeFiles/comms.dir/C_/Pico/pico-sdk/src/rp2_common/hardware_gpio/gpio.c.obj
                0x10000a4c                gpio_set_function
 .text.hw_claim_lock
                0x10000a7c       0x18 CMakeFiles/comms.dir/C_/Pico/pico-sdk/src/rp2_common/hardware_claim/claim.c.obj
                0x10000a7c                hw_claim_lock
 .text.hw_claim_unlock
                0x10000a94       0x14 CMakeFiles/comms.dir/C_/Pico/pico-sdk/src/rp2_common/hardware_claim/claim.c.obj
                0x10000a94                hw_claim_unlock
 .text.hw_claim_or_assert
                0x10000aa8       0x32 CMakeFiles/comms.dir/C_/Pico/pico-sdk/src/rp2_common/hardware_claim/claim.c.obj
                0x10000aa8                hw_claim_or_assert
 .text.hw_claim_unused_from_range
                0x10000ada       0x50 CMakeFiles/comms.dir/C_/Pico/pico-sdk/src/rp2_common/hardware_claim/claim.c.obj
                0x10000ada                hw_claim_unused_from_range
 *fill*         0x10000b2a        0x2 
 .text.running_on_fpga
                0x10000b2c       0x14 CMakeFiles/comms.dir/C_/Pico/pico-sdk/src/rp2_common/pico_platform/platform.c.obj
                0x10000b2c                running_on_fpga
 .text.spin_locks_reset
                0x10000b40       0x20 CMakeFiles/comms.dir/C_/Pico/pico-sdk/src/rp2_common/hardware_sync/sync.c.obj
                0x10000b40                spin_locks_reset
 .text.next_striped_spin_lock_num
                0x10000b60       0x1c CMakeFiles/comms.dir/C_/Pico/pico-sdk/src/rp2_common/hardware_sync/sync.c.obj
                0x10000b60                next_striped_spin_lock_num
 .text.spin_lock_claim_unused
                0x10000b7c       0x20 CMakeFiles/comms.dir/C_/Pico/pico-sdk/src/rp2_common/hardware_sync/sync.c.obj
                0x10000b7c                spin_lock_claim_unused
 .text.set_raw_irq_handler_and_unlock
                0x10000b9c       0x28 CMakeFiles/comms.dir/C_/Pico/pico-sdk/src/rp2_common/hardware_irq/irq.c.obj
 .text.make_branch
                0x10000bc4       0x48 CMakeFiles/comms.dir/C_/Pico/pico-sdk/src/rp2_common/hardware_irq/irq.c.obj
 .text.insert_branch_and_link
                0x10000c0c       0x40 CMakeFiles/comms.dir/C_/Pico/pico-sdk/src/rp2_common/hardware_irq/irq.c.obj
 .text.irq_is_enabled
                0x10000c4c       0x18 CMakeFiles/comms.dir/C_/Pico/pico-sdk/src/rp2_common/hardware_irq/irq.c.obj
                0x10000c4c                irq_is_enabled
 .text.irq_set_mask_enabled
                0x10000c64       0x20 CMakeFiles/comms.dir/C_/Pico/pico-sdk/src/rp2_common/hardware_irq/irq.c.obj
                0x10000c64                irq_set_mask_enabled
 .text.irq_set_enabled
                0x10000c84        0xe CMakeFiles/comms.dir/C_/Pico/pico-sdk/src/rp2_common/hardware_irq/irq.c.obj
                0x10000c84                irq_set_enabled
 *fill*         0x10000c92        0x2 
 .text.irq_set_pending
                0x10000c94       0x10 CMakeFiles/comms.dir/C_/Pico/pico-sdk/src/rp2_common/hardware_irq/irq.c.obj
                0x10000c94                irq_set_pending
 .text.irq_get_vtable_handler
                0x10000ca4       0x10 CMakeFiles/comms.dir/C_/Pico/pico-sdk/src/rp2_common/hardware_irq/irq.c.obj
                0x10000ca4                irq_get_vtable_handler
 .text.irq_has_shared_handler
                0x10000cb4       0x24 CMakeFiles/comms.dir/C_/Pico/pico-sdk/src/rp2_common/hardware_irq/irq.c.obj
                0x10000cb4                irq_has_shared_handler
 .text.irq_set_exclusive_handler
                0x10000cd8       0x54 CMakeFiles/comms.dir/C_/Pico/pico-sdk/src/rp2_common/hardware_irq/irq.c.obj
                0x10000cd8                irq_set_exclusive_handler
 .text.irq_add_shared_handler
                0x10000d2c      0x230 CMakeFiles/comms.dir/C_/Pico/pico-sdk/src/rp2_common/hardware_irq/irq.c.obj
                0x10000d2c                irq_add_shared_handler
 .text.irq_remove_handler
                0x10000f5c      0x1a8 CMakeFiles/comms.dir/C_/Pico/pico-sdk/src/rp2_common/hardware_irq/irq.c.obj
                0x10000f5c                irq_remove_handler
 .text.irq_add_tail_to_free_list
                0x10001104       0xf0 CMakeFiles/comms.dir/C_/Pico/pico-sdk/src/rp2_common/hardware_irq/irq.c.obj
                0x10001104                irq_add_tail_to_free_list
 .text.irq_init_priorities
                0x100011f4       0x1c CMakeFiles/comms.dir/C_/Pico/pico-sdk/src/rp2_common/hardware_irq/irq.c.obj
                0x100011f4                irq_init_priorities
 .text.user_irq_claim_unused
                0x10001210       0x30 CMakeFiles/comms.dir/C_/Pico/pico-sdk/src/rp2_common/hardware_irq/irq.c.obj
                0x10001210                user_irq_claim_unused
 .text.lock_init
                0x10001240       0x10 CMakeFiles/comms.dir/C_/Pico/pico-sdk/src/common/pico_sync/lock_core.c.obj
                0x10001240                lock_init
 .text.alarm_pool_post_alloc_init
                0x10001250       0x40 CMakeFiles/comms.dir/C_/Pico/pico-sdk/src/common/pico_time/time.c.obj
 .text.sleep_until_callback
                0x10001290       0x30 CMakeFiles/comms.dir/C_/Pico/pico-sdk/src/common/pico_time/time.c.obj
 .text.timer_pool_entry_comparator
                0x100012c0       0x7c CMakeFiles/comms.dir/C_/Pico/pico-sdk/src/common/pico_time/time.c.obj
                0x100012c0                timer_pool_entry_comparator
 .text.ph_add_child_node
                0x1000133c       0xa4 CMakeFiles/comms.dir/C_/Pico/pico-sdk/src/common/pico_time/time.c.obj
 .text.ph_merge_nodes
                0x100013e0       0x3e CMakeFiles/comms.dir/C_/Pico/pico-sdk/src/common/pico_time/time.c.obj
 *fill*         0x1000141e        0x2 
 .text.add_alarm_under_lock
                0x10001420      0x174 CMakeFiles/comms.dir/C_/Pico/pico-sdk/src/common/pico_time/time.c.obj
 .text.alarm_pool_alarm_callback
                0x10001594      0x328 CMakeFiles/comms.dir/C_/Pico/pico-sdk/src/common/pico_time/time.c.obj
 .text.alarm_pool_init_default
                0x100018bc       0x38 CMakeFiles/comms.dir/C_/Pico/pico-sdk/src/common/pico_time/time.c.obj
                0x100018bc                alarm_pool_init_default
 .text.alarm_pool_get_default
                0x100018f4       0x2c CMakeFiles/comms.dir/C_/Pico/pico-sdk/src/common/pico_time/time.c.obj
                0x100018f4                alarm_pool_get_default
 .text.alarm_pool_add_alarm_at
                0x10001920      0x170 CMakeFiles/comms.dir/C_/Pico/pico-sdk/src/common/pico_time/time.c.obj
                0x10001920                alarm_pool_add_alarm_at
 .text.alarm_pool_cancel_alarm
                0x10001a90       0xf0 CMakeFiles/comms.dir/C_/Pico/pico-sdk/src/common/pico_time/time.c.obj
                0x10001a90                alarm_pool_cancel_alarm
 .text.sleep_until
                0x10001b80       0xfc CMakeFiles/comms.dir/C_/Pico/pico-sdk/src/common/pico_time/time.c.obj
                0x10001b80                sleep_until
 .text.sleep_us
                0x10001c7c       0x58 CMakeFiles/comms.dir/C_/Pico/pico-sdk/src/common/pico_time/time.c.obj
                0x10001c7c                sleep_us
 .text.sleep_ms
                0x10001cd4       0x14 CMakeFiles/comms.dir/C_/Pico/pico-sdk/src/common/pico_time/time.c.obj
                0x10001cd4                sleep_ms
 .text.best_effort_wfe_or_timeout
                0x10001ce8       0x80 CMakeFiles/comms.dir/C_/Pico/pico-sdk/src/common/pico_time/time.c.obj
                0x10001ce8                best_effort_wfe_or_timeout
 .text.hardware_alarm_irq_handler
                0x10001d68       0x8c CMakeFiles/comms.dir/C_/Pico/pico-sdk/src/rp2_common/hardware_timer/timer.c.obj
 .text.hardware_alarm_claim
                0x10001df4       0x18 CMakeFiles/comms.dir/C_/Pico/pico-sdk/src/rp2_common/hardware_timer/timer.c.obj
                0x10001df4                hardware_alarm_claim
 .text.time_us_64
                0x10001e0c       0x18 CMakeFiles/comms.dir/C_/Pico/pico-sdk/src/rp2_common/hardware_timer/timer.c.obj
                0x10001e0c                time_us_64
 .text.busy_wait_until
                0x10001e24       0x28 CMakeFiles/comms.dir/C_/Pico/pico-sdk/src/rp2_common/hardware_timer/timer.c.obj
                0x10001e24                busy_wait_until
 .text.hardware_alarm_set_callback
                0x10001e4c       0x90 CMakeFiles/comms.dir/C_/Pico/pico-sdk/src/rp2_common/hardware_timer/timer.c.obj
                0x10001e4c                hardware_alarm_set_callback
 .text.hardware_alarm_set_target
                0x10001edc       0xe8 CMakeFiles/comms.dir/C_/Pico/pico-sdk/src/rp2_common/hardware_timer/timer.c.obj
                0x10001edc                hardware_alarm_set_target
 .text.hardware_alarm_cancel
                0x10001fc4       0x40 CMakeFiles/comms.dir/C_/Pico/pico-sdk/src/rp2_common/hardware_timer/timer.c.obj
                0x10001fc4                hardware_alarm_cancel
 .text.ph_add_child_node
                0x10002004       0xa4 CMakeFiles/comms.dir/C_/Pico/pico-sdk/src/common/pico_util/pheap.c.obj
 .text.ph_merge_nodes
                0x100020a8       0x3e CMakeFiles/comms.dir/C_/Pico/pico-sdk/src/common/pico_util/pheap.c.obj
 *fill*         0x100020e6        0x2 
 .text.ph_clear
                0x100020e8       0x70 CMakeFiles/comms.dir/C_/Pico/pico-sdk/src/common/pico_util/pheap.c.obj
                0x100020e8                ph_clear
 .text.ph_post_alloc_init
                0x10002158        0xe CMakeFiles/comms.dir/C_/Pico/pico-sdk/src/common/pico_util/pheap.c.obj
                0x10002158                ph_post_alloc_init
 *fill*         0x10002166        0x2 
 .text.ph_merge_two_pass
                0x10002168       0xa8 CMakeFiles/comms.dir/C_/Pico/pico-sdk/src/common/pico_util/pheap.c.obj
                0x10002168                ph_merge_two_pass
 .text.ph_remove_any_head
                0x10002210      0x108 CMakeFiles/comms.dir/C_/Pico/pico-sdk/src/common/pico_util/pheap.c.obj
 .text.ph_remove_head
                0x10002318       0x14 CMakeFiles/comms.dir/C_/Pico/pico-sdk/src/common/pico_util/pheap.c.obj
                0x10002318                ph_remove_head
 .text.ph_remove_and_free_node
                0x1000232c       0xf8 CMakeFiles/comms.dir/C_/Pico/pico-sdk/src/common/pico_util/pheap.c.obj
                0x1000232c                ph_remove_and_free_node
 .text.mutex_init
                0x10002424       0x1a CMakeFiles/comms.dir/C_/Pico/pico-sdk/src/common/pico_sync/mutex.c.obj
                0x10002424                mutex_init
 .text.recursive_mutex_init
                0x1000243e       0x1e CMakeFiles/comms.dir/C_/Pico/pico-sdk/src/common/pico_sync/mutex.c.obj
                0x1000243e                recursive_mutex_init
 .text.critical_section_init_with_lock_num
                0x1000245c       0x14 CMakeFiles/comms.dir/C_/Pico/pico-sdk/src/common/pico_sync/critical_section.c.obj
                0x1000245c                critical_section_init_with_lock_num
 .text.critical_section_init
                0x10002470       0x14 CMakeFiles/comms.dir/C_/Pico/pico-sdk/src/common/pico_sync/critical_section.c.obj
                0x10002470                critical_section_init
 .text.uart_set_baudrate
                0x10002484       0x5c CMakeFiles/comms.dir/C_/Pico/pico-sdk/src/rp2_common/hardware_uart/uart.c.obj
                0x10002484                uart_set_baudrate
 .text.uart_set_translate_crlf
                0x100024e0       0x28 CMakeFiles/comms.dir/C_/Pico/pico-sdk/src/rp2_common/hardware_uart/uart.c.obj
                0x100024e0                uart_set_translate_crlf
 .text.uart_init
                0x10002508       0x80 CMakeFiles/comms.dir/C_/Pico/pico-sdk/src/rp2_common/hardware_uart/uart.c.obj
                0x10002508                uart_init
 .text._exit    0x10002588        0x4 CMakeFiles/comms.dir/C_/Pico/pico-sdk/src/rp2_common/pico_runtime/runtime.c.obj
                0x10002588                _exit
 .text.exit     0x1000258c        0x6 CMakeFiles/comms.dir/C_/Pico/pico-sdk/src/rp2_common/pico_runtime/runtime.c.obj
                0x1000258c                exit
 *fill*         0x10002592        0x2 
 .text.__assert_func
                0x10002594       0x3c CMakeFiles/comms.dir/C_/Pico/pico-sdk/src/rp2_common/pico_runtime/runtime.c.obj
                0x10002594                __assert_func
 .text.runtime_init
                0x100025d0       0xf8 CMakeFiles/comms.dir/C_/Pico/pico-sdk/src/rp2_common/pico_runtime/runtime.c.obj
                0x100025d0                runtime_init
 .text.panic    0x100026c8       0x30 CMakeFiles/comms.dir/C_/Pico/pico-sdk/src/rp2_common/pico_runtime/runtime.c.obj
                0x100026c8                panic
 .text.clock_configure
                0x100026f8      0x104 CMakeFiles/comms.dir/C_/Pico/pico-sdk/src/rp2_common/hardware_clocks/clocks.c.obj
                0x100026f8                clock_configure
 .text.clocks_init
                0x100027fc      0x100 CMakeFiles/comms.dir/C_/Pico/pico-sdk/src/rp2_common/hardware_clocks/clocks.c.obj
                0x100027fc                clocks_init
 .text.clock_get_hz
                0x100028fc        0xc CMakeFiles/comms.dir/C_/Pico/pico-sdk/src/rp2_common/hardware_clocks/clocks.c.obj
                0x100028fc                clock_get_hz
 .text.pll_init
                0x10002908      0x140 CMakeFiles/comms.dir/C_/Pico/pico-sdk/src/rp2_common/hardware_pll/pll.c.obj
                0x10002908                pll_init
 .text.watchdog_start_tick
                0x10002a48       0x10 CMakeFiles/comms.dir/C_/Pico/pico-sdk/src/rp2_common/hardware_watchdog/watchdog.c.obj
                0x10002a48                watchdog_start_tick
 .text.watchdog_update
                0x10002a58       0x14 CMakeFiles/comms.dir/C_/Pico/pico-sdk/src/rp2_common/hardware_watchdog/watchdog.c.obj
                0x10002a58                watchdog_update
 .text._watchdog_enable
                0x10002a6c       0x78 CMakeFiles/comms.dir/C_/Pico/pico-sdk/src/rp2_common/hardware_watchdog/watchdog.c.obj
                0x10002a6c                _watchdog_enable
 .text.watchdog_reboot
                0x10002ae4       0x48 CMakeFiles/comms.dir/C_/Pico/pico-sdk/src/rp2_common/hardware_watchdog/watchdog.c.obj
                0x10002ae4                watchdog_reboot
 .text.xosc_init
                0x10002b2c       0x28 CMakeFiles/comms.dir/C_/Pico/pico-sdk/src/rp2_common/hardware_xosc/xosc.c.obj
                0x10002b2c                xosc_init
 .text._out_buffer
                0x10002b54        0x8 CMakeFiles/comms.dir/C_/Pico/pico-sdk/src/rp2_common/pico_printf/printf.c.obj
 .text._out_null
                0x10002b5c        0x2 CMakeFiles/comms.dir/C_/Pico/pico-sdk/src/rp2_common/pico_printf/printf.c.obj
 .text._out_fct
                0x10002b5e        0xe CMakeFiles/comms.dir/C_/Pico/pico-sdk/src/rp2_common/pico_printf/printf.c.obj
 .text._atoi    0x10002b6c       0x24 CMakeFiles/comms.dir/C_/Pico/pico-sdk/src/rp2_common/pico_printf/printf.c.obj
 .text._out_rev
                0x10002b90       0xae CMakeFiles/comms.dir/C_/Pico/pico-sdk/src/rp2_common/pico_printf/printf.c.obj
 .text._ntoa_format
                0x10002c3e      0x112 CMakeFiles/comms.dir/C_/Pico/pico-sdk/src/rp2_common/pico_printf/printf.c.obj
 .text._ntoa_long
                0x10002d50       0xbc CMakeFiles/comms.dir/C_/Pico/pico-sdk/src/rp2_common/pico_printf/printf.c.obj
 .text._ntoa_long_long
                0x10002e0c       0xe2 CMakeFiles/comms.dir/C_/Pico/pico-sdk/src/rp2_common/pico_printf/printf.c.obj
 *fill*         0x10002eee        0x2 
 .text._etoa    0x10002ef0      0x414 CMakeFiles/comms.dir/C_/Pico/pico-sdk/src/rp2_common/pico_printf/printf.c.obj
 .text._ftoa    0x10003304      0x354 CMakeFiles/comms.dir/C_/Pico/pico-sdk/src/rp2_common/pico_printf/printf.c.obj
 .text._vsnprintf
                0x10003658      0x624 CMakeFiles/comms.dir/C_/Pico/pico-sdk/src/rp2_common/pico_printf/printf.c.obj
 .text.__wrap_sprintf
                0x10003c7c       0x28 CMakeFiles/comms.dir/C_/Pico/pico-sdk/src/rp2_common/pico_printf/printf.c.obj
                0x10003c7c                __wrap_sprintf
 .text.vfctprintf
                0x10003ca4       0x20 CMakeFiles/comms.dir/C_/Pico/pico-sdk/src/rp2_common/pico_printf/printf.c.obj
                0x10003ca4                vfctprintf
 .text          0x10003cc4       0x10 CMakeFiles/comms.dir/C_/Pico/pico-sdk/src/rp2_common/pico_bit_ops/bit_ops_aeabi.S.obj
 .text.rom_func_lookup
                0x10003cd4       0x10 CMakeFiles/comms.dir/C_/Pico/pico-sdk/src/rp2_common/pico_bootrom/bootrom.c.obj
                0x10003cd4                rom_func_lookup
 .text.rom_data_lookup
                0x10003ce4       0x10 CMakeFiles/comms.dir/C_/Pico/pico-sdk/src/rp2_common/pico_bootrom/bootrom.c.obj
                0x10003ce4                rom_data_lookup
 .text.rom_funcs_lookup
                0x10003cf4       0x36 CMakeFiles/comms.dir/C_/Pico/pico-sdk/src/rp2_common/pico_bootrom/bootrom.c.obj
                0x10003cf4                rom_funcs_lookup
 *fill*         0x10003d2a        0x2 
 .text.__wrap___aeabi_idiv
                0x10003d2c       0x50 CMakeFiles/comms.dir/C_/Pico/pico-sdk/src/rp2_common/pico_divider/divider.S.obj
                0x10003d2c                __wrap___aeabi_idivmod
                0x10003d2c                divmod_s32s32
                0x10003d2c                div_s32s32
                0x10003d2c                __wrap___aeabi_idiv
                0x10003d34                divmod_s32s32_unsafe
                0x10003d60                divmod_s32s32_savestate
 .text.__wrap___aeabi_uidiv
                0x10003d7c       0x4c CMakeFiles/comms.dir/C_/Pico/pico-sdk/src/rp2_common/pico_divider/divider.S.obj
                0x10003d7c                __wrap___aeabi_uidiv
                0x10003d7c                __wrap___aeabi_uidivmod
                0x10003d7c                div_u32u32
                0x10003d7c                divmod_u32u32
                0x10003d84                divmod_u32u32_unsafe
                0x10003dac                divmod_u32u32_savestate
 .text.__wrap___aeabi_ldiv
                0x10003dc8      0x434 CMakeFiles/comms.dir/C_/Pico/pico-sdk/src/rp2_common/pico_divider/divider.S.obj
                0x10003dc8                div_s64s64
                0x10003dc8                divmod_s64s64
                0x10003dc8                __wrap___aeabi_ldivmod
                0x10003e00                divmod_u64u64
                0x10003e00                div_u64u64
                0x10003e00                __wrap___aeabi_uldivmod
                0x10003e10                divmod_u64u64_savestate
                0x10003e38                divmod_s64s64_unsafe
                0x10003ec0                divmod_u64u64_unsafe
 .text.__wrap___aeabi_darithmetic
                0x100041fc       0x80 CMakeFiles/comms.dir/C_/Pico/pico-sdk/src/rp2_common/pico_double/double_aeabi.S.obj
                0x100041fc                __wrap___aeabi_drsub
                0x10004202                __wrap___aeabi_dsub
                0x10004214                __wrap___aeabi_dadd
                0x10004226                __wrap___aeabi_ddiv
                0x10004262                __wrap___aeabi_dmul
 .text.__wrap___aeabi_cdcmple
                0x1000427c       0x6c CMakeFiles/comms.dir/C_/Pico/pico-sdk/src/rp2_common/pico_double/double_aeabi.S.obj
                0x1000427c                __wrap___aeabi_cdrcmple
                0x1000428c                __wrap___aeabi_cdcmpeq
                0x1000428c                __wrap___aeabi_cdcmple
 .text.__wrap___aeabi_dcmplt
                0x100042e8        0xc CMakeFiles/comms.dir/C_/Pico/pico-sdk/src/rp2_common/pico_double/double_aeabi.S.obj
                0x100042e8                __wrap___aeabi_dcmplt
 .text.__wrap___aeabi_dcmple
                0x100042f4       0x10 CMakeFiles/comms.dir/C_/Pico/pico-sdk/src/rp2_common/pico_double/double_aeabi.S.obj
                0x100042f4                __wrap___aeabi_dcmple
 .text.__wrap___aeabi_dcmpge
                0x10004304       0x10 CMakeFiles/comms.dir/C_/Pico/pico-sdk/src/rp2_common/pico_double/double_aeabi.S.obj
                0x10004304                __wrap___aeabi_dcmpge
 .text.__wrap___aeabi_dcmpgt
                0x10004314        0xa CMakeFiles/comms.dir/C_/Pico/pico-sdk/src/rp2_common/pico_double/double_aeabi.S.obj
                0x10004314                __wrap___aeabi_dcmpgt
 .text.__wrap___aeabi_dcmpun
                0x1000431e       0x1c CMakeFiles/comms.dir/C_/Pico/pico-sdk/src/rp2_common/pico_double/double_aeabi.S.obj
                0x1000431e                __wrap___aeabi_dcmpun
 *fill*         0x1000433a        0x2 
 .text.__wrap___aeabi_i2d
                0x1000433c       0x38 CMakeFiles/comms.dir/C_/Pico/pico-sdk/src/rp2_common/pico_double/double_aeabi.S.obj
                0x1000433c                __wrap___aeabi_ui2d
                0x10004344                __wrap___aeabi_i2d
 .text.__wrap___aeabi_d2iz
                0x10004374       0x48 CMakeFiles/comms.dir/C_/Pico/pico-sdk/src/rp2_common/pico_double/double_aeabi.S.obj
                0x10004374                double2int_z
                0x10004374                __wrap___aeabi_d2iz
 .text.__wrap___aeabi_d2uiz
                0x100043bc       0x18 CMakeFiles/comms.dir/C_/Pico/pico-sdk/src/rp2_common/pico_double/double_aeabi.S.obj
                0x100043bc                __wrap___aeabi_d2uiz
                0x100043bc                double2uint
 .text.__aeabi_double_init
                0x100043d4       0xc8 CMakeFiles/comms.dir/C_/Pico/pico-sdk/src/rp2_common/pico_double/double_init_rom.c.obj
                0x100043d4                __aeabi_double_init
 .text.double_table_shim_on_use_helper
                0x1000449c       0x34 CMakeFiles/comms.dir/C_/Pico/pico-sdk/src/rp2_common/pico_double/double_v1_rom_shim.S.obj
                0x1000449c                double_table_shim_on_use_helper
 .text.__wrap___aeabi_dsub
                0x100044d0       0x10 CMakeFiles/comms.dir/C_/Pico/pico-sdk/src/rp2_common/pico_double/double_v1_rom_shim.S.obj
                0x100044d0                drsub_shim
                0x100044d6                dsub_shim
 .text.dadd_shim
                0x100044e0      0x15c CMakeFiles/comms.dir/C_/Pico/pico-sdk/src/rp2_common/pico_double/double_v1_rom_shim.S.obj
                0x100044e0                dadd_shim
 .text.dmul_shim
                0x1000463c      0x15c CMakeFiles/comms.dir/C_/Pico/pico-sdk/src/rp2_common/pico_double/double_v1_rom_shim.S.obj
                0x1000463c                dmul_shim
 .text.ddiv_shim
                0x10004798      0x1b0 CMakeFiles/comms.dir/C_/Pico/pico-sdk/src/rp2_common/pico_double/double_v1_rom_shim.S.obj
                0x10004798                ddiv_shim
 .text.double2uint_shim
                0x10004948        0xe CMakeFiles/comms.dir/C_/Pico/pico-sdk/src/rp2_common/pico_double/double_v1_rom_shim.S.obj
                0x10004948                double2uint_shim
                0x1000494a                double2ufix_shim
 *fill*         0x10004956        0x2 
 .text.double2uint64_shim
                0x10004958       0x70 CMakeFiles/comms.dir/C_/Pico/pico-sdk/src/rp2_common/pico_double/double_v1_rom_shim.S.obj
                0x10004958                double2uint64_shim
                0x1000495a                double2ufix64_shim
                0x1000497a                d2fix_a
 .text.dunpacks
                0x100049c8       0x3c CMakeFiles/comms.dir/C_/Pico/pico-sdk/src/rp2_common/pico_double/double_v1_rom_shim.S.obj
                0x100049c8                dunpacks
 .text.__aeabi_lmul
                0x10004a04       0x32 CMakeFiles/comms.dir/C_/Pico/pico-sdk/src/rp2_common/pico_int64_ops/pico_int64_ops_aeabi.S.obj
                0x10004a04                __wrap___aeabi_lmul
 *fill*         0x10004a36        0x2 
 .text.__aeabi_float_init
                0x10004a38       0xfc CMakeFiles/comms.dir/C_/Pico/pico-sdk/src/rp2_common/pico_float/float_init_rom.c.obj
                0x10004a38                __aeabi_float_init
 .text.float_table_shim_on_use_helper
                0x10004b34       0x34 CMakeFiles/comms.dir/C_/Pico/pico-sdk/src/rp2_common/pico_float/float_v1_rom_shim.S.obj
                0x10004b34                float_table_shim_on_use_helper
 .text          0x10004b68       0x10 CMakeFiles/comms.dir/C_/Pico/pico-sdk/src/rp2_common/pico_mem_ops/mem_ops_aeabi.S.obj
                0x10004b68                __aeabi_mem_init
 .text.memset   0x10004b78        0xc CMakeFiles/comms.dir/C_/Pico/pico-sdk/src/rp2_common/pico_mem_ops/mem_ops_aeabi.S.obj
                0x10004b78                __wrap_memset
 .text.memcpy   0x10004b84        0xc CMakeFiles/comms.dir/C_/Pico/pico-sdk/src/rp2_common/pico_mem_ops/mem_ops_aeabi.S.obj
                0x10004b84                __wrap_memcpy
                0x10004b84                __wrap___aeabi_memcpy
 .text.stdio_out_chars_no_crlf
                0x10004b90        0xe CMakeFiles/comms.dir/C_/Pico/pico-sdk/src/rp2_common/pico_stdio/stdio.c.obj
 *fill*         0x10004b9e        0x2 
 .text.stdio_out_chars_crlf
                0x10004ba0       0x80 CMakeFiles/comms.dir/C_/Pico/pico-sdk/src/rp2_common/pico_stdio/stdio.c.obj
 .text.stdio_stack_buffer_flush
                0x10004c20       0x44 CMakeFiles/comms.dir/C_/Pico/pico-sdk/src/rp2_common/pico_stdio/stdio.c.obj
 .text.stdio_buffered_printer
                0x10004c64       0x20 CMakeFiles/comms.dir/C_/Pico/pico-sdk/src/rp2_common/pico_stdio/stdio.c.obj
 .text.stdout_serialize_begin
                0x10004c84       0x30 CMakeFiles/comms.dir/C_/Pico/pico-sdk/src/rp2_common/pico_stdio/stdio.c.obj
                0x10004c84                stdout_serialize_begin
 .text.stdout_serialize_end
                0x10004cb4       0x10 CMakeFiles/comms.dir/C_/Pico/pico-sdk/src/rp2_common/pico_stdio/stdio.c.obj
                0x10004cb4                stdout_serialize_end
 .text.stdio_put_string
                0x10004cc4       0x98 CMakeFiles/comms.dir/C_/Pico/pico-sdk/src/rp2_common/pico_stdio/stdio.c.obj
 .text.stdio_set_driver_enabled
                0x10004d5c       0x2c CMakeFiles/comms.dir/C_/Pico/pico-sdk/src/rp2_common/pico_stdio/stdio.c.obj
                0x10004d5c                stdio_set_driver_enabled
 .text.stdio_flush
                0x10004d88       0x20 CMakeFiles/comms.dir/C_/Pico/pico-sdk/src/rp2_common/pico_stdio/stdio.c.obj
                0x10004d88                stdio_flush
 .text.__wrap_puts
                0x10004da8       0x1e CMakeFiles/comms.dir/C_/Pico/pico-sdk/src/rp2_common/pico_stdio/stdio.c.obj
                0x10004da8                __wrap_puts
 *fill*         0x10004dc6        0x2 
 .text.__wrap_vprintf
                0x10004dc8       0x44 CMakeFiles/comms.dir/C_/Pico/pico-sdk/src/rp2_common/pico_stdio/stdio.c.obj
                0x10004dc8                __wrap_vprintf
 .text.__wrap_printf
                0x10004e0c       0x18 CMakeFiles/comms.dir/C_/Pico/pico-sdk/src/rp2_common/pico_stdio/stdio.c.obj
                0x10004e0c                __wrap_printf
 .text.stdio_init_all
                0x10004e24        0xc CMakeFiles/comms.dir/C_/Pico/pico-sdk/src/rp2_common/pico_stdio/stdio.c.obj
                0x10004e24                stdio_init_all
 .text.stdio_uart_out_chars
                0x10004e30       0x74 CMakeFiles/comms.dir/C_/Pico/pico-sdk/src/rp2_common/pico_stdio_uart/stdio_uart.c.obj
 .text.stdio_uart_in_chars
                0x10004ea4       0x58 CMakeFiles/comms.dir/C_/Pico/pico-sdk/src/rp2_common/pico_stdio_uart/stdio_uart.c.obj
                0x10004ea4                stdio_uart_in_chars
 .text.stdio_uart_init_full
                0x10004efc       0x3c CMakeFiles/comms.dir/C_/Pico/pico-sdk/src/rp2_common/pico_stdio_uart/stdio_uart.c.obj
                0x10004efc                stdio_uart_init_full
 .text.stdio_uart_init
                0x10004f38       0x28 CMakeFiles/comms.dir/C_/Pico/pico-sdk/src/rp2_common/pico_stdio_uart/stdio_uart.c.obj
                0x10004f38                stdio_uart_init
 .text.resetd_init
                0x10004f60        0x2 CMakeFiles/comms.dir/C_/Pico/pico-sdk/src/rp2_common/pico_stdio_usb/reset_interface.c.obj
 *fill*         0x10004f62        0x2 
 .text.resetd_reset
                0x10004f64        0xc CMakeFiles/comms.dir/C_/Pico/pico-sdk/src/rp2_common/pico_stdio_usb/reset_interface.c.obj
 .text.resetd_open
                0x10004f70       0x34 CMakeFiles/comms.dir/C_/Pico/pico-sdk/src/rp2_common/pico_stdio_usb/reset_interface.c.obj
 .text.resetd_xfer_cb
                0x10004fa4        0x4 CMakeFiles/comms.dir/C_/Pico/pico-sdk/src/rp2_common/pico_stdio_usb/reset_interface.c.obj
 .text.reset_usb_boot
                0x10004fa8       0x18 CMakeFiles/comms.dir/C_/Pico/pico-sdk/src/rp2_common/pico_stdio_usb/reset_interface.c.obj
 .text.resetd_control_xfer_cb
                0x10004fc0       0x5c CMakeFiles/comms.dir/C_/Pico/pico-sdk/src/rp2_common/pico_stdio_usb/reset_interface.c.obj
 .text.usbd_app_driver_get_cb
                0x1000501c        0xc CMakeFiles/comms.dir/C_/Pico/pico-sdk/src/rp2_common/pico_stdio_usb/reset_interface.c.obj
                0x1000501c                usbd_app_driver_get_cb
 .text.tud_cdc_line_coding_cb
                0x10005028       0x28 CMakeFiles/comms.dir/C_/Pico/pico-sdk/src/rp2_common/pico_stdio_usb/reset_interface.c.obj
                0x10005028                tud_cdc_line_coding_cb
 .text.stdio_usb_in_chars
                0x10005050       0x70 CMakeFiles/comms.dir/C_/Pico/pico-sdk/src/rp2_common/pico_stdio_usb/stdio_usb.c.obj
                0x10005050                stdio_usb_in_chars
 .text.low_priority_worker_irq
                0x100050c0       0x20 CMakeFiles/comms.dir/C_/Pico/pico-sdk/src/rp2_common/pico_stdio_usb/stdio_usb.c.obj
 .text.stdio_usb_out_chars
                0x100050e0       0xd4 CMakeFiles/comms.dir/C_/Pico/pico-sdk/src/rp2_common/pico_stdio_usb/stdio_usb.c.obj
 .text.timer_task
                0x100051b4       0x40 CMakeFiles/comms.dir/C_/Pico/pico-sdk/src/rp2_common/pico_stdio_usb/stdio_usb.c.obj
 .text.usb_irq  0x100051f4       0x10 CMakeFiles/comms.dir/C_/Pico/pico-sdk/src/rp2_common/pico_stdio_usb/stdio_usb.c.obj
 .text.stdio_usb_init
                0x10005204       0xec CMakeFiles/comms.dir/C_/Pico/pico-sdk/src/rp2_common/pico_stdio_usb/stdio_usb.c.obj
                0x10005204                stdio_usb_init
 .text.tud_descriptor_device_cb
                0x100052f0        0x8 CMakeFiles/comms.dir/C_/Pico/pico-sdk/src/rp2_common/pico_stdio_usb/stdio_usb_descriptors.c.obj
                0x100052f0                tud_descriptor_device_cb
 .text.tud_descriptor_configuration_cb
                0x100052f8        0x8 CMakeFiles/comms.dir/C_/Pico/pico-sdk/src/rp2_common/pico_stdio_usb/stdio_usb_descriptors.c.obj
                0x100052f8                tud_descriptor_configuration_cb
 .text.tud_descriptor_string_cb
                0x10005300       0x6c CMakeFiles/comms.dir/C_/Pico/pico-sdk/src/rp2_common/pico_stdio_usb/stdio_usb_descriptors.c.obj
                0x10005300                tud_descriptor_string_cb
 .text.hw_endpoint_get_by_addr
                0x1000536c       0x18 CMakeFiles/comms.dir/C_/Pico/pico-sdk/lib/tinyusb/src/portable/raspberrypi/rp2040/dcd_rp2040.c.obj
 .text.reset_ep0_pid
                0x10005384       0x28 CMakeFiles/comms.dir/C_/Pico/pico-sdk/lib/tinyusb/src/portable/raspberrypi/rp2040/dcd_rp2040.c.obj
 .text._hw_endpoint_alloc
                0x100053ac       0x70 CMakeFiles/comms.dir/C_/Pico/pico-sdk/lib/tinyusb/src/portable/raspberrypi/rp2040/dcd_rp2040.c.obj
 .text.hw_endpoint_init
                0x1000541c       0x88 CMakeFiles/comms.dir/C_/Pico/pico-sdk/lib/tinyusb/src/portable/raspberrypi/rp2040/dcd_rp2040.c.obj
 .text.reset_non_control_endpoints
                0x100054a4       0x40 CMakeFiles/comms.dir/C_/Pico/pico-sdk/lib/tinyusb/src/portable/raspberrypi/rp2040/dcd_rp2040.c.obj
 .text.hw_handle_buff_status
                0x100054e4       0x8c CMakeFiles/comms.dir/C_/Pico/pico-sdk/lib/tinyusb/src/portable/raspberrypi/rp2040/dcd_rp2040.c.obj
 .text.dcd_rp2040_irq
                0x10005570       0xc0 CMakeFiles/comms.dir/C_/Pico/pico-sdk/lib/tinyusb/src/portable/raspberrypi/rp2040/dcd_rp2040.c.obj
 .text.hw_endpoint_xfer
                0x10005630       0x14 CMakeFiles/comms.dir/C_/Pico/pico-sdk/lib/tinyusb/src/portable/raspberrypi/rp2040/dcd_rp2040.c.obj
 .text.dcd_int_enable
                0x10005644       0x2c CMakeFiles/comms.dir/C_/Pico/pico-sdk/lib/tinyusb/src/portable/raspberrypi/rp2040/dcd_rp2040.c.obj
                0x10005644                dcd_int_enable
 .text.dcd_set_address
                0x10005670       0x2c CMakeFiles/comms.dir/C_/Pico/pico-sdk/lib/tinyusb/src/portable/raspberrypi/rp2040/dcd_rp2040.c.obj
                0x10005670                dcd_set_address
 .text.dcd_connect
                0x1000569c       0x10 CMakeFiles/comms.dir/C_/Pico/pico-sdk/lib/tinyusb/src/portable/raspberrypi/rp2040/dcd_rp2040.c.obj
                0x1000569c                dcd_connect
 .text.dcd_init
                0x100056ac       0x7c CMakeFiles/comms.dir/C_/Pico/pico-sdk/lib/tinyusb/src/portable/raspberrypi/rp2040/dcd_rp2040.c.obj
                0x100056ac                dcd_init
 .text.dcd_edpt0_status_complete
                0x10005728       0x1c CMakeFiles/comms.dir/C_/Pico/pico-sdk/lib/tinyusb/src/portable/raspberrypi/rp2040/dcd_rp2040.c.obj
                0x10005728                dcd_edpt0_status_complete
 .text.dcd_edpt_open
                0x10005744       0x40 CMakeFiles/comms.dir/C_/Pico/pico-sdk/lib/tinyusb/src/portable/raspberrypi/rp2040/dcd_rp2040.c.obj
                0x10005744                dcd_edpt_open
 .text.dcd_edpt_close_all
                0x10005784        0x8 CMakeFiles/comms.dir/C_/Pico/pico-sdk/lib/tinyusb/src/portable/raspberrypi/rp2040/dcd_rp2040.c.obj
                0x10005784                dcd_edpt_close_all
 .text.dcd_edpt_xfer
                0x1000578c       0x30 CMakeFiles/comms.dir/C_/Pico/pico-sdk/lib/tinyusb/src/portable/raspberrypi/rp2040/dcd_rp2040.c.obj
                0x1000578c                dcd_edpt_xfer
 .text.dcd_edpt_stall
                0x100057bc       0x2c CMakeFiles/comms.dir/C_/Pico/pico-sdk/lib/tinyusb/src/portable/raspberrypi/rp2040/dcd_rp2040.c.obj
                0x100057bc                dcd_edpt_stall
 .text.dcd_edpt_clear_stall
                0x100057e8       0x20 CMakeFiles/comms.dir/C_/Pico/pico-sdk/lib/tinyusb/src/portable/raspberrypi/rp2040/dcd_rp2040.c.obj
                0x100057e8                dcd_edpt_clear_stall
 .text.prepare_ep_buffer
                0x10005808       0x70 CMakeFiles/comms.dir/C_/Pico/pico-sdk/lib/tinyusb/src/portable/raspberrypi/rp2040/rp2040_usb.c.obj
 .text.sync_ep_buffer
                0x10005878       0x7c CMakeFiles/comms.dir/C_/Pico/pico-sdk/lib/tinyusb/src/portable/raspberrypi/rp2040/rp2040_usb.c.obj
 .text._hw_endpoint_xfer_sync
                0x100058f4       0x28 CMakeFiles/comms.dir/C_/Pico/pico-sdk/lib/tinyusb/src/portable/raspberrypi/rp2040/rp2040_usb.c.obj
 .text.rp2040_usb_init
                0x1000591c       0x4c CMakeFiles/comms.dir/C_/Pico/pico-sdk/lib/tinyusb/src/portable/raspberrypi/rp2040/rp2040_usb.c.obj
                0x1000591c                rp2040_usb_init
 .text.hw_endpoint_reset_transfer
                0x10005968        0xc CMakeFiles/comms.dir/C_/Pico/pico-sdk/lib/tinyusb/src/portable/raspberrypi/rp2040/rp2040_usb.c.obj
                0x10005968                hw_endpoint_reset_transfer
 .text._hw_endpoint_buffer_control_update32
                0x10005974       0x58 CMakeFiles/comms.dir/C_/Pico/pico-sdk/lib/tinyusb/src/portable/raspberrypi/rp2040/rp2040_usb.c.obj
                0x10005974                _hw_endpoint_buffer_control_update32
 .text._hw_endpoint_start_next_buffer
                0x100059cc       0x74 CMakeFiles/comms.dir/C_/Pico/pico-sdk/lib/tinyusb/src/portable/raspberrypi/rp2040/rp2040_usb.c.obj
 .text.hw_endpoint_xfer_start
                0x10005a40       0x48 CMakeFiles/comms.dir/C_/Pico/pico-sdk/lib/tinyusb/src/portable/raspberrypi/rp2040/rp2040_usb.c.obj
                0x10005a40                hw_endpoint_xfer_start
 .text.hw_endpoint_xfer_continue
                0x10005a88       0x38 CMakeFiles/comms.dir/C_/Pico/pico-sdk/lib/tinyusb/src/portable/raspberrypi/rp2040/rp2040_usb.c.obj
                0x10005a88                hw_endpoint_xfer_continue
 .text.configuration_reset
                0x10005ac0       0x84 CMakeFiles/comms.dir/C_/Pico/pico-sdk/lib/tinyusb/src/device/usbd.c.obj
 .text.usbd_reset
                0x10005b44        0xc CMakeFiles/comms.dir/C_/Pico/pico-sdk/lib/tinyusb/src/device/usbd.c.obj
 .text.invoke_class_control
                0x10005b50       0x1a CMakeFiles/comms.dir/C_/Pico/pico-sdk/lib/tinyusb/src/device/usbd.c.obj
 *fill*         0x10005b6a        0x2 
 .text.process_set_config
                0x10005b6c      0x1b0 CMakeFiles/comms.dir/C_/Pico/pico-sdk/lib/tinyusb/src/device/usbd.c.obj
 .text.process_get_descriptor
                0x10005d1c       0xec CMakeFiles/comms.dir/C_/Pico/pico-sdk/lib/tinyusb/src/device/usbd.c.obj
 .text.tud_mounted
                0x10005e08       0x10 CMakeFiles/comms.dir/C_/Pico/pico-sdk/lib/tinyusb/src/device/usbd.c.obj
                0x10005e08                tud_mounted
 .text.tud_suspended
                0x10005e18       0x10 CMakeFiles/comms.dir/C_/Pico/pico-sdk/lib/tinyusb/src/device/usbd.c.obj
                0x10005e18                tud_suspended
 .text.tud_inited
                0x10005e28        0xc CMakeFiles/comms.dir/C_/Pico/pico-sdk/lib/tinyusb/src/device/usbd.c.obj
                0x10005e28                tud_inited
 .text.tud_init
                0x10005e34       0xcc CMakeFiles/comms.dir/C_/Pico/pico-sdk/lib/tinyusb/src/device/usbd.c.obj
                0x10005e34                tud_init
 .text.dcd_event_handler
                0x10005f00      0x1e0 CMakeFiles/comms.dir/C_/Pico/pico-sdk/lib/tinyusb/src/device/usbd.c.obj
                0x10005f00                dcd_event_handler
 .text.dcd_event_bus_signal
                0x100060e0       0x26 CMakeFiles/comms.dir/C_/Pico/pico-sdk/lib/tinyusb/src/device/usbd.c.obj
                0x100060e0                dcd_event_bus_signal
 .text.dcd_event_bus_reset
                0x10006106       0x2a CMakeFiles/comms.dir/C_/Pico/pico-sdk/lib/tinyusb/src/device/usbd.c.obj
                0x10006106                dcd_event_bus_reset
 .text.dcd_event_setup_received
                0x10006130       0x34 CMakeFiles/comms.dir/C_/Pico/pico-sdk/lib/tinyusb/src/device/usbd.c.obj
                0x10006130                dcd_event_setup_received
 .text.dcd_event_xfer_complete
                0x10006164       0x44 CMakeFiles/comms.dir/C_/Pico/pico-sdk/lib/tinyusb/src/device/usbd.c.obj
                0x10006164                dcd_event_xfer_complete
 .text.usbd_edpt_open
                0x100061a8       0x58 CMakeFiles/comms.dir/C_/Pico/pico-sdk/lib/tinyusb/src/device/usbd.c.obj
                0x100061a8                usbd_edpt_open
 .text.usbd_open_edpt_pair
                0x10006200       0x8c CMakeFiles/comms.dir/C_/Pico/pico-sdk/lib/tinyusb/src/device/usbd.c.obj
                0x10006200                usbd_open_edpt_pair
 .text.usbd_edpt_claim
                0x1000628c       0x8c CMakeFiles/comms.dir/C_/Pico/pico-sdk/lib/tinyusb/src/device/usbd.c.obj
                0x1000628c                usbd_edpt_claim
 .text.usbd_edpt_release
                0x10006318       0x68 CMakeFiles/comms.dir/C_/Pico/pico-sdk/lib/tinyusb/src/device/usbd.c.obj
                0x10006318                usbd_edpt_release
 .text.usbd_edpt_xfer
                0x10006380       0x80 CMakeFiles/comms.dir/C_/Pico/pico-sdk/lib/tinyusb/src/device/usbd.c.obj
                0x10006380                usbd_edpt_xfer
 .text.usbd_edpt_stall
                0x10006400       0x40 CMakeFiles/comms.dir/C_/Pico/pico-sdk/lib/tinyusb/src/device/usbd.c.obj
                0x10006400                usbd_edpt_stall
 .text.usbd_edpt_clear_stall
                0x10006440       0x40 CMakeFiles/comms.dir/C_/Pico/pico-sdk/lib/tinyusb/src/device/usbd.c.obj
                0x10006440                usbd_edpt_clear_stall
 .text.usbd_edpt_stalled
                0x10006480       0x1c CMakeFiles/comms.dir/C_/Pico/pico-sdk/lib/tinyusb/src/device/usbd.c.obj
                0x10006480                usbd_edpt_stalled
 .text.process_control_request
                0x1000649c      0x3b8 CMakeFiles/comms.dir/C_/Pico/pico-sdk/lib/tinyusb/src/device/usbd.c.obj
 .text.tud_task
                0x10006854      0x218 CMakeFiles/comms.dir/C_/Pico/pico-sdk/lib/tinyusb/src/device/usbd.c.obj
                0x10006854                tud_task
 .text._data_stage_xact
                0x10006a6c       0x58 CMakeFiles/comms.dir/C_/Pico/pico-sdk/lib/tinyusb/src/device/usbd_control.c.obj
 .text.tud_control_status
                0x10006ac4       0x38 CMakeFiles/comms.dir/C_/Pico/pico-sdk/lib/tinyusb/src/device/usbd_control.c.obj
                0x10006ac4                tud_control_status
 .text.tud_control_xfer
                0x10006afc       0xa8 CMakeFiles/comms.dir/C_/Pico/pico-sdk/lib/tinyusb/src/device/usbd_control.c.obj
                0x10006afc                tud_control_xfer
 .text.usbd_control_reset
                0x10006ba4       0x14 CMakeFiles/comms.dir/C_/Pico/pico-sdk/lib/tinyusb/src/device/usbd_control.c.obj
                0x10006ba4                usbd_control_reset
 .text.usbd_control_set_complete_callback
                0x10006bb8        0xc CMakeFiles/comms.dir/C_/Pico/pico-sdk/lib/tinyusb/src/device/usbd_control.c.obj
                0x10006bb8                usbd_control_set_complete_callback
 .text.usbd_control_set_request
                0x10006bc4       0x1c CMakeFiles/comms.dir/C_/Pico/pico-sdk/lib/tinyusb/src/device/usbd_control.c.obj
                0x10006bc4                usbd_control_set_request
 .text.usbd_control_xfer_cb
                0x10006be0       0xfc CMakeFiles/comms.dir/C_/Pico/pico-sdk/lib/tinyusb/src/device/usbd_control.c.obj
                0x10006be0                usbd_control_xfer_cb
 .text._prep_out_transaction
                0x10006cdc       0x46 CMakeFiles/comms.dir/C_/Pico/pico-sdk/lib/tinyusb/src/class/cdc/cdc_device.c.obj
 *fill*         0x10006d22        0x2 
 .text.tud_cdc_n_connected
                0x10006d24       0x44 CMakeFiles/comms.dir/C_/Pico/pico-sdk/lib/tinyusb/src/class/cdc/cdc_device.c.obj
                0x10006d24                tud_cdc_n_connected
 .text.tud_cdc_n_available
                0x10006d68       0x18 CMakeFiles/comms.dir/C_/Pico/pico-sdk/lib/tinyusb/src/class/cdc/cdc_device.c.obj
                0x10006d68                tud_cdc_n_available
 .text.tud_cdc_n_read
                0x10006d80       0x28 CMakeFiles/comms.dir/C_/Pico/pico-sdk/lib/tinyusb/src/class/cdc/cdc_device.c.obj
                0x10006d80                tud_cdc_n_read
 .text.tud_cdc_n_write_flush
                0x10006da8       0xcc CMakeFiles/comms.dir/C_/Pico/pico-sdk/lib/tinyusb/src/class/cdc/cdc_device.c.obj
                0x10006da8                tud_cdc_n_write_flush
 .text.tud_cdc_n_write
                0x10006e74       0x38 CMakeFiles/comms.dir/C_/Pico/pico-sdk/lib/tinyusb/src/class/cdc/cdc_device.c.obj
                0x10006e74                tud_cdc_n_write
 .text.tud_cdc_n_write_available
                0x10006eac       0x1c CMakeFiles/comms.dir/C_/Pico/pico-sdk/lib/tinyusb/src/class/cdc/cdc_device.c.obj
                0x10006eac                tud_cdc_n_write_available
 .text.cdcd_init
                0x10006ec8       0xbc CMakeFiles/comms.dir/C_/Pico/pico-sdk/lib/tinyusb/src/class/cdc/cdc_device.c.obj
                0x10006ec8                cdcd_init
 .text.cdcd_reset
                0x10006f84       0x44 CMakeFiles/comms.dir/C_/Pico/pico-sdk/lib/tinyusb/src/class/cdc/cdc_device.c.obj
                0x10006f84                cdcd_reset
 .text.cdcd_open
                0x10006fc8       0xf8 CMakeFiles/comms.dir/C_/Pico/pico-sdk/lib/tinyusb/src/class/cdc/cdc_device.c.obj
                0x10006fc8                cdcd_open
 .text.cdcd_control_xfer_cb
                0x100070c0      0x134 CMakeFiles/comms.dir/C_/Pico/pico-sdk/lib/tinyusb/src/class/cdc/cdc_device.c.obj
                0x100070c0                cdcd_control_xfer_cb
 .text.cdcd_xfer_cb
                0x100071f4      0x144 CMakeFiles/comms.dir/C_/Pico/pico-sdk/lib/tinyusb/src/class/cdc/cdc_device.c.obj
                0x100071f4                cdcd_xfer_cb
 .text.tusb_init
                0x10007338       0x24 CMakeFiles/comms.dir/C_/Pico/pico-sdk/lib/tinyusb/src/tusb.c.obj
                0x10007338                tusb_init
 .text.tusb_inited
                0x1000735c        0xe CMakeFiles/comms.dir/C_/Pico/pico-sdk/lib/tinyusb/src/tusb.c.obj
                0x1000735c                tusb_inited
 *fill*         0x1000736a        0x2 
 .text.tu_edpt_validate
                0x1000736c       0xa8 CMakeFiles/comms.dir/C_/Pico/pico-sdk/lib/tinyusb/src/tusb.c.obj
                0x1000736c                tu_edpt_validate
 .text.tu_edpt_bind_driver
                0x10007414       0x2a CMakeFiles/comms.dir/C_/Pico/pico-sdk/lib/tinyusb/src/tusb.c.obj
                0x10007414                tu_edpt_bind_driver
 .text.advance_pointer
                0x1000743e       0x18 CMakeFiles/comms.dir/C_/Pico/pico-sdk/lib/tinyusb/src/common/tusb_fifo.c.obj
 .text.backward_pointer
                0x10007456       0x1e CMakeFiles/comms.dir/C_/Pico/pico-sdk/lib/tinyusb/src/common/tusb_fifo.c.obj
 .text.get_relative_pointer
                0x10007474       0x10 CMakeFiles/comms.dir/C_/Pico/pico-sdk/lib/tinyusb/src/common/tusb_fifo.c.obj
 .text._tu_fifo_peek
                0x10007484       0x50 CMakeFiles/comms.dir/C_/Pico/pico-sdk/lib/tinyusb/src/common/tusb_fifo.c.obj
 .text._ff_pull_const_addr
                0x100074d4       0x4c CMakeFiles/comms.dir/C_/Pico/pico-sdk/lib/tinyusb/src/common/tusb_fifo.c.obj
 .text._ff_pull_n
                0x10007520      0x10c CMakeFiles/comms.dir/C_/Pico/pico-sdk/lib/tinyusb/src/common/tusb_fifo.c.obj
 .text._tu_fifo_peek_n
                0x1000762c       0x5e CMakeFiles/comms.dir/C_/Pico/pico-sdk/lib/tinyusb/src/common/tusb_fifo.c.obj
 .text._tu_fifo_read_n
                0x1000768a       0x4e CMakeFiles/comms.dir/C_/Pico/pico-sdk/lib/tinyusb/src/common/tusb_fifo.c.obj
 .text._ff_push_const_addr
                0x100076d8       0x40 CMakeFiles/comms.dir/C_/Pico/pico-sdk/lib/tinyusb/src/common/tusb_fifo.c.obj
 .text._ff_push_n
                0x10007718      0x108 CMakeFiles/comms.dir/C_/Pico/pico-sdk/lib/tinyusb/src/common/tusb_fifo.c.obj
 .text._tu_fifo_write_n
                0x10007820       0x9e CMakeFiles/comms.dir/C_/Pico/pico-sdk/lib/tinyusb/src/common/tusb_fifo.c.obj
 .text.tu_fifo_config
                0x100078be       0x72 CMakeFiles/comms.dir/C_/Pico/pico-sdk/lib/tinyusb/src/common/tusb_fifo.c.obj
                0x100078be                tu_fifo_config
 .text.tu_fifo_count
                0x10007930       0x26 CMakeFiles/comms.dir/C_/Pico/pico-sdk/lib/tinyusb/src/common/tusb_fifo.c.obj
                0x10007930                tu_fifo_count
 .text.tu_fifo_empty
                0x10007956       0x10 CMakeFiles/comms.dir/C_/Pico/pico-sdk/lib/tinyusb/src/common/tusb_fifo.c.obj
                0x10007956                tu_fifo_empty
 .text.tu_fifo_remaining
                0x10007966       0x20 CMakeFiles/comms.dir/C_/Pico/pico-sdk/lib/tinyusb/src/common/tusb_fifo.c.obj
                0x10007966                tu_fifo_remaining
 .text.tu_fifo_read
                0x10007986       0x42 CMakeFiles/comms.dir/C_/Pico/pico-sdk/lib/tinyusb/src/common/tusb_fifo.c.obj
                0x10007986                tu_fifo_read
 .text.tu_fifo_read_n
                0x100079c8        0xa CMakeFiles/comms.dir/C_/Pico/pico-sdk/lib/tinyusb/src/common/tusb_fifo.c.obj
                0x100079c8                tu_fifo_read_n
 .text.tu_fifo_write
                0x100079d2       0x6c CMakeFiles/comms.dir/C_/Pico/pico-sdk/lib/tinyusb/src/common/tusb_fifo.c.obj
                0x100079d2                tu_fifo_write
 .text.tu_fifo_write_n
                0x10007a3e        0xa CMakeFiles/comms.dir/C_/Pico/pico-sdk/lib/tinyusb/src/common/tusb_fifo.c.obj
                0x10007a3e                tu_fifo_write_n
 .text.tu_fifo_clear
                0x10007a48       0x4c CMakeFiles/comms.dir/C_/Pico/pico-sdk/lib/tinyusb/src/common/tusb_fifo.c.obj
                0x10007a48                tu_fifo_clear
 .text.tu_fifo_set_overwritable
                0x10007a94       0x3c CMakeFiles/comms.dir/C_/Pico/pico-sdk/lib/tinyusb/src/common/tusb_fifo.c.obj
                0x10007a94                tu_fifo_set_overwritable
 .text._retrieve_unique_id_on_boot
                0x10007ad0       0x10 CMakeFiles/comms.dir/C_/Pico/pico-sdk/src/rp2_common/pico_unique_id/unique_id.c.obj
 .text.pico_get_unique_board_id_string
                0x10007ae0       0x60 CMakeFiles/comms.dir/C_/Pico/pico-sdk/src/rp2_common/pico_unique_id/unique_id.c.obj
                0x10007ae0                pico_get_unique_board_id_string
 .text.flash_get_unique_id
                0x10007b40       0x46 CMakeFiles/comms.dir/C_/Pico/pico-sdk/src/rp2_common/hardware_flash/flash.c.obj
                0x10007b40                flash_get_unique_id
 *fill*         0x10007b86        0x2 
 .text.strlen   0x10007b88       0x5c c:/progra~2/gnuarm~1/102020~1/bin/../lib/gcc/arm-none-eabi/10.2.1/../../../../arm-none-eabi/lib/thumb/v6-m/nofp\libg.a(lib_a-strlen-stub.o)
                0x10007b88                strlen
 *(.fini)
 .fini          0x10007be4        0x4 c:/progra~2/gnuarm~1/102020~1/bin/../lib/gcc/arm-none-eabi/10.2.1/thumb/v6-m/nofp/crti.o
                0x10007be4                _fini
 .fini.__stub   0x10007be8       0x70 linker stubs
 *crtbegin.o(.ctors)
 *crtbegin?.o(.ctors)
 *(EXCLUDE_FILE(*crtend.o *crtend?.o) .ctors)
 *(SORT_BY_NAME(.ctors.*))
 *(.ctors)
 *crtbegin.o(.dtors)
 *crtbegin?.o(.dtors)
 *(EXCLUDE_FILE(*crtend.o *crtend?.o) .dtors)
 *(SORT_BY_NAME(.dtors.*))
 *(.dtors)
 *(.eh_frame*)
 .eh_frame      0x10007c58        0x0 c:/progra~2/gnuarm~1/102020~1/bin/../lib/gcc/arm-none-eabi/10.2.1/thumb/v6-m/nofp/crtbegin.o
                0x10007c58                . = ALIGN (0x4)

.glue_7         0x10007c58        0x0
 .glue_7        0x10007c58        0x0 linker stubs

.glue_7t        0x10007c58        0x0
 .glue_7t       0x10007c58        0x0 linker stubs

.vfp11_veneer   0x10007c58        0x0
 .vfp11_veneer  0x10007c58        0x0 linker stubs

.v4_bx          0x10007c58        0x0
 .v4_bx         0x10007c58        0x0 linker stubs

.iplt           0x10007c58        0x0
 .iplt          0x10007c58        0x0 c:/progra~2/gnuarm~1/102020~1/bin/../lib/gcc/arm-none-eabi/10.2.1/thumb/v6-m/nofp/crtbegin.o

.rodata         0x10007c58     0x16ac
 *(EXCLUDE_FILE(*libm.a: *libc.a:*lib_a-mem*.o *libgcc.a:) .rodata*)
 .rodata.sendWheelSpeedL.str1.4
                0x10007c58        0x5 CMakeFiles/comms.dir/comms.c.obj
 *fill*         0x10007c5d        0x3 
 .rodata.sendBarcode.str1.4
                0x10007c60        0x5 CMakeFiles/comms.dir/comms.c.obj
 *fill*         0x10007c65        0x3 
 .rodata.sendDist.str1.4
                0x10007c68        0x5 CMakeFiles/comms.dir/comms.c.obj
 *fill*         0x10007c6d        0x3 
 .rodata.sendHeight.str1.4
                0x10007c70        0x5 CMakeFiles/comms.dir/comms.c.obj
 *fill*         0x10007c75        0x3 
 .rodata.sendCoord.str1.4
                0x10007c78       0x14 CMakeFiles/comms.dir/comms.c.obj
 .rodata.sendBarcodeCoord.str1.4
                0x10007c8c        0x8 CMakeFiles/comms.dir/comms.c.obj
 .rodata.sendHumpCoord.str1.4
                0x10007c94        0x8 CMakeFiles/comms.dir/comms.c.obj
 .rodata.sendWheelSpeedR.str1.4
                0x10007c9c        0x5 CMakeFiles/comms.dir/comms.c.obj
 *fill*         0x10007ca1        0x3 
 .rodata.main.str1.4
                0x10007ca4        0x5 CMakeFiles/comms.dir/comms.c.obj
 *fill*         0x10007ca9        0x3 
 .rodata.spin_lock_claim_unused.str1.4
                0x10007cac       0x1b CMakeFiles/comms.dir/C_/Pico/pico-sdk/src/rp2_common/hardware_sync/sync.c.obj
 *fill*         0x10007cc7        0x1 
 .rodata.make_branch.str1.4
                0x10007cc8       0x63 CMakeFiles/comms.dir/C_/Pico/pico-sdk/src/rp2_common/hardware_irq/irq.c.obj
 *fill*         0x10007d2b        0x1 
 .rodata.insert_branch_and_link.str1.4
                0x10007d2c       0x10 CMakeFiles/comms.dir/C_/Pico/pico-sdk/src/rp2_common/hardware_irq/irq.c.obj
 .rodata.irq_set_exclusive_handler.str1.4
                0x10007d3c       0x36 CMakeFiles/comms.dir/C_/Pico/pico-sdk/src/rp2_common/hardware_irq/irq.c.obj
 *fill*         0x10007d72        0x2 
 .rodata.irq_add_shared_handler.str1.4
                0x10007d74       0xd9 CMakeFiles/comms.dir/C_/Pico/pico-sdk/src/rp2_common/hardware_irq/irq.c.obj
 *fill*         0x10007e4d        0x3 
 .rodata.irq_remove_handler.str1.4
                0x10007e50       0x2a CMakeFiles/comms.dir/C_/Pico/pico-sdk/src/rp2_common/hardware_irq/irq.c.obj
 *fill*         0x10007e7a        0x2 
 .rodata.irq_add_tail_to_free_list.str1.4
                0x10007e7c       0x3a CMakeFiles/comms.dir/C_/Pico/pico-sdk/src/rp2_common/hardware_irq/irq.c.obj
 *fill*         0x10007eb6        0x2 
 .rodata.user_irq_claim_unused.str1.4
                0x10007eb8       0x1b CMakeFiles/comms.dir/C_/Pico/pico-sdk/src/rp2_common/hardware_irq/irq.c.obj
 *fill*         0x10007ed3        0x1 
 .rodata.__func__.0
                0x10007ed4       0x1a CMakeFiles/comms.dir/C_/Pico/pico-sdk/src/rp2_common/hardware_irq/irq.c.obj
 *fill*         0x10007eee        0x2 
 .rodata.__func__.1
                0x10007ef0       0x17 CMakeFiles/comms.dir/C_/Pico/pico-sdk/src/rp2_common/hardware_irq/irq.c.obj
 *fill*         0x10007f07        0x1 
 .rodata.__func__.2
                0x10007f08       0x13 CMakeFiles/comms.dir/C_/Pico/pico-sdk/src/rp2_common/hardware_irq/irq.c.obj
 *fill*         0x10007f1b        0x1 
 .rodata.__func__.3
                0x10007f1c        0xc CMakeFiles/comms.dir/C_/Pico/pico-sdk/src/rp2_common/hardware_irq/irq.c.obj
 .rodata.__func__.4
                0x10007f28        0xf CMakeFiles/comms.dir/C_/Pico/pico-sdk/src/rp2_common/hardware_irq/irq.c.obj
 *fill*         0x10007f37        0x1 
 .rodata.__func__.5
                0x10007f38       0x17 CMakeFiles/comms.dir/C_/Pico/pico-sdk/src/rp2_common/hardware_irq/irq.c.obj
 *fill*         0x10007f4f        0x1 
 .rodata.__func__.6
                0x10007f50       0x1a CMakeFiles/comms.dir/C_/Pico/pico-sdk/src/rp2_common/hardware_irq/irq.c.obj
 *fill*         0x10007f6a        0x2 
 .rodata.repeating_timer_callback.str1.4
                0x10007f6c       0x41 CMakeFiles/comms.dir/C_/Pico/pico-sdk/src/common/pico_time/time.c.obj
 *fill*         0x10007fad        0x3 
 .rodata.alarm_pool_dump_key.str1.4
                0x10007fb0       0x33 CMakeFiles/comms.dir/C_/Pico/pico-sdk/src/common/pico_time/time.c.obj
 *fill*         0x10007fe3        0x1 
 .rodata.ph_add_child_node.str1.4
                0x10007fe4       0x8a CMakeFiles/comms.dir/C_/Pico/pico-sdk/src/common/pico_time/time.c.obj
 *fill*         0x1000806e        0x2 
 .rodata.add_alarm_under_lock.str1.4
                0x10008070       0x28 CMakeFiles/comms.dir/C_/Pico/pico-sdk/src/common/pico_time/time.c.obj
                                 0x2b (size before relaxing)
 .rodata.alarm_pool_alarm_callback.str1.4
                0x10008098       0xda CMakeFiles/comms.dir/C_/Pico/pico-sdk/src/common/pico_time/time.c.obj
 *fill*         0x10008172        0x2 
 .rodata.alarm_pool_get_default.str1.4
                0x10008174       0x21 CMakeFiles/comms.dir/C_/Pico/pico-sdk/src/common/pico_time/time.c.obj
 *fill*         0x10008195        0x3 
 .rodata.alarm_pool_cancel_alarm.str1.4
                0x10008198       0x27 CMakeFiles/comms.dir/C_/Pico/pico-sdk/src/common/pico_time/time.c.obj
 *fill*         0x100081bf        0x1 
 .rodata.sleep_until.str1.4
                0x100081c0       0x4d CMakeFiles/comms.dir/C_/Pico/pico-sdk/src/common/pico_time/time.c.obj
 *fill*         0x1000820d        0x3 
 .rodata.__func__.1
                0x10008210       0x18 CMakeFiles/comms.dir/C_/Pico/pico-sdk/src/common/pico_time/time.c.obj
 .rodata.__func__.10
                0x10008228       0x15 CMakeFiles/comms.dir/C_/Pico/pico-sdk/src/common/pico_time/time.c.obj
 *fill*         0x1000823d        0x3 
 .rodata.__func__.11
                0x10008240       0x1a CMakeFiles/comms.dir/C_/Pico/pico-sdk/src/common/pico_time/time.c.obj
 *fill*         0x1000825a        0x2 
 .rodata.__func__.12
                0x1000825c        0xa CMakeFiles/comms.dir/C_/Pico/pico-sdk/src/common/pico_time/time.c.obj
 *fill*         0x10008266        0x2 
 .rodata.__func__.3
                0x10008268       0x17 CMakeFiles/comms.dir/C_/Pico/pico-sdk/src/common/pico_time/time.c.obj
 *fill*         0x1000827f        0x1 
 .rodata.__func__.4
                0x10008280       0x12 CMakeFiles/comms.dir/C_/Pico/pico-sdk/src/common/pico_time/time.c.obj
 *fill*         0x10008292        0x2 
 .rodata.__func__.5
                0x10008294        0xd CMakeFiles/comms.dir/C_/Pico/pico-sdk/src/common/pico_time/time.c.obj
 *fill*         0x100082a1        0x3 
 .rodata.__func__.6
                0x100082a4       0x12 CMakeFiles/comms.dir/C_/Pico/pico-sdk/src/common/pico_time/time.c.obj
 *fill*         0x100082b6        0x2 
 .rodata.__func__.7
                0x100082b8        0xf CMakeFiles/comms.dir/C_/Pico/pico-sdk/src/common/pico_time/time.c.obj
 *fill*         0x100082c7        0x1 
 .rodata.__func__.8
                0x100082c8        0xc CMakeFiles/comms.dir/C_/Pico/pico-sdk/src/common/pico_time/time.c.obj
 .rodata.__func__.9
                0x100082d4       0x15 CMakeFiles/comms.dir/C_/Pico/pico-sdk/src/common/pico_time/time.c.obj
 *fill*         0x100082e9        0x3 
 .rodata.hardware_alarm_claim.str1.4
                0x100082ec       0x22 CMakeFiles/comms.dir/C_/Pico/pico-sdk/src/rp2_common/hardware_timer/timer.c.obj
 *fill*         0x1000830e        0x2 
 .rodata.hardware_alarm_set_target.str1.4
                0x10008310       0x5b CMakeFiles/comms.dir/C_/Pico/pico-sdk/src/rp2_common/hardware_timer/timer.c.obj
 *fill*         0x1000836b        0x1 
 .rodata.__func__.0
                0x1000836c       0x1a CMakeFiles/comms.dir/C_/Pico/pico-sdk/src/rp2_common/hardware_timer/timer.c.obj
 .rodata.ph_add_child_node.str1.4
                0x10008386       0x8a CMakeFiles/comms.dir/C_/Pico/pico-sdk/src/common/pico_util/pheap.c.obj
 *fill*         0x10008386        0x2 
 .rodata.ph_remove_any_head.str1.4
                0x10008388       0x84 CMakeFiles/comms.dir/C_/Pico/pico-sdk/src/common/pico_util/pheap.c.obj
 .rodata.ph_remove_and_free_node.str1.4
                0x1000840c       0x1e CMakeFiles/comms.dir/C_/Pico/pico-sdk/src/common/pico_util/pheap.c.obj
                                 0x26 (size before relaxing)
 *fill*         0x1000842a        0x2 
 .rodata.__func__.0
                0x1000842c       0x18 CMakeFiles/comms.dir/C_/Pico/pico-sdk/src/common/pico_util/pheap.c.obj
 .rodata.__func__.1
                0x10008444       0x13 CMakeFiles/comms.dir/C_/Pico/pico-sdk/src/common/pico_util/pheap.c.obj
 *fill*         0x10008457        0x1 
 .rodata.__func__.2
                0x10008458       0x12 CMakeFiles/comms.dir/C_/Pico/pico-sdk/src/common/pico_util/pheap.c.obj
 *fill*         0x1000846a        0x2 
 .rodata.__func__.3
                0x1000846c        0xc CMakeFiles/comms.dir/C_/Pico/pico-sdk/src/common/pico_util/pheap.c.obj
 .rodata.str1.4
                0x10008478       0x81 CMakeFiles/comms.dir/C_/Pico/pico-sdk/src/common/pico_sync/mutex.c.obj
                                 0xd9 (size before relaxing)
 *fill*         0x100084f9        0x3 
 .rodata.__func__.1
                0x100084fc        0xb CMakeFiles/comms.dir/C_/Pico/pico-sdk/src/common/pico_sync/mutex.c.obj
 *fill*         0x10008507        0x1 
 .rodata.__func__.3
                0x10008508       0x18 CMakeFiles/comms.dir/C_/Pico/pico-sdk/src/common/pico_sync/mutex.c.obj
 .rodata.__func__.4
                0x10008520       0x15 CMakeFiles/comms.dir/C_/Pico/pico-sdk/src/common/pico_sync/mutex.c.obj
 *fill*         0x10008535        0x3 
 .rodata.__assert_func.str1.4
                0x10008538       0x3f CMakeFiles/comms.dir/C_/Pico/pico-sdk/src/rp2_common/pico_runtime/runtime.c.obj
                                 0x43 (size before relaxing)
 *fill*         0x10008577        0x1 
 .rodata.runtime_init.str1.4
                0x10008578       0x57 CMakeFiles/comms.dir/C_/Pico/pico-sdk/src/rp2_common/pico_runtime/runtime.c.obj
 *fill*         0x100085cf        0x1 
 .rodata.panic.str1.4
                0x100085d0       0x12 CMakeFiles/comms.dir/C_/Pico/pico-sdk/src/rp2_common/pico_runtime/runtime.c.obj
 *fill*         0x100085e2        0x2 
 .rodata.__func__.1
                0x100085e4        0xd CMakeFiles/comms.dir/C_/Pico/pico-sdk/src/rp2_common/pico_runtime/runtime.c.obj
 *fill*         0x100085f1        0x3 
 .rodata.clock_configure.str1.4
                0x100085f4       0x4d CMakeFiles/comms.dir/C_/Pico/pico-sdk/src/rp2_common/hardware_clocks/clocks.c.obj
 *fill*         0x10008641        0x3 
 .rodata.__func__.1
                0x10008644       0x10 CMakeFiles/comms.dir/C_/Pico/pico-sdk/src/rp2_common/hardware_clocks/clocks.c.obj
 .rodata.pll_init.str1.4
                0x10008654      0x12f CMakeFiles/comms.dir/C_/Pico/pico-sdk/src/rp2_common/hardware_pll/pll.c.obj
 *fill*         0x10008783        0x1 
 .rodata.__func__.0
                0x10008784        0x9 CMakeFiles/comms.dir/C_/Pico/pico-sdk/src/rp2_common/hardware_pll/pll.c.obj
 *fill*         0x1000878d        0x3 
 .rodata._ftoa.str1.4
                0x10008790       0x15 CMakeFiles/comms.dir/C_/Pico/pico-sdk/src/rp2_common/pico_printf/printf.c.obj
 *fill*         0x100087a5        0x3 
 .rodata._vsnprintf
                0x100087a8      0x1e0 CMakeFiles/comms.dir/C_/Pico/pico-sdk/src/rp2_common/pico_printf/printf.c.obj
 .rodata.pow10.0
                0x10008988       0x50 CMakeFiles/comms.dir/C_/Pico/pico-sdk/src/rp2_common/pico_printf/printf.c.obj
 .rodata.__aeabi_double_init.str1.4
                0x100089d8       0x9e CMakeFiles/comms.dir/C_/Pico/pico-sdk/src/rp2_common/pico_double/double_init_rom.c.obj
 *fill*         0x10008a76        0x2 
 .rodata.__func__.0
                0x10008a78       0x14 CMakeFiles/comms.dir/C_/Pico/pico-sdk/src/rp2_common/pico_double/double_init_rom.c.obj
 .rodata.__aeabi_float_init.str1.4
                0x10008a8c       0x70 CMakeFiles/comms.dir/C_/Pico/pico-sdk/src/rp2_common/pico_float/float_init_rom.c.obj
                                 0x74 (size before relaxing)
 .rodata.__func__.0
                0x10008afc       0x13 CMakeFiles/comms.dir/C_/Pico/pico-sdk/src/rp2_common/pico_float/float_init_rom.c.obj
 *fill*         0x10008b0f        0x1 
 .rodata.str1.4
                0x10008b10       0x3c CMakeFiles/comms.dir/C_/Pico/pico-sdk/src/rp2_common/pico_standard_link/binary_info.c.obj
 .rodata.__bi_44
                0x10008b4c        0xc CMakeFiles/comms.dir/C_/Pico/pico-sdk/src/rp2_common/pico_standard_link/binary_info.c.obj
 .rodata.__bi_75
                0x10008b58        0xc CMakeFiles/comms.dir/C_/Pico/pico-sdk/src/rp2_common/pico_standard_link/binary_info.c.obj
 .rodata.__bi_81
                0x10008b64        0xc CMakeFiles/comms.dir/C_/Pico/pico-sdk/src/rp2_common/pico_standard_link/binary_info.c.obj
 .rodata.crlf_str.3
                0x10008b70        0x2 CMakeFiles/comms.dir/C_/Pico/pico-sdk/src/rp2_common/pico_stdio/stdio.c.obj
 *fill*         0x10008b72        0x2 
 .rodata.str1.4
                0x10008b74       0x2c CMakeFiles/comms.dir/C_/Pico/pico-sdk/src/rp2_common/pico_stdio_uart/stdio_uart.c.obj
 .rodata.__bi_28.4
                0x10008ba0        0xc CMakeFiles/comms.dir/C_/Pico/pico-sdk/src/rp2_common/pico_stdio_uart/stdio_uart.c.obj
 .rodata.__bi_29.5
                0x10008bac        0x8 CMakeFiles/comms.dir/C_/Pico/pico-sdk/src/rp2_common/pico_stdio_uart/stdio_uart.c.obj
 .rodata._resetd_driver
                0x10008bb4       0x18 CMakeFiles/comms.dir/C_/Pico/pico-sdk/src/rp2_common/pico_stdio_usb/reset_interface.c.obj
 .rodata.timer_task.str1.4
                0x10008bcc       0x63 CMakeFiles/comms.dir/C_/Pico/pico-sdk/src/rp2_common/pico_stdio_usb/stdio_usb.c.obj
 .rodata.stdio_usb_init.str1.4
                0x10008c2f       0x57 CMakeFiles/comms.dir/C_/Pico/pico-sdk/src/rp2_common/pico_stdio_usb/stdio_usb.c.obj
 *fill*         0x10008c2f        0x1 
 .rodata.str1.4
                0x10008c30       0x13 CMakeFiles/comms.dir/C_/Pico/pico-sdk/src/rp2_common/pico_stdio_usb/stdio_usb.c.obj
 *fill*         0x10008c43        0x1 
 .rodata.__bi_118.2
                0x10008c44        0xc CMakeFiles/comms.dir/C_/Pico/pico-sdk/src/rp2_common/pico_stdio_usb/stdio_usb.c.obj
 .rodata.__func__.0
                0x10008c50       0x15 CMakeFiles/comms.dir/C_/Pico/pico-sdk/src/rp2_common/pico_stdio_usb/stdio_usb.c.obj
 *fill*         0x10008c65        0x3 
 .rodata.__func__.1
                0x10008c68        0xb CMakeFiles/comms.dir/C_/Pico/pico-sdk/src/rp2_common/pico_stdio_usb/stdio_usb.c.obj
 *fill*         0x10008c73        0x1 
 .rodata.str1.4
                0x10008c74       0x2a CMakeFiles/comms.dir/C_/Pico/pico-sdk/src/rp2_common/pico_stdio_usb/stdio_usb_descriptors.c.obj
 *fill*         0x10008c9e        0x2 
 .rodata.usbd_desc_cfg
                0x10008ca0       0x54 CMakeFiles/comms.dir/C_/Pico/pico-sdk/src/rp2_common/pico_stdio_usb/stdio_usb_descriptors.c.obj
 .rodata.usbd_desc_device
                0x10008cf4       0x12 CMakeFiles/comms.dir/C_/Pico/pico-sdk/src/rp2_common/pico_stdio_usb/stdio_usb_descriptors.c.obj
 *fill*         0x10008d06        0x2 
 .rodata.usbd_desc_str
                0x10008d08       0x18 CMakeFiles/comms.dir/C_/Pico/pico-sdk/src/rp2_common/pico_stdio_usb/stdio_usb_descriptors.c.obj
 .rodata._hw_endpoint_alloc.str1.4
                0x10008d20       0xad CMakeFiles/comms.dir/C_/Pico/pico-sdk/lib/tinyusb/src/portable/raspberrypi/rp2040/dcd_rp2040.c.obj
 *fill*         0x10008dcd        0x3 
 .rodata.dcd_rp2040_irq.str1.4
                0x10008dd0       0x14 CMakeFiles/comms.dir/C_/Pico/pico-sdk/lib/tinyusb/src/portable/raspberrypi/rp2040/dcd_rp2040.c.obj
 .rodata.dcd_int_enable.str1.4
                0x10008de4        0xc CMakeFiles/comms.dir/C_/Pico/pico-sdk/lib/tinyusb/src/portable/raspberrypi/rp2040/dcd_rp2040.c.obj
 .rodata.__func__.0
                0x10008df0        0xe CMakeFiles/comms.dir/C_/Pico/pico-sdk/lib/tinyusb/src/portable/raspberrypi/rp2040/dcd_rp2040.c.obj
 *fill*         0x10008dfe        0x2 
 .rodata.__func__.1
                0x10008e00        0xe CMakeFiles/comms.dir/C_/Pico/pico-sdk/lib/tinyusb/src/portable/raspberrypi/rp2040/dcd_rp2040.c.obj
 *fill*         0x10008e0e        0x2 
 .rodata.__func__.3
                0x10008e10       0x10 CMakeFiles/comms.dir/C_/Pico/pico-sdk/lib/tinyusb/src/portable/raspberrypi/rp2040/dcd_rp2040.c.obj
 .rodata.__func__.5
                0x10008e20        0xf CMakeFiles/comms.dir/C_/Pico/pico-sdk/lib/tinyusb/src/portable/raspberrypi/rp2040/dcd_rp2040.c.obj
 *fill*         0x10008e2f        0x1 
 .rodata.__func__.6
                0x10008e30       0x13 CMakeFiles/comms.dir/C_/Pico/pico-sdk/lib/tinyusb/src/portable/raspberrypi/rp2040/dcd_rp2040.c.obj
 *fill*         0x10008e43        0x1 
 .rodata.__func__.7
                0x10008e44        0x9 CMakeFiles/comms.dir/C_/Pico/pico-sdk/lib/tinyusb/src/portable/raspberrypi/rp2040/dcd_rp2040.c.obj
 *fill*         0x10008e4d        0x3 
 .rodata.sync_ep_buffer.str1.4
                0x10008e50       0x89 CMakeFiles/comms.dir/C_/Pico/pico-sdk/lib/tinyusb/src/portable/raspberrypi/rp2040/rp2040_usb.c.obj
 *fill*         0x10008ed9        0x3 
 .rodata._hw_endpoint_buffer_control_update32.str1.4
                0x10008edc       0x1f CMakeFiles/comms.dir/C_/Pico/pico-sdk/lib/tinyusb/src/portable/raspberrypi/rp2040/rp2040_usb.c.obj
 *fill*         0x10008efb        0x1 
 .rodata.hw_endpoint_xfer_start.str1.4
                0x10008efc       0x38 CMakeFiles/comms.dir/C_/Pico/pico-sdk/lib/tinyusb/src/portable/raspberrypi/rp2040/rp2040_usb.c.obj
 .rodata.hw_endpoint_xfer_continue.str1.4
                0x10008f34       0x29 CMakeFiles/comms.dir/C_/Pico/pico-sdk/lib/tinyusb/src/portable/raspberrypi/rp2040/rp2040_usb.c.obj
 .rodata.str1.4
                0x10008f5d       0x29 CMakeFiles/comms.dir/C_/Pico/pico-sdk/lib/tinyusb/src/portable/raspberrypi/rp2040/rp2040_usb.c.obj
                                  0x7 (size before relaxing)
 *fill*         0x10008f5d        0x3 
 .rodata.__func__.0
                0x10008f60        0xf CMakeFiles/comms.dir/C_/Pico/pico-sdk/lib/tinyusb/src/portable/raspberrypi/rp2040/rp2040_usb.c.obj
 *fill*         0x10008f6f        0x1 
 .rodata.process_set_config.str1.4
                0x10008f70       0x17 CMakeFiles/comms.dir/C_/Pico/pico-sdk/lib/tinyusb/src/device/usbd.c.obj
 *fill*         0x10008f87        0x1 
 .rodata.process_get_descriptor
                0x10008f88       0x40 CMakeFiles/comms.dir/C_/Pico/pico-sdk/lib/tinyusb/src/device/usbd.c.obj
 .rodata.process_control_request
                0x10008fc8       0x28 CMakeFiles/comms.dir/C_/Pico/pico-sdk/lib/tinyusb/src/device/usbd.c.obj
 .rodata.tud_task
                0x10008ff0       0x24 CMakeFiles/comms.dir/C_/Pico/pico-sdk/lib/tinyusb/src/device/usbd.c.obj
 .rodata.__func__.2
                0x10009014        0xf CMakeFiles/comms.dir/C_/Pico/pico-sdk/lib/tinyusb/src/device/usbd.c.obj
 *fill*         0x10009023        0x1 
 .rodata.__func__.3
                0x10009024        0xf CMakeFiles/comms.dir/C_/Pico/pico-sdk/lib/tinyusb/src/device/usbd.c.obj
 *fill*         0x10009033        0x1 
 .rodata.__func__.4
                0x10009034       0x14 CMakeFiles/comms.dir/C_/Pico/pico-sdk/lib/tinyusb/src/device/usbd.c.obj
 .rodata.__func__.5
                0x10009048       0x10 CMakeFiles/comms.dir/C_/Pico/pico-sdk/lib/tinyusb/src/device/usbd.c.obj
 .rodata.__func__.6
                0x10009058       0x17 CMakeFiles/comms.dir/C_/Pico/pico-sdk/lib/tinyusb/src/device/usbd.c.obj
 *fill*         0x1000906f        0x1 
 .rodata.__func__.7
                0x10009070       0x13 CMakeFiles/comms.dir/C_/Pico/pico-sdk/lib/tinyusb/src/device/usbd.c.obj
 *fill*         0x10009083        0x1 
 .rodata.__func__.8
                0x10009084       0x18 CMakeFiles/comms.dir/C_/Pico/pico-sdk/lib/tinyusb/src/device/usbd.c.obj
 .rodata.__func__.9
                0x1000909c        0x9 CMakeFiles/comms.dir/C_/Pico/pico-sdk/lib/tinyusb/src/device/usbd.c.obj
 *fill*         0x100090a5        0x3 
 .rodata._usbd_driver
                0x100090a8       0x18 CMakeFiles/comms.dir/C_/Pico/pico-sdk/lib/tinyusb/src/device/usbd.c.obj
 .rodata.tud_control_xfer.str1.4
                0x100090c0       0x17 CMakeFiles/comms.dir/C_/Pico/pico-sdk/lib/tinyusb/src/device/usbd_control.c.obj
 .rodata.__func__.0
                0x100090c0       0x15 CMakeFiles/comms.dir/C_/Pico/pico-sdk/lib/tinyusb/src/device/usbd_control.c.obj
 *fill*         0x100090d5        0x3 
 .rodata.__func__.1
                0x100090d8       0x11 CMakeFiles/comms.dir/C_/Pico/pico-sdk/lib/tinyusb/src/device/usbd_control.c.obj
 .rodata.tud_cdc_n_write_flush.str1.4
                0x100090e9       0x17 CMakeFiles/comms.dir/C_/Pico/pico-sdk/lib/tinyusb/src/class/cdc/cdc_device.c.obj
 *fill*         0x100090e9        0x3 
 .rodata.__func__.0
                0x100090ec        0xd CMakeFiles/comms.dir/C_/Pico/pico-sdk/lib/tinyusb/src/class/cdc/cdc_device.c.obj
 *fill*         0x100090f9        0x3 
 .rodata.__func__.1
                0x100090fc        0xa CMakeFiles/comms.dir/C_/Pico/pico-sdk/lib/tinyusb/src/class/cdc/cdc_device.c.obj
 *fill*         0x10009106        0x2 
 .rodata.__func__.2
                0x10009108       0x16 CMakeFiles/comms.dir/C_/Pico/pico-sdk/lib/tinyusb/src/class/cdc/cdc_device.c.obj
 .rodata.tusb_init.str1.4
                0x1000911e       0x17 CMakeFiles/comms.dir/C_/Pico/pico-sdk/lib/tinyusb/src/tusb.c.obj
 *fill*         0x1000911e        0x2 
 .rodata.__func__.0
                0x10009120       0x11 CMakeFiles/comms.dir/C_/Pico/pico-sdk/lib/tinyusb/src/tusb.c.obj
 *fill*         0x10009131        0x3 
 .rodata.__func__.1
                0x10009134        0xa CMakeFiles/comms.dir/C_/Pico/pico-sdk/lib/tinyusb/src/tusb.c.obj
 *fill*         0x1000913e        0x2 
 .rodata.pico_get_unique_board_id_string.str1.4
                0x10009140       0x43 CMakeFiles/comms.dir/C_/Pico/pico-sdk/src/rp2_common/pico_unique_id/unique_id.c.obj
 *fill*         0x10009183        0x1 
 .rodata.__func__.0
                0x10009184       0x20 CMakeFiles/comms.dir/C_/Pico/pico-sdk/src/rp2_common/pico_unique_id/unique_id.c.obj
 .rodata.str1.4
                0x100091a4      0x14e CMakeFiles/comms.dir/C_/Pico/pico-sdk/src/rp2_common/hardware_flash/flash.c.obj
 *fill*         0x100092f2        0x2 
 .rodata.__func__.0
                0x100092f4        0xd CMakeFiles/comms.dir/C_/Pico/pico-sdk/src/rp2_common/hardware_flash/flash.c.obj
                0x10009304                . = ALIGN (0x4)
 *fill*         0x10009301        0x3 
 *(SORT_BY_ALIGNMENT(SORT_BY_NAME(.flashdata*)))
                0x10009304                . = ALIGN (0x4)

.rel.dyn        0x10009304        0x0
 .rel.iplt      0x10009304        0x0 c:/progra~2/gnuarm~1/102020~1/bin/../lib/gcc/arm-none-eabi/10.2.1/thumb/v6-m/nofp/crtbegin.o

.ARM.extab
 *(.ARM.extab* .gnu.linkonce.armextab.*)
                0x10009304                __exidx_start = .

.ARM.exidx
 *(.ARM.exidx* .gnu.linkonce.armexidx.*)
                0x10009304                __exidx_end = .
                0x10009304                . = ALIGN (0x4)
                0x10009304                __binary_info_start = .

.binary_info    0x10009304       0x28
 *(.binary_info.keep.*)
 .binary_info.keep.__bi_ptr22
                0x10009304        0x4 CMakeFiles/comms.dir/C_/Pico/pico-sdk/src/rp2_common/pico_standard_link/binary_info.c.obj
 .binary_info.keep.__bi_ptr30
                0x10009308        0x4 CMakeFiles/comms.dir/C_/Pico/pico-sdk/src/rp2_common/pico_standard_link/binary_info.c.obj
 .binary_info.keep.__bi_ptr38
                0x1000930c        0x4 CMakeFiles/comms.dir/C_/Pico/pico-sdk/src/rp2_common/pico_standard_link/binary_info.c.obj
 .binary_info.keep.__bi_ptr44
                0x10009310        0x4 CMakeFiles/comms.dir/C_/Pico/pico-sdk/src/rp2_common/pico_standard_link/binary_info.c.obj
 .binary_info.keep.__bi_ptr50
                0x10009314        0x4 CMakeFiles/comms.dir/C_/Pico/pico-sdk/src/rp2_common/pico_standard_link/binary_info.c.obj
 .binary_info.keep.__bi_ptr75
                0x10009318        0x4 CMakeFiles/comms.dir/C_/Pico/pico-sdk/src/rp2_common/pico_standard_link/binary_info.c.obj
 .binary_info.keep.__bi_ptr81
                0x1000931c        0x4 CMakeFiles/comms.dir/C_/Pico/pico-sdk/src/rp2_common/pico_standard_link/binary_info.c.obj
 *(.binary_info.*)
 .binary_info.__bi_ptr28
                0x10009320        0x4 CMakeFiles/comms.dir/C_/Pico/pico-sdk/src/rp2_common/pico_stdio_uart/stdio_uart.c.obj
 .binary_info.__bi_ptr29
                0x10009324        0x4 CMakeFiles/comms.dir/C_/Pico/pico-sdk/src/rp2_common/pico_stdio_uart/stdio_uart.c.obj
 .binary_info.__bi_ptr118
                0x10009328        0x4 CMakeFiles/comms.dir/C_/Pico/pico-sdk/src/rp2_common/pico_stdio_usb/stdio_usb.c.obj
                0x1000932c                __binary_info_end = .
                0x1000932c                . = ALIGN (0x4)
                0x1000932c                __etext = .

.ram_vector_table
                0x20000000       0xc0
 *(.ram_vector_table)
 .ram_vector_table
                0x20000000       0xc0 CMakeFiles/comms.dir/C_/Pico/pico-sdk/src/rp2_common/pico_runtime/runtime.c.obj
                0x20000000                ram_vector_table

.data           0x200000c0      0x474 load address 0x1000932c
                0x200000c0                __data_start__ = .
 *(vtable)
 *(.time_critical*)
 .time_critical.mutex_enter_blocking
                0x200000c0       0x48 CMakeFiles/comms.dir/C_/Pico/pico-sdk/src/common/pico_sync/mutex.c.obj
                0x200000c0                mutex_enter_blocking
 .time_critical.mutex_try_enter
                0x20000108       0x46 CMakeFiles/comms.dir/C_/Pico/pico-sdk/src/common/pico_sync/mutex.c.obj
                0x20000108                mutex_try_enter
 *fill*         0x2000014e        0x2 
 .time_critical.mutex_enter_block_until
                0x20000150       0x8c CMakeFiles/comms.dir/C_/Pico/pico-sdk/src/common/pico_sync/mutex.c.obj
                0x20000150                mutex_enter_block_until
 .time_critical.mutex_enter_timeout_ms
                0x200001dc       0x74 CMakeFiles/comms.dir/C_/Pico/pico-sdk/src/common/pico_sync/mutex.c.obj
                0x200001dc                mutex_enter_timeout_ms
 .time_critical.mutex_exit
                0x20000250       0x4c CMakeFiles/comms.dir/C_/Pico/pico-sdk/src/common/pico_sync/mutex.c.obj
                0x20000250                mutex_exit
 .time_critical.flash_init_boot2_copyout
                0x2000029c       0x30 CMakeFiles/comms.dir/C_/Pico/pico-sdk/src/rp2_common/hardware_flash/flash.c.obj
 .time_critical.flash_enable_xip_via_boot2
                0x200002cc       0x10 CMakeFiles/comms.dir/C_/Pico/pico-sdk/src/rp2_common/hardware_flash/flash.c.obj
 .time_critical.flash_cs_force
                0x200002dc       0x28 CMakeFiles/comms.dir/C_/Pico/pico-sdk/src/rp2_common/hardware_flash/flash.c.obj
 .time_critical.flash_do_cmd
                0x20000304       0xd8 CMakeFiles/comms.dir/C_/Pico/pico-sdk/src/rp2_common/hardware_flash/flash.c.obj
                0x20000304                flash_do_cmd
 *(.text*)
 .text          0x200003dc        0x4 c:/progra~2/gnuarm~1/102020~1/bin/../lib/gcc/arm-none-eabi/10.2.1/thumb/v6-m/nofp\libgcc.a(_dvmd_tls.o)
                0x200003dc                __aeabi_idiv0
                0x200003dc                __aeabi_ldiv0
 .text.__stub   0x200003e0       0x40 linker stubs
                0x20000420                . = ALIGN (0x4)
 *(.rodata*)
                0x20000420                . = ALIGN (0x4)
 *(.data*)
 .data.striped_spin_lock_num
                0x20000420        0x1 CMakeFiles/comms.dir/C_/Pico/pico-sdk/src/rp2_common/hardware_sync/sync.c.obj
 *fill*         0x20000421        0x3 
 .data          0x20000424       0x48 CMakeFiles/comms.dir/C_/Pico/pico-sdk/src/rp2_common/hardware_irq/irq_handler_chain.S.obj
                0x20000424                irq_handler_chain_slots
                0x20000454                irq_handler_chain_first_slot
                0x2000045e                irq_handler_chain_remove_tail
 .data.default_alarm_pool
                0x2000046c       0x18 CMakeFiles/comms.dir/C_/Pico/pico-sdk/src/common/pico_time/time.c.obj
 .data.default_alarm_pool_heap
                0x20000484       0x10 CMakeFiles/comms.dir/C_/Pico/pico-sdk/src/common/pico_time/time.c.obj
 *fill*         0x20000494        0xc 
 .data.aeabi_bits_funcs
                0x200004a0       0x10 CMakeFiles/comms.dir/C_/Pico/pico-sdk/src/rp2_common/pico_bit_ops/bit_ops_aeabi.S.obj
                0x200004a0                aeabi_bits_funcs
                0x200004b0                aeabi_bits_funcs_end
 .data.aeabi_mem_funcs
                0x200004b0       0x10 CMakeFiles/comms.dir/C_/Pico/pico-sdk/src/rp2_common/pico_mem_ops/mem_ops_aeabi.S.obj
                0x200004b0                aeabi_mem_funcs
                0x200004c0                aeabi_mem_funcs_end
 .data.stdio_uart
                0x200004c0       0x14 CMakeFiles/comms.dir/C_/Pico/pico-sdk/src/rp2_common/pico_stdio_uart/stdio_uart.c.obj
                0x200004c0                stdio_uart
 .data.stdio_usb
                0x200004d4       0x14 CMakeFiles/comms.dir/C_/Pico/pico-sdk/src/rp2_common/pico_stdio_usb/stdio_usb.c.obj
                0x200004d4                stdio_usb
 .data.ep_dir_string
                0x200004e8        0x8 CMakeFiles/comms.dir/C_/Pico/pico-sdk/lib/tinyusb/src/portable/raspberrypi/rp2040/rp2040_usb.c.obj
                0x200004e8                ep_dir_string
 .data._usbd_qdef
                0x200004f0       0x24 CMakeFiles/comms.dir/C_/Pico/pico-sdk/lib/tinyusb/src/device/usbd.c.obj
                0x200004f0                _usbd_qdef
                0x20000514                . = ALIGN (0x4)
 *(.after_data.*)
                0x20000514                . = ALIGN (0x4)
                0x20000514                PROVIDE (__mutex_array_start = .)
 *(SORT_BY_NAME(.mutex_array.*))
 *(.mutex_array)
 .mutex_array   0x20000514        0x8 CMakeFiles/comms.dir/C_/Pico/pico-sdk/src/rp2_common/pico_stdio/stdio.c.obj
                0x2000051c                PROVIDE (__mutex_array_end = .)
                0x2000051c                . = ALIGN (0x4)
                0x2000051c                PROVIDE (__preinit_array_start = .)
 *(SORT_BY_NAME(.preinit_array.*))
 .preinit_array.00001
                0x2000051c        0x4 CMakeFiles/comms.dir/C_/Pico/pico-sdk/src/rp2_common/pico_mem_ops/mem_ops_aeabi.S.obj
 .preinit_array.00010
                0x20000520        0x4 CMakeFiles/comms.dir/C_/Pico/pico-sdk/src/rp2_common/pico_bit_ops/bit_ops_aeabi.S.obj
 .preinit_array.00020
                0x20000524        0x4 CMakeFiles/comms.dir/C_/Pico/pico-sdk/src/rp2_common/pico_double/double_aeabi.S.obj
 .preinit_array.00020
                0x20000528        0x4 CMakeFiles/comms.dir/C_/Pico/pico-sdk/src/rp2_common/pico_float/float_aeabi.S.obj
 *(.preinit_array)
                0x2000052c                PROVIDE (__preinit_array_end = .)
                0x2000052c                . = ALIGN (0x4)
                0x2000052c                PROVIDE (__init_array_start = .)
 *(SORT_BY_NAME(.init_array.*))
 *(.init_array)
 .init_array    0x2000052c        0x4 c:/progra~2/gnuarm~1/102020~1/bin/../lib/gcc/arm-none-eabi/10.2.1/thumb/v6-m/nofp/crtbegin.o
 .init_array    0x20000530        0x4 CMakeFiles/comms.dir/C_/Pico/pico-sdk/src/rp2_common/pico_unique_id/unique_id.c.obj
                0x20000534                PROVIDE (__init_array_end = .)
                0x20000534                . = ALIGN (0x4)
                [!provide]                PROVIDE (__fini_array_start = .)
 *(SORT_BY_NAME(.fini_array.*))
 *(.fini_array)
                [!provide]                PROVIDE (__fini_array_end = .)
 *(.jcr)
                0x20000534                . = ALIGN (0x4)
                0x20000534                __data_end__ = .

.igot.plt       0x20000534        0x0 load address 0x100097a0
 .igot.plt      0x20000534        0x0 c:/progra~2/gnuarm~1/102020~1/bin/../lib/gcc/arm-none-eabi/10.2.1/thumb/v6-m/nofp/crtbegin.o

.uninitialized_data
                0x20000534        0x0 load address 0x100097a0
                0x20000534                . = ALIGN (0x4)
 *(.uninitialized_data*)

.scratch_x      0x20040000        0x0 load address 0x100097a0
                0x20040000                __scratch_x_start__ = .
 *(.scratch_x.*)
                0x20040000                . = ALIGN (0x4)
                0x20040000                __scratch_x_end__ = .
                0x100097a0                __scratch_x_source__ = LOADADDR (.scratch_x)

.scratch_y      0x20041000        0x0 load address 0x100097a0
                0x20041000                __scratch_y_start__ = .
 *(.scratch_y.*)
                0x20041000                . = ALIGN (0x4)
                0x20041000                __scratch_y_end__ = .
                0x100097a0                __scratch_y_source__ = LOADADDR (.scratch_y)

.bss            0x20000538      0xddc
                0x20000538                . = ALIGN (0x4)
                0x20000538                __bss_start__ = .
 *(SORT_BY_ALIGNMENT(SORT_BY_NAME(.bss*)))
 .bss.default_alarm_pool_entries
                0x20000538      0x100 CMakeFiles/comms.dir/C_/Pico/pico-sdk/src/common/pico_time/time.c.obj
 .bss.last_avail_time.3
                0x20000638        0x8 CMakeFiles/comms.dir/C_/Pico/pico-sdk/src/rp2_common/pico_stdio_usb/stdio_usb.c.obj
 .bss           0x20000640       0x1c c:/progra~2/gnuarm~1/102020~1/bin/../lib/gcc/arm-none-eabi/10.2.1/thumb/v6-m/nofp/crtbegin.o
 .bss._app_driver
                0x2000065c        0x4 CMakeFiles/comms.dir/C_/Pico/pico-sdk/lib/tinyusb/src/device/usbd.c.obj
 .bss._cdcd_itf
                0x20000660      0x2d8 CMakeFiles/comms.dir/C_/Pico/pico-sdk/lib/tinyusb/src/class/cdc/cdc_device.c.obj
 .bss._ctrl_xfer
                0x20000938       0x14 CMakeFiles/comms.dir/C_/Pico/pico-sdk/lib/tinyusb/src/device/usbd_control.c.obj
 .bss._ubsd_mutexdef
                0x2000094c        0x8 CMakeFiles/comms.dir/C_/Pico/pico-sdk/lib/tinyusb/src/device/usbd.c.obj
 .bss._usbd_ctrl_buf
                0x20000954       0x40 CMakeFiles/comms.dir/C_/Pico/pico-sdk/lib/tinyusb/src/device/usbd_control.c.obj
 .bss._usbd_dev
                0x20000994       0x53 CMakeFiles/comms.dir/C_/Pico/pico-sdk/lib/tinyusb/src/device/usbd.c.obj
 *fill*         0x200009e7        0x1 
 .bss._usbd_mutex
                0x200009e8        0x4 CMakeFiles/comms.dir/C_/Pico/pico-sdk/lib/tinyusb/src/device/usbd.c.obj
 .bss._usbd_q   0x200009ec        0x4 CMakeFiles/comms.dir/C_/Pico/pico-sdk/lib/tinyusb/src/device/usbd.c.obj
 .bss._usbd_qdef_buf
                0x200009f0       0xc0 CMakeFiles/comms.dir/C_/Pico/pico-sdk/lib/tinyusb/src/device/usbd.c.obj
                0x200009f0                _usbd_qdef_buf
 .bss.alarm_callbacks
                0x20000ab0       0x10 CMakeFiles/comms.dir/C_/Pico/pico-sdk/src/rp2_common/hardware_timer/timer.c.obj
 .bss.boot2_copyout
                0x20000ac0      0x100 CMakeFiles/comms.dir/C_/Pico/pico-sdk/src/rp2_common/hardware_flash/flash.c.obj
 .bss.claimed   0x20000bc0        0x4 CMakeFiles/comms.dir/C_/Pico/pico-sdk/src/rp2_common/hardware_sync/sync.c.obj
 .bss.configured_freq
                0x20000bc4       0x28 CMakeFiles/comms.dir/C_/Pico/pico-sdk/src/rp2_common/hardware_clocks/clocks.c.obj
 .bss.default_alarm_pool_entry_ids_high
                0x20000bec       0x10 CMakeFiles/comms.dir/C_/Pico/pico-sdk/src/common/pico_time/time.c.obj
 .bss.default_alarm_pool_heap_nodes
                0x20000bfc       0x30 CMakeFiles/comms.dir/C_/Pico/pico-sdk/src/common/pico_time/time.c.obj
 .bss.desc_str.0
                0x20000c2c       0x28 CMakeFiles/comms.dir/C_/Pico/pico-sdk/src/rp2_common/pico_stdio_usb/stdio_usb_descriptors.c.obj
 .bss.drivers   0x20000c54        0x4 CMakeFiles/comms.dir/C_/Pico/pico-sdk/src/rp2_common/pico_stdio/stdio.c.obj
 .bss.filter    0x20000c58        0x4 CMakeFiles/comms.dir/C_/Pico/pico-sdk/src/rp2_common/pico_stdio/stdio.c.obj
 .bss.hw_endpoints
                0x20000c5c      0x400 CMakeFiles/comms.dir/C_/Pico/pico-sdk/lib/tinyusb/src/portable/raspberrypi/rp2040/dcd_rp2040.c.obj
 .bss.load_value
                0x2000105c        0x4 CMakeFiles/comms.dir/C_/Pico/pico-sdk/src/rp2_common/hardware_watchdog/watchdog.c.obj
 .bss.next_buffer_ptr
                0x20001060        0x4 CMakeFiles/comms.dir/C_/Pico/pico-sdk/lib/tinyusb/src/portable/raspberrypi/rp2040/dcd_rp2040.c.obj
 .bss.pools     0x20001064       0x10 CMakeFiles/comms.dir/C_/Pico/pico-sdk/src/common/pico_time/time.c.obj
 .bss.retrieved_id
                0x20001074        0x8 CMakeFiles/comms.dir/C_/Pico/pico-sdk/src/rp2_common/pico_unique_id/unique_id.c.obj
 .bss.sd_table  0x2000107c      0x100 CMakeFiles/comms.dir/C_/Pico/pico-sdk/src/rp2_common/pico_double/double_init_rom.c.obj
                0x2000107c                sd_table
 .bss.sf_clz_func
                0x2000117c        0x4 CMakeFiles/comms.dir/C_/Pico/pico-sdk/src/rp2_common/pico_double/double_init_rom.c.obj
                0x2000117c                sf_clz_func
 .bss.sf_table  0x20001180      0x100 CMakeFiles/comms.dir/C_/Pico/pico-sdk/src/rp2_common/pico_float/float_init_rom.c.obj
                0x20001180                sf_table
 .bss.sleep_notifier
                0x20001280        0x4 CMakeFiles/comms.dir/C_/Pico/pico-sdk/src/common/pico_time/time.c.obj
 .bss.stdio_usb_mutex
                0x20001284        0x8 CMakeFiles/comms.dir/C_/Pico/pico-sdk/src/rp2_common/pico_stdio_usb/stdio_usb.c.obj
 .bss.target_hi