Archive member included to satisfy reference by file (symbol)

c:/progra~2/gnuarm~1/102020~1/bin/../lib/gcc/arm-none-eabi/10.2.1/thumb/v6-m/nofp\libgcc.a(_dvmd_tls.o)
                              CMakeFiles/comms.dir/C_/Pico/pico-sdk/src/rp2_common/pico_divider/divider.S.obj (__aeabi_idiv0)
c:/progra~2/gnuarm~1/102020~1/bin/../lib/gcc/arm-none-eabi/10.2.1/../../../../arm-none-eabi/lib/thumb/v6-m/nofp\libg.a(lib_a-calloc.o)
                              CMakeFiles/comms.dir/C_/Pico/pico-sdk/src/rp2_common/pico_malloc/pico_malloc.c.obj (calloc)
c:/progra~2/gnuarm~1/102020~1/bin/../lib/gcc/arm-none-eabi/10.2.1/../../../../arm-none-eabi/lib/thumb/v6-m/nofp\libg.a(lib_a-callocr.o)
                              c:/progra~2/gnuarm~1/102020~1/bin/../lib/gcc/arm-none-eabi/10.2.1/../../../../arm-none-eabi/lib/thumb/v6-m/nofp\libg.a(lib_a-calloc.o) (_calloc_r)
c:/progra~2/gnuarm~1/102020~1/bin/../lib/gcc/arm-none-eabi/10.2.1/../../../../arm-none-eabi/lib/thumb/v6-m/nofp\libg.a(lib_a-ctype_.o)
                              CMakeFiles/comms.dir/C_/Pico/pico-sdk/lib/tinyusb/src/tusb.c.obj (_ctype_)
c:/progra~2/gnuarm~1/102020~1/bin/../lib/gcc/arm-none-eabi/10.2.1/../../../../arm-none-eabi/lib/thumb/v6-m/nofp\libg.a(lib_a-impure.o)
                              c:/progra~2/gnuarm~1/102020~1/bin/../lib/gcc/arm-none-eabi/10.2.1/../../../../arm-none-eabi/lib/thumb/v6-m/nofp\libg.a(lib_a-calloc.o) (_impure_ptr)
c:/progra~2/gnuarm~1/102020~1/bin/../lib/gcc/arm-none-eabi/10.2.1/../../../../arm-none-eabi/lib/thumb/v6-m/nofp\libg.a(lib_a-init.o)
                              c:/progra~2/gnuarm~1/102020~1/bin/../lib/gcc/arm-none-eabi/10.2.1/../../../../arm-none-eabi/lib/thumb/v6-m/nofp/crt0.o (__libc_init_array)
c:/progra~2/gnuarm~1/102020~1/bin/../lib/gcc/arm-none-eabi/10.2.1/../../../../arm-none-eabi/lib/thumb/v6-m/nofp\libg.a(lib_a-malloc.o)
                              CMakeFiles/comms.dir/C_/Pico/pico-sdk/src/rp2_common/pico_malloc/pico_malloc.c.obj (malloc)
c:/progra~2/gnuarm~1/102020~1/bin/../lib/gcc/arm-none-eabi/10.2.1/../../../../arm-none-eabi/lib/thumb/v6-m/nofp\libg.a(lib_a-mallocr.o)
                              c:/progra~2/gnuarm~1/102020~1/bin/../lib/gcc/arm-none-eabi/10.2.1/../../../../arm-none-eabi/lib/thumb/v6-m/nofp\libg.a(lib_a-callocr.o) (_malloc_r)
c:/progra~2/gnuarm~1/102020~1/bin/../lib/gcc/arm-none-eabi/10.2.1/../../../../arm-none-eabi/lib/thumb/v6-m/nofp\libg.a(lib_a-mlock.o)
                              c:/progra~2/gnuarm~1/102020~1/bin/../lib/gcc/arm-none-eabi/10.2.1/../../../../arm-none-eabi/lib/thumb/v6-m/nofp\libg.a(lib_a-mallocr.o) (__malloc_lock)
c:/progra~2/gnuarm~1/102020~1/bin/../lib/gcc/arm-none-eabi/10.2.1/../../../../arm-none-eabi/lib/thumb/v6-m/nofp\libg.a(lib_a-realloc.o)
                              CMakeFiles/comms.dir/C_/Pico/pico-sdk/src/rp2_common/pico_malloc/pico_malloc.c.obj (realloc)
c:/progra~2/gnuarm~1/102020~1/bin/../lib/gcc/arm-none-eabi/10.2.1/../../../../arm-none-eabi/lib/thumb/v6-m/nofp\libg.a(lib_a-reallocr.o)
                              c:/progra~2/gnuarm~1/102020~1/bin/../lib/gcc/arm-none-eabi/10.2.1/../../../../arm-none-eabi/lib/thumb/v6-m/nofp\libg.a(lib_a-realloc.o) (_realloc_r)
c:/progra~2/gnuarm~1/102020~1/bin/../lib/gcc/arm-none-eabi/10.2.1/../../../../arm-none-eabi/lib/thumb/v6-m/nofp\libg.a(lib_a-sbrkr.o)
                              c:/progra~2/gnuarm~1/102020~1/bin/../lib/gcc/arm-none-eabi/10.2.1/../../../../arm-none-eabi/lib/thumb/v6-m/nofp\libg.a(lib_a-mallocr.o) (_sbrk_r)
c:/progra~2/gnuarm~1/102020~1/bin/../lib/gcc/arm-none-eabi/10.2.1/../../../../arm-none-eabi/lib/thumb/v6-m/nofp\libg.a(lib_a-strlen-stub.o)
                              CMakeFiles/comms.dir/C_/Pico/pico-sdk/src/rp2_common/pico_stdio/stdio.c.obj (strlen)
c:/progra~2/gnuarm~1/102020~1/bin/../lib/gcc/arm-none-eabi/10.2.1/../../../../arm-none-eabi/lib/thumb/v6-m/nofp\libg.a(lib_a-freer.o)
                              c:/progra~2/gnuarm~1/102020~1/bin/../lib/gcc/arm-none-eabi/10.2.1/../../../../arm-none-eabi/lib/thumb/v6-m/nofp\libg.a(lib_a-malloc.o) (_free_r)
c:/progra~2/gnuarm~1/102020~1/bin/../lib/gcc/arm-none-eabi/10.2.1/../../../../arm-none-eabi/lib/thumb/v6-m/nofp\libg.a(lib_a-lock.o)
                              c:/progra~2/gnuarm~1/102020~1/bin/../lib/gcc/arm-none-eabi/10.2.1/../../../../arm-none-eabi/lib/thumb/v6-m/nofp\libg.a(lib_a-mlock.o) (__retarget_lock_acquire_recursive)
c:/progra~2/gnuarm~1/102020~1/bin/../lib/gcc/arm-none-eabi/10.2.1/../../../../arm-none-eabi/lib/thumb/v6-m/nofp\libg.a(lib_a-memmove.o)
                              c:/progra~2/gnuarm~1/102020~1/bin/../lib/gcc/arm-none-eabi/10.2.1/../../../../arm-none-eabi/lib/thumb/v6-m/nofp\libg.a(lib_a-reallocr.o) (memmove)
c:/progra~2/gnuarm~1/102020~1/bin/../lib/gcc/arm-none-eabi/10.2.1/../../../../arm-none-eabi/lib/thumb/v6-m/nofp\libg.a(lib_a-reent.o)
[...]
Memory Configuration

Name             Origin             Length             Attributes
FLASH            0x10000000         0x00200000         xr
RAM              0x20000000         0x00040000         xrw
SCRATCH_X        0x20040000         0x00001000         xrw
SCRATCH_Y        0x20041000         0x00001000         xrw
*default*        0x00000000         0xffffffff

Linker script and memory map

LOAD c:/progra~2/gnuarm~1/102020~1/bin/../lib/gcc/arm-none-eabi/10.2.1/thumb/v6-m/nofp/crti.o
LOAD c:/progra~2/gnuarm~1/102020~1/bin/../lib/gcc/arm-none-eabi/10.2.1/thumb/v6-m/nofp/crtbegin.o
LOAD c:/progra~2/gnuarm~1/102020~1/bin/../lib/gcc/arm-none-eabi/10.2.1/../../../../arm-none-eabi/lib/thumb/v6-m/nofp/crt0.o

.flash_begin    0x10000000        0x0
                0x10000000                __flash_binary_start = .

.boot2          0x10000000      0x100
                0x10000000                __boot2_start__ = .
 *(.boot2)
 .boot2         0x10000000      0x100 C:\Users\Amiir\AppData\Local\Temp\cck7yp8G.o
                0x10000100                __boot2_end__ = .
                0x00000001                ASSERT (((__boot2_end__ - __boot2_start__) == 0x100), ERROR: Pico second stage bootloader must be 256 bytes in size)

.text           0x10000100     0x7ac0
                0x10000100                __logical_binary_start = .
 *(.vectors)
 .vectors       0x10000100       0xd4 CMakeFiles/comms.dir/C_/Pico/pico-sdk/src/rp2_common/pico_standard_link/crt0.S.obj
                0x10000100                __VECTOR_TABLE
                0x10000100                __vectors
                0x100001c0                isr_invalid
                0x100001c0                __default_isrs_start
                0x100001c2                isr_nmi
                0x100001c4                isr_hardfault
                0x100001c6                isr_svcall
                0x100001c8                isr_pendsv
                0x100001ca                isr_systick
                0x100001cc                isr_irq23
                0x100001cc                isr_irq18
                0x100001cc                isr_irq11
                0x100001cc                isr_irq28
                0x100001cc                isr_irq19
                0x100001cc                isr_irq0
                0x100001cc                isr_irq6
                0x100001cc                isr_irq5
                0x100001cc                isr_irq12
                0x100001cc                isr_irq22
                0x100001cc                isr_irq31
                0x100001cc                isr_irq17
                0x100001cc                isr_irq27
                0x100001cc                isr_irq30
                0x100001cc                isr_irq2
                0x100001cc                isr_irq10
                0x100001cc                isr_irq8
                0x100001cc                isr_irq24
                0x100001cc                isr_irq1
                0x100001cc                isr_irq7
                0x100001cc                isr_irq21
                0x100001cc                isr_irq20
                0x100001cc                isr_irq15
                0x100001cc                isr_irq25
                0x100001cc                isr_irq13
                0x100001cc                __unhandled_user_irq
                0x100001cc                isr_irq4
                0x100001cc                isr_irq16
                0x100001cc                isr_irq29
                0x100001cc                isr_irq26
                0x100001cc                __default_isrs_end
                0x100001cc                isr_irq3
                0x100001cc                isr_irq14
                0x100001cc                isr_irq9
                0x100001d2                unhandled_user_irq_num_in_r0
 *(.binary_info_header)
 .binary_info_header
                0x100001d4       0x14 CMakeFiles/comms.dir/C_/Pico/pico-sdk/src/rp2_common/pico_standard_link/crt0.S.obj
                0x100001e8                __binary_info_header_end = .
 *(.reset)
 .reset         0x100001e8       0xa8 CMakeFiles/comms.dir/C_/Pico/pico-sdk/src/rp2_common/pico_standard_link/crt0.S.obj
                0x100001e8                _entry_point
                0x10000266                __get_current_exception
 .reset         0x10000290       0x30 CMakeFiles/comms.dir/C_/Pico/pico-sdk/src/rp2_common/pico_standard_link/binary_info.c.obj
 *(.init)
 .init          0x100002c0        0x4 c:/progra~2/gnuarm~1/102020~1/bin/../lib/gcc/arm-none-eabi/10.2.1/thumb/v6-m/nofp/crti.o
                0x100002c0                _init
 *(EXCLUDE_FILE(*libm.a: *libc.a:*lib_a-mem*.o *libgcc.a:) .text*)
 .text          0x100002c4       0x48 c:/progra~2/gnuarm~1/102020~1/bin/../lib/gcc/arm-none-eabi/10.2.1/thumb/v6-m/nofp/crtbegin.o
 .text.clock    0x1000030c       0x14 CMakeFiles/comms.dir/comms.c.obj
                0x1000030c                clock
 .text.sendWheelSpeedL
                0x10000320       0xb4 CMakeFiles/comms.dir/comms.c.obj
                0x10000320                sendWheelSpeedL
 .text.sendBarcode
                0x100003d4       0xb4 CMakeFiles/comms.dir/comms.c.obj
                0x100003d4                sendBarcode
 .text.sendDist
                0x10000488       0xb4 CMakeFiles/comms.dir/comms.c.obj
                0x10000488                sendDist
 .text.sendHeight
                0x1000053c       0xb4 CMakeFiles/comms.dir/comms.c.obj
                0x1000053c                sendHeight
 .text.sendCoord
                0x100005f0       0xc4 CMakeFiles/comms.dir/comms.c.obj
                0x100005f0                sendCoord
 .text.sendBarcodeCoord
                0x100006b4       0xb8 CMakeFiles/comms.dir/comms.c.obj
                0x100006b4                sendBarcodeCoord
 .text.sendHumpCoord
                0x1000076c       0xb8 CMakeFiles/comms.dir/comms.c.obj
                0x1000076c                sendHumpCoord
 .text.sendWheelSpeedR
                0x10000824       0xb4 CMakeFiles/comms.dir/comms.c.obj
                0x10000824                sendWheelSpeedR
 .text.main     0x100008d8       0xd8 CMakeFiles/comms.dir/comms.c.obj
                0x100008d8                main
 .text.gpio_set_function
                0x100009b0       0x30 CMakeFiles/comms.dir/C_/Pico/pico-sdk/src/rp2_common/hardware_gpio/gpio.c.obj
                0x100009b0                gpio_set_function
 .text.hw_claim_lock
                0x100009e0       0x18 CMakeFiles/comms.dir/C_/Pico/pico-sdk/src/rp2_common/hardware_claim/claim.c.obj
                0x100009e0                hw_claim_lock
 .text.hw_claim_unlock
                0x100009f8       0x14 CMakeFiles/comms.dir/C_/Pico/pico-sdk/src/rp2_common/hardware_claim/claim.c.obj
                0x100009f8                hw_claim_unlock
 .text.hw_claim_or_assert
                0x10000a0c       0x32 CMakeFiles/comms.dir/C_/Pico/pico-sdk/src/rp2_common/hardware_claim/claim.c.obj
                0x10000a0c                hw_claim_or_assert
 .text.hw_claim_unused_from_range
                0x10000a3e       0x50 CMakeFiles/comms.dir/C_/Pico/pico-sdk/src/rp2_common/hardware_claim/claim.c.obj
                0x10000a3e                hw_claim_unused_from_range
 *fill*         0x10000a8e        0x2 
 .text.running_on_fpga
                0x10000a90       0x14 CMakeFiles/comms.dir/C_/Pico/pico-sdk/src/rp2_common/pico_platform/platform.c.obj
                0x10000a90                running_on_fpga
 .text.spin_locks_reset
                0x10000aa4       0x20 CMakeFiles/comms.dir/C_/Pico/pico-sdk/src/rp2_common/hardware_sync/sync.c.obj
                0x10000aa4                spin_locks_reset
 .text.next_striped_spin_lock_num
                0x10000ac4       0x1c CMakeFiles/comms.dir/C_/Pico/pico-sdk/src/rp2_common/hardware_sync/sync.c.obj
                0x10000ac4                next_striped_spin_lock_num
 .text.spin_lock_claim_unused
                0x10000ae0       0x20 CMakeFiles/comms.dir/C_/Pico/pico-sdk/src/rp2_common/hardware_sync/sync.c.obj
                0x10000ae0                spin_lock_claim_unused
 .text.set_raw_irq_handler_and_unlock
                0x10000b00       0x28 CMakeFiles/comms.dir/C_/Pico/pico-sdk/src/rp2_common/hardware_irq/irq.c.obj
 .text.make_branch
                0x10000b28       0x48 CMakeFiles/comms.dir/C_/Pico/pico-sdk/src/rp2_common/hardware_irq/irq.c.obj
 .text.insert_branch_and_link
                0x10000b70       0x40 CMakeFiles/comms.dir/C_/Pico/pico-sdk/src/rp2_common/hardware_irq/irq.c.obj
 .text.irq_is_enabled
                0x10000bb0       0x18 CMakeFiles/comms.dir/C_/Pico/pico-sdk/src/rp2_common/hardware_irq/irq.c.obj
                0x10000bb0                irq_is_enabled
 .text.irq_set_mask_enabled
                0x10000bc8       0x20 CMakeFiles/comms.dir/C_/Pico/pico-sdk/src/rp2_common/hardware_irq/irq.c.obj
                0x10000bc8                irq_set_mask_enabled
 .text.irq_set_enabled
                0x10000be8        0xe CMakeFiles/comms.dir/C_/Pico/pico-sdk/src/rp2_common/hardware_irq/irq.c.obj
                0x10000be8                irq_set_enabled
 *fill*         0x10000bf6        0x2 
 .text.irq_set_pending
                0x10000bf8       0x10 CMakeFiles/comms.dir/C_/Pico/pico-sdk/src/rp2_common/hardware_irq/irq.c.obj
                0x10000bf8                irq_set_pending
 .text.irq_get_vtable_handler
                0x10000c08       0x10 CMakeFiles/comms.dir/C_/Pico/pico-sdk/src/rp2_common/hardware_irq/irq.c.obj
                0x10000c08                irq_get_vtable_handler
 .text.irq_has_shared_handler
                0x10000c18       0x24 CMakeFiles/comms.dir/C_/Pico/pico-sdk/src/rp2_common/hardware_irq/irq.c.obj
                0x10000c18                irq_has_shared_handler
 .text.irq_set_exclusive_handler
                0x10000c3c       0x54 CMakeFiles/comms.dir/C_/Pico/pico-sdk/src/rp2_common/hardware_irq/irq.c.obj
                0x10000c3c                irq_set_exclusive_handler
 .text.irq_add_shared_handler
                0x10000c90      0x230 CMakeFiles/comms.dir/C_/Pico/pico-sdk/src/rp2_common/hardware_irq/irq.c.obj
                0x10000c90                irq_add_shared_handler
 .text.irq_remove_handler
                0x10000ec0      0x1a8 CMakeFiles/comms.dir/C_/Pico/pico-sdk/src/rp2_common/hardware_irq/irq.c.obj
                0x10000ec0                irq_remove_handler
 .text.irq_add_tail_to_free_list
                0x10001068       0xf0 CMakeFiles/comms.dir/C_/Pico/pico-sdk/src/rp2_common/hardware_irq/irq.c.obj
                0x10001068                irq_add_tail_to_free_list
 .text.irq_init_priorities
                0x10001158       0x1c CMakeFiles/comms.dir/C_/Pico/pico-sdk/src/rp2_common/hardware_irq/irq.c.obj
                0x10001158                irq_init_priorities
 .text.user_irq_claim_unused
                0x10001174       0x30 CMakeFiles/comms.dir/C_/Pico/pico-sdk/src/rp2_common/hardware_irq/irq.c.obj
                0x10001174                user_irq_claim_unused
 .text.lock_init
                0x100011a4       0x10 CMakeFiles/comms.dir/C_/Pico/pico-sdk/src/common/pico_sync/lock_core.c.obj
                0x100011a4                lock_init
 .text.alarm_pool_post_alloc_init
                0x100011b4       0x40 CMakeFiles/comms.dir/C_/Pico/pico-sdk/src/common/pico_time/time.c.obj
 .text.sleep_until_callback
                0x100011f4       0x30 CMakeFiles/comms.dir/C_/Pico/pico-sdk/src/common/pico_time/time.c.obj
 .text.timer_pool_entry_comparator
                0x10001224       0x7c CMakeFiles/comms.dir/C_/Pico/pico-sdk/src/common/pico_time/time.c.obj
                0x10001224                timer_pool_entry_comparator
 .text.ph_add_child_node
                0x100012a0       0xa4 CMakeFiles/comms.dir/C_/Pico/pico-sdk/src/common/pico_time/time.c.obj
 .text.ph_merge_nodes
                0x10001344       0x3e CMakeFiles/comms.dir/C_/Pico/pico-sdk/src/common/pico_time/time.c.obj
 *fill*         0x10001382        0x2 
 .text.add_alarm_under_lock
                0x10001384      0x174 CMakeFiles/comms.dir/C_/Pico/pico-sdk/src/common/pico_time/time.c.obj
 .text.alarm_pool_alarm_callback
                0x100014f8      0x328 CMakeFiles/comms.dir/C_/Pico/pico-sdk/src/common/pico_time/time.c.obj
 .text.alarm_pool_init_default
                0x10001820       0x38 CMakeFiles/comms.dir/C_/Pico/pico-sdk/src/common/pico_time/time.c.obj
                0x10001820                alarm_pool_init_default
 .text.alarm_pool_get_default
                0x10001858       0x2c CMakeFiles/comms.dir/C_/Pico/pico-sdk/src/common/pico_time/time.c.obj
                0x10001858                alarm_pool_get_default
 .text.alarm_pool_add_alarm_at
                0x10001884      0x170 CMakeFiles/comms.dir/C_/Pico/pico-sdk/src/common/pico_time/time.c.obj
                0x10001884                alarm_pool_add_alarm_at
 .text.alarm_pool_cancel_alarm
                0x100019f4       0xf0 CMakeFiles/comms.dir/C_/Pico/pico-sdk/src/common/pico_time/time.c.obj
                0x100019f4                alarm_pool_cancel_alarm
 .text.sleep_until
                0x10001ae4       0xfc CMakeFiles/comms.dir/C_/Pico/pico-sdk/src/common/pico_time/time.c.obj
                0x10001ae4                sleep_until
 .text.sleep_us
                0x10001be0       0x58 CMakeFiles/comms.dir/C_/Pico/pico-sdk/src/common/pico_time/time.c.obj
                0x10001be0                sleep_us
 .text.sleep_ms
                0x10001c38       0x14 CMakeFiles/comms.dir/C_/Pico/pico-sdk/src/common/pico_time/time.c.obj
                0x10001c38                sleep_ms
 .text.best_effort_wfe_or_timeout
                0x10001c4c       0x80 CMakeFiles/comms.dir/C_/Pico/pico-sdk/src/common/pico_time/time.c.obj
                0x10001c4c                best_effort_wfe_or_timeout
 .text.hardware_alarm_irq_handler
                0x10001ccc       0x8c CMakeFiles/comms.dir/C_/Pico/pico-sdk/src/rp2_common/hardware_timer/timer.c.obj
 .text.hardware_alarm_claim
                0x10001d58       0x18 CMakeFiles/comms.dir/C_/Pico/pico-sdk/src/rp2_common/hardware_timer/timer.c.obj
                0x10001d58                hardware_alarm_claim
 .text.time_us_64
                0x10001d70       0x18 CMakeFiles/comms.dir/C_/Pico/pico-sdk/src/rp2_common/hardware_timer/timer.c.obj
                0x10001d70                time_us_64
 .text.busy_wait_until
                0x10001d88       0x28 CMakeFiles/comms.dir/C_/Pico/pico-sdk/src/rp2_common/hardware_timer/timer.c.obj
                0x10001d88                busy_wait_until
 .text.hardware_alarm_set_callback
                0x10001db0       0x90 CMakeFiles/comms.dir/C_/Pico/pico-sdk/src/rp2_common/hardware_timer/timer.c.obj
                0x10001db0                hardware_alarm_set_callback
 .text.hardware_alarm_set_target
                0x10001e40       0xe8 CMakeFiles/comms.dir/C_/Pico/pico-sdk/src/rp2_common/hardware_timer/timer.c.obj
                0x10001e40                hardware_alarm_set_target
 .text.hardware_alarm_cancel
                0x10001f28       0x40 CMakeFiles/comms.dir/C_/Pico/pico-sdk/src/rp2_common/hardware_timer/timer.c.obj
                0x10001f28                hardware_alarm_cancel
 .text.ph_add_child_node
                0x10001f68       0xa4 CMakeFiles/comms.dir/C_/Pico/pico-sdk/src/common/pico_util/pheap.c.obj
 .text.ph_merge_nodes
                0x1000200c       0x3e CMakeFiles/comms.dir/C_/Pico/pico-sdk/src/common/pico_util/pheap.c.obj
 *fill*         0x1000204a        0x2 
 .text.ph_clear
                0x1000204c       0x70 CMakeFiles/comms.dir/C_/Pico/pico-sdk/src/common/pico_util/pheap.c.obj
                0x1000204c                ph_clear
 .text.ph_post_alloc_init
                0x100020bc        0xe CMakeFiles/comms.dir/C_/Pico/pico-sdk/src/common/pico_util/pheap.c.obj
                0x100020bc                ph_post_alloc_init
 *fill*         0x100020ca        0x2 
 .text.ph_merge_two_pass
                0x100020cc       0xa8 CMakeFiles/comms.dir/C_/Pico/pico-sdk/src/common/pico_util/pheap.c.obj
                0x100020cc                ph_merge_two_pass
 .text.ph_remove_any_head
                0x10002174      0x108 CMakeFiles/comms.dir/C_/Pico/pico-sdk/src/common/pico_util/pheap.c.obj
 .text.ph_remove_head
                0x1000227c       0x14 CMakeFiles/comms.dir/C_/Pico/pico-sdk/src/common/pico_util/pheap.c.obj
                0x1000227c                ph_remove_head
 .text.ph_remove_and_free_node
                0x10002290       0xf8 CMakeFiles/comms.dir/C_/Pico/pico-sdk/src/common/pico_util/pheap.c.obj
                0x10002290                ph_remove_and_free_node
 .text.mutex_init
                0x10002388       0x1a CMakeFiles/comms.dir/C_/Pico/pico-sdk/src/common/pico_sync/mutex.c.obj
                0x10002388                mutex_init
 .text.recursive_mutex_init
                0x100023a2       0x1e CMakeFiles/comms.dir/C_/Pico/pico-sdk/src/common/pico_sync/mutex.c.obj
                0x100023a2                recursive_mutex_init
 .text.critical_section_init_with_lock_num
                0x100023c0       0x14 CMakeFiles/comms.dir/C_/Pico/pico-sdk/src/common/pico_sync/critical_section.c.obj
                0x100023c0                critical_section_init_with_lock_num
 .text.critical_section_init
                0x100023d4       0x14 CMakeFiles/comms.dir/C_/Pico/pico-sdk/src/common/pico_sync/critical_section.c.obj
                0x100023d4                critical_section_init
 .text.uart_set_baudrate
                0x100023e8       0x5c CMakeFiles/comms.dir/C_/Pico/pico-sdk/src/rp2_common/hardware_uart/uart.c.obj
                0x100023e8                uart_set_baudrate
 .text.uart_set_translate_crlf
                0x10002444       0x28 CMakeFiles/comms.dir/C_/Pico/pico-sdk/src/rp2_common/hardware_uart/uart.c.obj
                0x10002444                uart_set_translate_crlf
 .text.uart_init
                0x1000246c       0x80 CMakeFiles/comms.dir/C_/Pico/pico-sdk/src/rp2_common/hardware_uart/uart.c.obj
                0x1000246c                uart_init
 .text._exit    0x100024ec        0x4 CMakeFiles/comms.dir/C_/Pico/pico-sdk/src/rp2_common/pico_runtime/runtime.c.obj
                0x100024ec                _exit
 .text.exit     0x100024f0        0x6 CMakeFiles/comms.dir/C_/Pico/pico-sdk/src/rp2_common/pico_runtime/runtime.c.obj
                0x100024f0                exit
 *fill*         0x100024f6        0x2 
 .text.__assert_func
                0x100024f8       0x3c CMakeFiles/comms.dir/C_/Pico/pico-sdk/src/rp2_common/pico_runtime/runtime.c.obj
                0x100024f8                __assert_func
 .text.runtime_init
                0x10002534       0xf8 CMakeFiles/comms.dir/C_/Pico/pico-sdk/src/rp2_common/pico_runtime/runtime.c.obj
                0x10002534                runtime_init
 .text.panic    0x1000262c       0x30 CMakeFiles/comms.dir/C_/Pico/pico-sdk/src/rp2_common/pico_runtime/runtime.c.obj
                0x1000262c                panic
 .text.clock_configure
                0x1000265c      0x104 CMakeFiles/comms.dir/C_/Pico/pico-sdk/src/rp2_common/hardware_clocks/clocks.c.obj
                0x1000265c                clock_configure
 .text.clocks_init
                0x10002760      0x100 CMakeFiles/comms.dir/C_/Pico/pico-sdk/src/rp2_common/hardware_clocks/clocks.c.obj
                0x10002760                clocks_init
 .text.clock_get_hz
                0x10002860        0xc CMakeFiles/comms.dir/C_/Pico/pico-sdk/src/rp2_common/hardware_clocks/clocks.c.obj
                0x10002860                clock_get_hz
 .text.pll_init
                0x1000286c      0x140 CMakeFiles/comms.dir/C_/Pico/pico-sdk/src/rp2_common/hardware_pll/pll.c.obj
                0x1000286c                pll_init
 .text.watchdog_start_tick
                0x100029ac       0x10 CMakeFiles/comms.dir/C_/Pico/pico-sdk/src/rp2_common/hardware_watchdog/watchdog.c.obj
                0x100029ac                watchdog_start_tick
 .text.watchdog_update
                0x100029bc       0x14 CMakeFiles/comms.dir/C_/Pico/pico-sdk/src/rp2_common/hardware_watchdog/watchdog.c.obj
                0x100029bc                watchdog_update
 .text._watchdog_enable
                0x100029d0       0x78 CMakeFiles/comms.dir/C_/Pico/pico-sdk/src/rp2_common/hardware_watchdog/watchdog.c.obj
                0x100029d0                _watchdog_enable
 .text.watchdog_reboot
                0x10002a48       0x48 CMakeFiles/comms.dir/C_/Pico/pico-sdk/src/rp2_common/hardware_watchdog/watchdog.c.obj
                0x10002a48                watchdog_reboot
 .text.xosc_init
                0x10002a90       0x28 CMakeFiles/comms.dir/C_/Pico/pico-sdk/src/rp2_common/hardware_xosc/xosc.c.obj
                0x10002a90                xosc_init
 .text._out_buffer
                0x10002ab8        0x8 CMakeFiles/comms.dir/C_/Pico/pico-sdk/src/rp2_common/pico_printf/printf.c.obj
 .text._out_null
                0x10002ac0        0x2 CMakeFiles/comms.dir/C_/Pico/pico-sdk/src/rp2_common/pico_printf/printf.c.obj
 .text._out_fct
                0x10002ac2        0xe CMakeFiles/comms.dir/C_/Pico/pico-sdk/src/rp2_common/pico_printf/printf.c.obj
 .text._atoi    0x10002ad0       0x24 CMakeFiles/comms.dir/C_/Pico/pico-sdk/src/rp2_common/pico_printf/printf.c.obj
 .text._out_rev
                0x10002af4       0xae CMakeFiles/comms.dir/C_/Pico/pico-sdk/src/rp2_common/pico_printf/printf.c.obj
 .text._ntoa_format
                0x10002ba2      0x112 CMakeFiles/comms.dir/C_/Pico/pico-sdk/src/rp2_common/pico_printf/printf.c.obj
 .text._ntoa_long
                0x10002cb4       0xbc CMakeFiles/comms.dir/C_/Pico/pico-sdk/src/rp2_common/pico_printf/printf.c.obj
 .text._ntoa_long_long
                0x10002d70       0xe2 CMakeFiles/comms.dir/C_/Pico/pico-sdk/src/rp2_common/pico_printf/printf.c.obj
 *fill*         0x10002e52        0x2 
 .text._etoa    0x10002e54      0x414 CMakeFiles/comms.dir/C_/Pico/pico-sdk/src/rp2_common/pico_printf/printf.c.obj
 .text._ftoa    0x10003268      0x354 CMakeFiles/comms.dir/C_/Pico/pico-sdk/src/rp2_common/pico_printf/printf.c.obj
 .text._vsnprintf
                0x100035bc      0x624 CMakeFiles/comms.dir/C_/Pico/pico-sdk/src/rp2_common/pico_printf/printf.c.obj
 .text.__wrap_sprintf
                0x10003be0       0x28 CMakeFiles/comms.dir/C_/Pico/pico-sdk/src/rp2_common/pico_printf/printf.c.obj
                0x10003be0                __wrap_sprintf
 .text.vfctprintf
                0x10003c08       0x20 CMakeFiles/comms.dir/C_/Pico/pico-sdk/src/rp2_common/pico_printf/printf.c.obj
                0x10003c08                vfctprintf
 .text          0x10003c28       0x10 CMakeFiles/comms.dir/C_/Pico/pico-sdk/src/rp2_common/pico_bit_ops/bit_ops_aeabi.S.obj
 .text.rom_func_lookup
                0x10003c38       0x10 CMakeFiles/comms.dir/C_/Pico/pico-sdk/src/rp2_common/pico_bootrom/bootrom.c.obj
                0x10003c38                rom_func_lookup
 .text.rom_data_lookup
                0x10003c48       0x10 CMakeFiles/comms.dir/C_/Pico/pico-sdk/src/rp2_common/pico_bootrom/bootrom.c.obj
                0x10003c48                rom_data_lookup
 .text.rom_funcs_lookup
                0x10003c58       0x36 CMakeFiles/comms.dir/C_/Pico/pico-sdk/src/rp2_common/pico_bootrom/bootrom.c.obj
                0x10003c58                rom_funcs_lookup
 *fill*         0x10003c8e        0x2 
 .text.__wrap___aeabi_idiv
                0x10003c90       0x50 CMakeFiles/comms.dir/C_/Pico/pico-sdk/src/rp2_common/pico_divider/divider.S.obj
                0x10003c90                __wrap___aeabi_idivmod
                0x10003c90                divmod_s32s32
                0x10003c90                div_s32s32
                0x10003c90                __wrap___aeabi_idiv
                0x10003c98                divmod_s32s32_unsafe
                0x10003cc4                divmod_s32s32_savestate
 .text.__wrap___aeabi_uidiv
                0x10003ce0       0x4c CMakeFiles/comms.dir/C_/Pico/pico-sdk/src/rp2_common/pico_divider/divider.S.obj
                0x10003ce0                __wrap___aeabi_uidiv
                0x10003ce0                __wrap___aeabi_uidivmod
                0x10003ce0                div_u32u32
                0x10003ce0                divmod_u32u32
                0x10003ce8                divmod_u32u32_unsafe
                0x10003d10                divmod_u32u32_savestate
 .text.__wrap___aeabi_ldiv
                0x10003d2c      0x434 CMakeFiles/comms.dir/C_/Pico/pico-sdk/src/rp2_common/pico_divider/divider.S.obj
                0x10003d2c                div_s64s64
                0x10003d2c                divmod_s64s64
                0x10003d2c                __wrap___aeabi_ldivmod
                0x10003d64                divmod_u64u64
                0x10003d64                div_u64u64
                0x10003d64                __wrap___aeabi_uldivmod
                0x10003d74                divmod_u64u64_savestate
                0x10003d9c                divmod_s64s64_unsafe
                0x10003e24                divmod_u64u64_unsafe
 .text.__wrap___aeabi_darithmetic
                0x10004160       0x80 CMakeFiles/comms.dir/C_/Pico/pico-sdk/src/rp2_common/pico_double/double_aeabi.S.obj
                0x10004160                __wrap___aeabi_drsub
                0x10004166                __wrap___aeabi_dsub
                0x10004178                __wrap___aeabi_dadd
                0x1000418a                __wrap___aeabi_ddiv
                0x100041c6                __wrap___aeabi_dmul
 .text.__wrap___aeabi_cdcmple
                0x100041e0       0x6c CMakeFiles/comms.dir/C_/Pico/pico-sdk/src/rp2_common/pico_double/double_aeabi.S.obj
                0x100041e0                __wrap___aeabi_cdrcmple
                0x100041f0                __wrap___aeabi_cdcmpeq
                0x100041f0                __wrap___aeabi_cdcmple
 .text.__wrap___aeabi_dcmplt
                0x1000424c        0xc CMakeFiles/comms.dir/C_/Pico/pico-sdk/src/rp2_common/pico_double/double_aeabi.S.obj
                0x1000424c                __wrap___aeabi_dcmplt
 .text.__wrap___aeabi_dcmple
                0x10004258       0x10 CMakeFiles/comms.dir/C_/Pico/pico-sdk/src/rp2_common/pico_double/double_aeabi.S.obj
                0x10004258                __wrap___aeabi_dcmple
 .text.__wrap___aeabi_dcmpge
                0x10004268       0x10 CMakeFiles/comms.dir/C_/Pico/pico-sdk/src/rp2_common/pico_double/double_aeabi.S.obj
                0x10004268                __wrap___aeabi_dcmpge
 .text.__wrap___aeabi_dcmpgt
                0x10004278        0xa CMakeFiles/comms.dir/C_/Pico/pico-sdk/src/rp2_common/pico_double/double_aeabi.S.obj
                0x10004278                __wrap___aeabi_dcmpgt
 .text.__wrap___aeabi_dcmpun
                0x10004282       0x1c CMakeFiles/comms.dir/C_/Pico/pico-sdk/src/rp2_common/pico_double/double_aeabi.S.obj
                0x10004282                __wrap___aeabi_dcmpun
 *fill*         0x1000429e        0x2 
 .text.__wrap___aeabi_i2d
                0x100042a0       0x38 CMakeFiles/comms.dir/C_/Pico/pico-sdk/src/rp2_common/pico_double/double_aeabi.S.obj
                0x100042a0                __wrap___aeabi_ui2d
                0x100042a8                __wrap___aeabi_i2d
 .text.__wrap___aeabi_d2iz
                0x100042d8       0x48 CMakeFiles/comms.dir/C_/Pico/pico-sdk/src/rp2_common/pico_double/double_aeabi.S.obj
                0x100042d8                double2int_z
                0x100042d8                __wrap___aeabi_d2iz
 .text.__wrap___aeabi_d2uiz
                0x10004320       0x18 CMakeFiles/comms.dir/C_/Pico/pico-sdk/src/rp2_common/pico_double/double_aeabi.S.obj
                0x10004320                __wrap___aeabi_d2uiz
                0x10004320                double2uint
 .text.__aeabi_double_init
                0x10004338       0xc8 CMakeFiles/comms.dir/C_/Pico/pico-sdk/src/rp2_common/pico_double/double_init_rom.c.obj
                0x10004338                __aeabi_double_init
 .text.double_table_shim_on_use_helper
                0x10004400       0x34 CMakeFiles/comms.dir/C_/Pico/pico-sdk/src/rp2_common/pico_double/double_v1_rom_shim.S.obj
                0x10004400                double_table_shim_on_use_helper
 .text.__wrap___aeabi_dsub
                0x10004434       0x10 CMakeFiles/comms.dir/C_/Pico/pico-sdk/src/rp2_common/pico_double/double_v1_rom_shim.S.obj
                0x10004434                drsub_shim
                0x1000443a                dsub_shim
 .text.dadd_shim
                0x10004444      0x15c CMakeFiles/comms.dir/C_/Pico/pico-sdk/src/rp2_common/pico_double/double_v1_rom_shim.S.obj
                0x10004444                dadd_shim
 .text.dmul_shim
                0x100045a0      0x15c CMakeFiles/comms.dir/C_/Pico/pico-sdk/src/rp2_common/pico_double/double_v1_rom_shim.S.obj
                0x100045a0                dmul_shim
 .text.ddiv_shim
                0x100046fc      0x1b0 CMakeFiles/comms.dir/C_/Pico/pico-sdk/src/rp2_common/pico_double/double_v1_rom_shim.S.obj
                0x100046fc                ddiv_shim
 .text.double2uint_shim
                0x100048ac        0xe CMakeFiles/comms.dir/C_/Pico/pico-sdk/src/rp2_common/pico_double/double_v1_rom_shim.S.obj
                0x100048ac                double2uint_shim
                0x100048ae                double2ufix_shim
 *fill*         0x100048ba        0x2 
 .text.double2uint64_shim
                0x100048bc       0x70 CMakeFiles/comms.dir/C_/Pico/pico-sdk/src/rp2_common/pico_double/double_v1_rom_shim.S.obj
                0x100048bc                double2uint64_shim
                0x100048be                double2ufix64_shim
                0x100048de                d2fix_a
 .text.dunpacks
                0x1000492c       0x3c CMakeFiles/comms.dir/C_/Pico/pico-sdk/src/rp2_common/pico_double/double_v1_rom_shim.S.obj
                0x1000492c                dunpacks
 .text.__aeabi_lmul
                0x10004968       0x32 CMakeFiles/comms.dir/C_/Pico/pico-sdk/src/rp2_common/pico_int64_ops/pico_int64_ops_aeabi.S.obj
                0x10004968                __wrap___aeabi_lmul
 *fill*         0x1000499a        0x2 
 .text.__aeabi_float_init
                0x1000499c       0xfc CMakeFiles/comms.dir/C_/Pico/pico-sdk/src/rp2_common/pico_float/float_init_rom.c.obj
                0x1000499c                __aeabi_float_init
 .text.float_table_shim_on_use_helper
                0x10004a98       0x34 CMakeFiles/comms.dir/C_/Pico/pico-sdk/src/rp2_common/pico_float/float_v1_rom_shim.S.obj
                0x10004a98                float_table_shim_on_use_helper
 .text          0x10004acc       0x10 CMakeFiles/comms.dir/C_/Pico/pico-sdk/src/rp2_common/pico_mem_ops/mem_ops_aeabi.S.obj
                0x10004acc                __aeabi_mem_init
 .text.memset   0x10004adc        0xc CMakeFiles/comms.dir/C_/Pico/pico-sdk/src/rp2_common/pico_mem_ops/mem_ops_aeabi.S.obj
                0x10004adc                __wrap_memset
 .text.memcpy   0x10004ae8        0xc CMakeFiles/comms.dir/C_/Pico/pico-sdk/src/rp2_common/pico_mem_ops/mem_ops_aeabi.S.obj
                0x10004ae8                __wrap_memcpy
                0x10004ae8                __wrap___aeabi_memcpy
 .text.stdio_out_chars_no_crlf
                0x10004af4        0xe CMakeFiles/comms.dir/C_/Pico/pico-sdk/src/rp2_common/pico_stdio/stdio.c.obj
 *fill*         0x10004b02        0x2 
 .text.stdio_out_chars_crlf
                0x10004b04       0x80 CMakeFiles/comms.dir/C_/Pico/pico-sdk/src/rp2_common/pico_stdio/stdio.c.obj
 .text.stdio_stack_buffer_flush
                0x10004b84       0x44 CMakeFiles/comms.dir/C_/Pico/pico-sdk/src/rp2_common/pico_stdio/stdio.c.obj
 .text.stdio_buffered_printer
                0x10004bc8       0x20 CMakeFiles/comms.dir/C_/Pico/pico-sdk/src/rp2_common/pico_stdio/stdio.c.obj
 .text.stdout_serialize_begin
                0x10004be8       0x30 CMakeFiles/comms.dir/C_/Pico/pico-sdk/src/rp2_common/pico_stdio/stdio.c.obj
                0x10004be8                stdout_serialize_begin
 .text.stdout_serialize_end
                0x10004c18       0x10 CMakeFiles/comms.dir/C_/Pico/pico-sdk/src/rp2_common/pico_stdio/stdio.c.obj
                0x10004c18                stdout_serialize_end
 .text.stdio_put_string
                0x10004c28       0x98 CMakeFiles/comms.dir/C_/Pico/pico-sdk/src/rp2_common/pico_stdio/stdio.c.obj
 .text.stdio_set_driver_enabled
                0x10004cc0       0x2c CMakeFiles/comms.dir/C_/Pico/pico-sdk/src/rp2_common/pico_stdio/stdio.c.obj
                0x10004cc0                stdio_set_driver_enabled
 .text.stdio_flush
                0x10004cec       0x20 CMakeFiles/comms.dir/C_/Pico/pico-sdk/src/rp2_common/pico_stdio/stdio.c.obj
                0x10004cec                stdio_flush
 .text.__wrap_puts
                0x10004d0c       0x1e CMakeFiles/comms.dir/C_/Pico/pico-sdk/src/rp2_common/pico_stdio/stdio.c.obj
                0x10004d0c                __wrap_puts
 *fill*         0x10004d2a        0x2 
 .text.__wrap_vprintf
                0x10004d2c       0x44 CMakeFiles/comms.dir/C_/Pico/pico-sdk/src/rp2_common/pico_stdio/stdio.c.obj
                0x10004d2c                __wrap_vprintf
 .text.__wrap_printf
                0x10004d70       0x18 CMakeFiles/comms.dir/C_/Pico/pico-sdk/src/rp2_common/pico_stdio/stdio.c.obj
                0x10004d70                __wrap_printf
 .text.stdio_init_all
                0x10004d88        0xc CMakeFiles/comms.dir/C_/Pico/pico-sdk/src/rp2_common/pico_stdio/stdio.c.obj
                0x10004d88                stdio_init_all
 .text.stdio_uart_out_chars
                0x10004d94       0x74 CMakeFiles/comms.dir/C_/Pico/pico-sdk/src/rp2_common/pico_stdio_uart/stdio_uart.c.obj
 .text.stdio_uart_in_chars
                0x10004e08       0x58 CMakeFiles/comms.dir/C_/Pico/pico-sdk/src/rp2_common/pico_stdio_uart/stdio_uart.c.obj
                0x10004e08                stdio_uart_in_chars
 .text.stdio_uart_init_full
                0x10004e60       0x3c CMakeFiles/comms.dir/C_/Pico/pico-sdk/src/rp2_common/pico_stdio_uart/stdio_uart.c.obj
                0x10004e60                stdio_uart_init_full
 .text.stdio_uart_init
                0x10004e9c       0x28 CMakeFiles/comms.dir/C_/Pico/pico-sdk/src/rp2_common/pico_stdio_uart/stdio_uart.c.obj
                0x10004e9c                stdio_uart_init
 .text.resetd_init
                0x10004ec4        0x2 CMakeFiles/comms.dir/C_/Pico/pico-sdk/src/rp2_common/pico_stdio_usb/reset_interface.c.obj
 *fill*         0x10004ec6        0x2 
 .text.resetd_reset
                0x10004ec8        0xc CMakeFiles/comms.dir/C_/Pico/pico-sdk/src/rp2_common/pico_stdio_usb/reset_interface.c.obj
 .text.resetd_open
                0x10004ed4       0x34 CMakeFiles/comms.dir/C_/Pico/pico-sdk/src/rp2_common/pico_stdio_usb/reset_interface.c.obj
 .text.resetd_xfer_cb
                0x10004f08        0x4 CMakeFiles/comms.dir/C_/Pico/pico-sdk/src/rp2_common/pico_stdio_usb/reset_interface.c.obj
 .text.reset_usb_boot
                0x10004f0c       0x18 CMakeFiles/comms.dir/C_/Pico/pico-sdk/src/rp2_common/pico_stdio_usb/reset_interface.c.obj
 .text.resetd_control_xfer_cb
                0x10004f24       0x5c CMakeFiles/comms.dir/C_/Pico/pico-sdk/src/rp2_common/pico_stdio_usb/reset_interface.c.obj
 .text.usbd_app_driver_get_cb
                0x10004f80        0xc CMakeFiles/comms.dir/C_/Pico/pico-sdk/src/rp2_common/pico_stdio_usb/reset_interface.c.obj
                0x10004f80                usbd_app_driver_get_cb
 .text.tud_cdc_line_coding_cb
                0x10004f8c       0x28 CMakeFiles/comms.dir/C_/Pico/pico-sdk/src/rp2_common/pico_stdio_usb/reset_interface.c.obj
                0x10004f8c                tud_cdc_line_coding_cb
 .text.stdio_usb_in_chars
                0x10004fb4       0x70 CMakeFiles/comms.dir/C_/Pico/pico-sdk/src/rp2_common/pico_stdio_usb/stdio_usb.c.obj
                0x10004fb4                stdio_usb_in_chars
 .text.low_priority_worker_irq
                0x10005024       0x20 CMakeFiles/comms.dir/C_/Pico/pico-sdk/src/rp2_common/pico_stdio_usb/stdio_usb.c.obj
 .text.stdio_usb_out_chars
                0x10005044       0xd4 CMakeFiles/comms.dir/C_/Pico/pico-sdk/src/rp2_common/pico_stdio_usb/stdio_usb.c.obj
 .text.timer_task
                0x10005118       0x40 CMakeFiles/comms.dir/C_/Pico/pico-sdk/src/rp2_common/pico_stdio_usb/stdio_usb.c.obj
 .text.usb_irq  0x10005158       0x10 CMakeFiles/comms.dir/C_/Pico/pico-sdk/src/rp2_common/pico_stdio_usb/stdio_usb.c.obj
 .text.stdio_usb_init
                0x10005168       0xec CMakeFiles/comms.dir/C_/Pico/pico-sdk/src/rp2_common/pico_stdio_usb/stdio_usb.c.obj
                0x10005168                stdio_usb_init
 .text.tud_descriptor_device_cb
                0x10005254        0x8 CMakeFiles/comms.dir/C_/Pico/pico-sdk/src/rp2_common/pico_stdio_usb/stdio_usb_descriptors.c.obj
                0x10005254                tud_descriptor_device_cb
 .text.tud_descriptor_configuration_cb
                0x1000525c        0x8 CMakeFiles/comms.dir/C_/Pico/pico-sdk/src/rp2_common/pico_stdio_usb/stdio_usb_descriptors.c.obj
                0x1000525c                tud_descriptor_configuration_cb
 .text.tud_descriptor_string_cb
                0x10005264       0x6c CMakeFiles/comms.dir/C_/Pico/pico-sdk/src/rp2_common/pico_stdio_usb/stdio_usb_descriptors.c.obj
                0x10005264                tud_descriptor_string_cb
 .text.hw_endpoint_get_by_addr
                0x100052d0       0x18 CMakeFiles/comms.dir/C_/Pico/pico-sdk/lib/tinyusb/src/portable/raspberrypi/rp2040/dcd_rp2040.c.obj
 .text.reset_ep0_pid
                0x100052e8       0x28 CMakeFiles/comms.dir/C_/Pico/pico-sdk/lib/tinyusb/src/portable/raspberrypi/rp2040/dcd_rp2040.c.obj
 .text._hw_endpoint_alloc
                0x10005310       0x70 CMakeFiles/comms.dir/C_/Pico/pico-sdk/lib/tinyusb/src/portable/raspberrypi/rp2040/dcd_rp2040.c.obj
 .text.hw_endpoint_init
                0x10005380       0x88 CMakeFiles/comms.dir/C_/Pico/pico-sdk/lib/tinyusb/src/portable/raspberrypi/rp2040/dcd_rp2040.c.obj
 .text.reset_non_control_endpoints
                0x10005408       0x40 CMakeFiles/comms.dir/C_/Pico/pico-sdk/lib/tinyusb/src/portable/raspberrypi/rp2040/dcd_rp2040.c.obj
 .text.hw_handle_buff_status
                0x10005448       0x8c CMakeFiles/comms.dir/C_/Pico/pico-sdk/lib/tinyusb/src/portable/raspberrypi/rp2040/dcd_rp2040.c.obj
 .text.dcd_rp2040_irq
                0x100054d4       0xc0 CMakeFiles/comms.dir/C_/Pico/pico-sdk/lib/tinyusb/src/portable/raspberrypi/rp2040/dcd_rp2040.c.obj
 .text.hw_endpoint_xfer
                0x10005594       0x14 CMakeFiles/comms.dir/C_/Pico/pico-sdk/lib/tinyusb/src/portable/raspberrypi/rp2040/dcd_rp2040.c.obj
 .text.dcd_int_enable
                0x100055a8       0x2c CMakeFiles/comms.dir/C_/Pico/pico-sdk/lib/tinyusb/src/portable/raspberrypi/rp2040/dcd_rp2040.c.obj
                0x100055a8                dcd_int_enable
 .text.dcd_set_address
                0x100055d4       0x2c CMakeFiles/comms.dir/C_/Pico/pico-sdk/lib/tinyusb/src/portable/raspberrypi/rp2040/dcd_rp2040.c.obj
                0x100055d4                dcd_set_address
 .text.dcd_connect
                0x10005600       0x10 CMakeFiles/comms.dir/C_/Pico/pico-sdk/lib/tinyusb/src/portable/raspberrypi/rp2040/dcd_rp2040.c.obj
                0x10005600                dcd_connect
 .text.dcd_init
                0x10005610       0x7c CMakeFiles/comms.dir/C_/Pico/pico-sdk/lib/tinyusb/src/portable/raspberrypi/rp2040/dcd_rp2040.c.obj
                0x10005610                dcd_init
 .text.dcd_edpt0_status_complete
                0x1000568c       0x1c CMakeFiles/comms.dir/C_/Pico/pico-sdk/lib/tinyusb/src/portable/raspberrypi/rp2040/dcd_rp2040.c.obj
                0x1000568c                dcd_edpt0_status_complete
 .text.dcd_edpt_open
                0x100056a8       0x40 CMakeFiles/comms.dir/C_/Pico/pico-sdk/lib/tinyusb/src/portable/raspberrypi/rp2040/dcd_rp2040.c.obj
                0x100056a8                dcd_edpt_open
 .text.dcd_edpt_close_all
                0x100056e8        0x8 CMakeFiles/comms.dir/C_/Pico/pico-sdk/lib/tinyusb/src/portable/raspberrypi/rp2040/dcd_rp2040.c.obj
                0x100056e8                dcd_edpt_close_all
 .text.dcd_edpt_xfer
                0x100056f0       0x30 CMakeFiles/comms.dir/C_/Pico/pico-sdk/lib/tinyusb/src/portable/raspberrypi/rp2040/dcd_rp2040.c.obj
                0x100056f0                dcd_edpt_xfer
 .text.dcd_edpt_stall
                0x10005720       0x2c CMakeFiles/comms.dir/C_/Pico/pico-sdk/lib/tinyusb/src/portable/raspberrypi/rp2040/dcd_rp2040.c.obj
                0x10005720                dcd_edpt_stall
 .text.dcd_edpt_clear_stall
                0x1000574c       0x20 CMakeFiles/comms.dir/C_/Pico/pico-sdk/lib/tinyusb/src/portable/raspberrypi/rp2040/dcd_rp2040.c.obj
                0x1000574c                dcd_edpt_clear_stall
 .text.prepare_ep_buffer
                0x1000576c       0x70 CMakeFiles/comms.dir/C_/Pico/pico-sdk/lib/tinyusb/src/portable/raspberrypi/rp2040/rp2040_usb.c.obj
 .text.sync_ep_buffer
                0x100057dc       0x7c CMakeFiles/comms.dir/C_/Pico/pico-sdk/lib/tinyusb/src/portable/raspberrypi/rp2040/rp2040_usb.c.obj
 .text._hw_endpoint_xfer_sync
                0x10005858       0x28 CMakeFiles/comms.dir/C_/Pico/pico-sdk/lib/tinyusb/src/portable/raspberrypi/rp2040/rp2040_usb.c.obj
 .text.rp2040_usb_init
                0x10005880       0x4c CMakeFiles/comms.dir/C_/Pico/pico-sdk/lib/tinyusb/src/portable/raspberrypi/rp2040/rp2040_usb.c.obj
                0x10005880                rp2040_usb_init
 .text.hw_endpoint_reset_transfer
                0x100058cc        0xc CMakeFiles/comms.dir/C_/Pico/pico-sdk/lib/tinyusb/src/portable/raspberrypi/rp2040/rp2040_usb.c.obj
                0x100058cc                hw_endpoint_reset_transfer
 .text._hw_endpoint_buffer_control_update32
                0x100058d8       0x58 CMakeFiles/comms.dir/C_/Pico/pico-sdk/lib/tinyusb/src/portable/raspberrypi/rp2040/rp2040_usb.c.obj
                0x100058d8                _hw_endpoint_buffer_control_update32
 .text._hw_endpoint_start_next_buffer
                0x10005930       0x74 CMakeFiles/comms.dir/C_/Pico/pico-sdk/lib/tinyusb/src/portable/raspberrypi/rp2040/rp2040_usb.c.obj
 .text.hw_endpoint_xfer_start
                0x100059a4       0x48 CMakeFiles/comms.dir/C_/Pico/pico-sdk/lib/tinyusb/src/portable/raspberrypi/rp2040/rp2040_usb.c.obj
                0x100059a4                hw_endpoint_xfer_start
 .text.hw_endpoint_xfer_continue
                0x100059ec       0x38 CMakeFiles/comms.dir/C_/Pico/pico-sdk/lib/tinyusb/src/portable/raspberrypi/rp2040/rp2040_usb.c.obj
                0x100059ec                hw_endpoint_xfer_continue
 .text.configuration_reset
                0x10005a24       0x84 CMakeFiles/comms.dir/C_/Pico/pico-sdk/lib/tinyusb/src/device/usbd.c.obj
 .text.usbd_reset
                0x10005aa8        0xc CMakeFiles/comms.dir/C_/Pico/pico-sdk/lib/tinyusb/src/device/usbd.c.obj
 .text.invoke_class_control
                0x10005ab4       0x1a CMakeFiles/comms.dir/C_/Pico/pico-sdk/lib/tinyusb/src/device/usbd.c.obj
 *fill*         0x10005ace        0x2 
 .text.process_set_config
                0x10005ad0      0x1b0 CMakeFiles/comms.dir/C_/Pico/pico-sdk/lib/tinyusb/src/device/usbd.c.obj
 .text.process_get_descriptor
                0x10005c80       0xec CMakeFiles/comms.dir/C_/Pico/pico-sdk/lib/tinyusb/src/device/usbd.c.obj
 .text.tud_mounted
                0x10005d6c       0x10 CMakeFiles/comms.dir/C_/Pico/pico-sdk/lib/tinyusb/src/device/usbd.c.obj
                0x10005d6c                tud_mounted
 .text.tud_suspended
                0x10005d7c       0x10 CMakeFiles/comms.dir/C_/Pico/pico-sdk/lib/tinyusb/src/device/usbd.c.obj
                0x10005d7c                tud_suspended
 .text.tud_inited
                0x10005d8c        0xc CMakeFiles/comms.dir/C_/Pico/pico-sdk/lib/tinyusb/src/device/usbd.c.obj
                0x10005d8c                tud_inited
 .text.tud_init
                0x10005d98       0xcc CMakeFiles/comms.dir/C_/Pico/pico-sdk/lib/tinyusb/src/device/usbd.c.obj
                0x10005d98                tud_init
 .text.dcd_event_handler
                0x10005e64      0x1e0 CMakeFiles/comms.dir/C_/Pico/pico-sdk/lib/tinyusb/src/device/usbd.c.obj
                0x10005e64                dcd_event_handler
 .text.dcd_event_bus_signal
                0x10006044       0x26 CMakeFiles/comms.dir/C_/Pico/pico-sdk/lib/tinyusb/src/device/usbd.c.obj
                0x10006044                dcd_event_bus_signal
 .text.dcd_event_bus_reset
                0x1000606a       0x2a CMakeFiles/comms.dir/C_/Pico/pico-sdk/lib/tinyusb/src/device/usbd.c.obj
                0x1000606a                dcd_event_bus_reset
 .text.dcd_event_setup_received
                0x10006094       0x34 CMakeFiles/comms.dir/C_/Pico/pico-sdk/lib/tinyusb/src/device/usbd.c.obj
                0x10006094                dcd_event_setup_received
 .text.dcd_event_xfer_complete
                0x100060c8       0x44 CMakeFiles/comms.dir/C_/Pico/pico-sdk/lib/tinyusb/src/device/usbd.c.obj
                0x100060c8                dcd_event_xfer_complete
 .text.usbd_edpt_open
                0x1000610c       0x58 CMakeFiles/comms.dir/C_/Pico/pico-sdk/lib/tinyusb/src/device/usbd.c.obj
                0x1000610c                usbd_edpt_open
 .text.usbd_open_edpt_pair
                0x10006164       0x8c CMakeFiles/comms.dir/C_/Pico/pico-sdk/lib/tinyusb/src/device/usbd.c.obj
                0x10006164                usbd_open_edpt_pair
 .text.usbd_edpt_claim
                0x100061f0       0x8c CMakeFiles/comms.dir/C_/Pico/pico-sdk/lib/tinyusb/src/device/usbd.c.obj
                0x100061f0                usbd_edpt_claim
 .text.usbd_edpt_release
                0x1000627c       0x68 CMakeFiles/comms.dir/C_/Pico/pico-sdk/lib/tinyusb/src/device/usbd.c.obj
                0x1000627c                usbd_edpt_release
 .text.usbd_edpt_xfer
                0x100062e4       0x80 CMakeFiles/comms.dir/C_/Pico/pico-sdk/lib/tinyusb/src/device/usbd.c.obj
                0x100062e4                usbd_edpt_xfer
 .text.usbd_edpt_stall
                0x10006364       0x40 CMakeFiles/comms.dir/C_/Pico/pico-sdk/lib/tinyusb/src/device/usbd.c.obj
                0x10006364                usbd_edpt_stall
 .text.usbd_edpt_clear_stall
                0x100063a4       0x40 CMakeFiles/comms.dir/C_/Pico/pico-sdk/lib/tinyusb/src/device/usbd.c.obj
                0x100063a4                usbd_edpt_clear_stall
 .text.usbd_edpt_stalled
                0x100063e4       0x1c CMakeFiles/comms.dir/C_/Pico/pico-sdk/lib/tinyusb/src/device/usbd.c.obj
                0x100063e4                usbd_edpt_stalled
 .text.process_control_request
                0x10006400      0x3b8 CMakeFiles/comms.dir/C_/Pico/pico-sdk/lib/tinyusb/src/device/usbd.c.obj
 .text.tud_task
                0x100067b8      0x218 CMakeFiles/comms.dir/C_/Pico/pico-sdk/lib/tinyusb/src/device/usbd.c.obj
                0x100067b8                tud_task
 .text._data_stage_xact
                0x100069d0       0x58 CMakeFiles/comms.dir/C_/Pico/pico-sdk/lib/tinyusb/src/device/usbd_control.c.obj
 .text.tud_control_status
                0x10006a28       0x38 CMakeFiles/comms.dir/C_/Pico/pico-sdk/lib/tinyusb/src/device/usbd_control.c.obj
                0x10006a28                tud_control_status
 .text.tud_control_xfer
                0x10006a60       0xa8 CMakeFiles/comms.dir/C_/Pico/pico-sdk/lib/tinyusb/src/device/usbd_control.c.obj
                0x10006a60                tud_control_xfer
 .text.usbd_control_reset
                0x10006b08       0x14 CMakeFiles/comms.dir/C_/Pico/pico-sdk/lib/tinyusb/src/device/usbd_control.c.obj
                0x10006b08                usbd_control_reset
 .text.usbd_control_set_complete_callback
                0x10006b1c        0xc CMakeFiles/comms.dir/C_/Pico/pico-sdk/lib/tinyusb/src/device/usbd_control.c.obj
                0x10006b1c                usbd_control_set_complete_callback
 .text.usbd_control_set_request
                0x10006b28       0x1c CMakeFiles/comms.dir/C_/Pico/pico-sdk/lib/tinyusb/src/device/usbd_control.c.obj
                0x10006b28                usbd_control_set_request
 .text.usbd_control_xfer_cb
                0x10006b44       0xfc CMakeFiles/comms.dir/C_/Pico/pico-sdk/lib/tinyusb/src/device/usbd_control.c.obj
                0x10006b44                usbd_control_xfer_cb
 .text._prep_out_transaction
                0x10006c40       0x46 CMakeFiles/comms.dir/C_/Pico/pico-sdk/lib/tinyusb/src/class/cdc/cdc_device.c.obj
 *fill*         0x10006c86        0x2 
 .text.tud_cdc_n_connected
                0x10006c88       0x44 CMakeFiles/comms.dir/C_/Pico/pico-sdk/lib/tinyusb/src/class/cdc/cdc_device.c.obj
                0x10006c88                tud_cdc_n_connected
 .text.tud_cdc_n_available
                0x10006ccc       0x18 CMakeFiles/comms.dir/C_/Pico/pico-sdk/lib/tinyusb/src/class/cdc/cdc_device.c.obj
                0x10006ccc                tud_cdc_n_available
 .text.tud_cdc_n_read
                0x10006ce4       0x28 CMakeFiles/comms.dir/C_/Pico/pico-sdk/lib/tinyusb/src/class/cdc/cdc_device.c.obj
                0x10006ce4                tud_cdc_n_read
 .text.tud_cdc_n_write_flush
                0x10006d0c       0xcc CMakeFiles/comms.dir/C_/Pico/pico-sdk/lib/tinyusb/src/class/cdc/cdc_device.c.obj
                0x10006d0c                tud_cdc_n_write_flush
 .text.tud_cdc_n_write
                0x10006dd8       0x38 CMakeFiles/comms.dir/C_/Pico/pico-sdk/lib/tinyusb/src/class/cdc/cdc_device.c.obj
                0x10006dd8                tud_cdc_n_write
 .text.tud_cdc_n_write_available
                0x10006e10       0x1c CMakeFiles/comms.dir/C_/Pico/pico-sdk/lib/tinyusb/src/class/cdc/cdc_device.c.obj
                0x10006e10                tud_cdc_n_write_available
 .text.cdcd_init
                0x10006e2c       0xbc CMakeFiles/comms.dir/C_/Pico/pico-sdk/lib/tinyusb/src/class/cdc/cdc_device.c.obj
                0x10006e2c                cdcd_init
 .text.cdcd_reset
                0x10006ee8       0x44 CMakeFiles/comms.dir/C_/Pico/pico-sdk/lib/tinyusb/src/class/cdc/cdc_device.c.obj
                0x10006ee8                cdcd_reset
 .text.cdcd_open
                0x10006f2c       0xf8 CMakeFiles/comms.dir/C_/Pico/pico-sdk/lib/tinyusb/src/class/cdc/cdc_device.c.obj
                0x10006f2c                cdcd_open
 .text.cdcd_control_xfer_cb
                0x10007024      0x134 CMakeFiles/comms.dir/C_/Pico/pico-sdk/lib/tinyusb/src/class/cdc/cdc_device.c.obj
                0x10007024                cdcd_control_xfer_cb
 .text.cdcd_xfer_cb
                0x10007158      0x144 CMakeFiles/comms.dir/C_/Pico/pico-sdk/lib/tinyusb/src/class/cdc/cdc_device.c.obj
                0x10007158                cdcd_xfer_cb
 .text.tusb_init
                0x1000729c       0x24 CMakeFiles/comms.dir/C_/Pico/pico-sdk/lib/tinyusb/src/tusb.c.obj
                0x1000729c                tusb_init
 .text.tusb_inited
                0x100072c0        0xe CMakeFiles/comms.dir/C_/Pico/pico-sdk/lib/tinyusb/src/tusb.c.obj
                0x100072c0                tusb_inited
 *fill*         0x100072ce        0x2 
 .text.tu_edpt_validate
                0x100072d0       0xa8 CMakeFiles/comms.dir/C_/Pico/pico-sdk/lib/tinyusb/src/tusb.c.obj
                0x100072d0                tu_edpt_validate
 .text.tu_edpt_bind_driver
                0x10007378       0x2a CMakeFiles/comms.dir/C_/Pico/pico-sdk/lib/tinyusb/src/tusb.c.obj
                0x10007378                tu_edpt_bind_driver
 .text.advance_pointer
                0x100073a2       0x18 CMakeFiles/comms.dir/C_/Pico/pico-sdk/lib/tinyusb/src/common/tusb_fifo.c.obj
 .text.backward_pointer
                0x100073ba       0x1e CMakeFiles/comms.dir/C_/Pico/pico-sdk/lib/tinyusb/src/common/tusb_fifo.c.obj
 .text.get_relative_pointer
                0x100073d8       0x10 CMakeFiles/comms.dir/C_/Pico/pico-sdk/lib/tinyusb/src/common/tusb_fifo.c.obj
 .text._tu_fifo_peek
                0x100073e8       0x50 CMakeFiles/comms.dir/C_/Pico/pico-sdk/lib/tinyusb/src/common/tusb_fifo.c.obj
 .text._ff_pull_const_addr
                0x10007438       0x4c CMakeFiles/comms.dir/C_/Pico/pico-sdk/lib/tinyusb/src/common/tusb_fifo.c.obj
 .text._ff_pull_n
                0x10007484      0x10c CMakeFiles/comms.dir/C_/Pico/pico-sdk/lib/tinyusb/src/common/tusb_fifo.c.obj
 .text._tu_fifo_peek_n
                0x10007590       0x5e CMakeFiles/comms.dir/C_/Pico/pico-sdk/lib/tinyusb/src/common/tusb_fifo.c.obj
 .text._tu_fifo_read_n
                0x100075ee       0x4e CMakeFiles/comms.dir/C_/Pico/pico-sdk/lib/tinyusb/src/common/tusb_fifo.c.obj
 .text._ff_push_const_addr
                0x1000763c       0x40 CMakeFiles/comms.dir/C_/Pico/pico-sdk/lib/tinyusb/src/common/tusb_fifo.c.obj
 .text._ff_push_n
                0x1000767c      0x108 CMakeFiles/comms.dir/C_/Pico/pico-sdk/lib/tinyusb/src/common/tusb_fifo.c.obj
 .text._tu_fifo_write_n
                0x10007784       0x9e CMakeFiles/comms.dir/C_/Pico/pico-sdk/lib/tinyusb/src/common/tusb_fifo.c.obj
 .text.tu_fifo_config
                0x10007822       0x72 CMakeFiles/comms.dir/C_/Pico/pico-sdk/lib/tinyusb/src/common/tusb_fifo.c.obj
                0x10007822                tu_fifo_config
 .text.tu_fifo_count
                0x10007894       0x26 CMakeFiles/comms.dir/C_/Pico/pico-sdk/lib/tinyusb/src/common/tusb_fifo.c.obj
                0x10007894                tu_fifo_count
 .text.tu_fifo_empty
                0x100078ba       0x10 CMakeFiles/comms.dir/C_/Pico/pico-sdk/lib/tinyusb/src/common/tusb_fifo.c.obj
                0x100078ba                tu_fifo_empty
 .text.tu_fifo_remaining
                0x100078ca       0x20 CMakeFiles/comms.dir/C_/Pico/pico-sdk/lib/tinyusb/src/common/tusb_fifo.c.obj
                0x100078ca                tu_fifo_remaining
 .text.tu_fifo_read
                0x100078ea       0x42 CMakeFiles/comms.dir/C_/Pico/pico-sdk/lib/tinyusb/src/common/tusb_fifo.c.obj
                0x100078ea                tu_fifo_read
 .text.tu_fifo_read_n
                0x1000792c        0xa CMakeFiles/comms.dir/C_/Pico/pico-sdk/lib/tinyusb/src/common/tusb_fifo.c.obj
                0x1000792c                tu_fifo_read_n
 .text.tu_fifo_write
                0x10007936       0x6c CMakeFiles/comms.dir/C_/Pico/pico-sdk/lib/tinyusb/src/common/tusb_fifo.c.obj
                0x10007936                tu_fifo_write
 .text.tu_fifo_write_n
                0x100079a2        0xa CMakeFiles/comms.dir/C_/Pico/pico-sdk/lib/tinyusb/src/common/tusb_fifo.c.obj
                0x100079a2                tu_fifo_write_n
 .text.tu_fifo_clear
                0x100079ac       0x4c CMakeFiles/comms.dir/C_/Pico/pico-sdk/lib/tinyusb/src/common/tusb_fifo.c.obj
                0x100079ac                tu_fifo_clear
 .text.tu_fifo_set_overwritable
                0x100079f8       0x3c CMakeFiles/comms.dir/C_/Pico/pico-sdk/lib/tinyusb/src/common/tusb_fifo.c.obj
                0x100079f8                tu_fifo_set_overwritable
 .text._retrieve_unique_id_on_boot
                0x10007a34       0x10 CMakeFiles/comms.dir/C_/Pico/pico-sdk/src/rp2_common/pico_unique_id/unique_id.c.obj
 .text.pico_get_unique_board_id_string
                0x10007a44       0x60 CMakeFiles/comms.dir/C_/Pico/pico-sdk/src/rp2_common/pico_unique_id/unique_id.c.obj
                0x10007a44                pico_get_unique_board_id_string
 .text.flash_get_unique_id
                0x10007aa4       0x46 CMakeFiles/comms.dir/C_/Pico/pico-sdk/src/rp2_common/hardware_flash/flash.c.obj
                0x10007aa4                flash_get_unique_id
 *fill*         0x10007aea        0x2 
 .text.strlen   0x10007aec       0x5c c:/progra~2/gnuarm~1/102020~1/bin/../lib/gcc/arm-none-eabi/10.2.1/../../../../arm-none-eabi/lib/thumb/v6-m/nofp\libg.a(lib_a-strlen-stub.o)
                0x10007aec                strlen
 *(.fini)
 .fini          0x10007b48        0x4 c:/progra~2/gnuarm~1/102020~1/bin/../lib/gcc/arm-none-eabi/10.2.1/thumb/v6-m/nofp/crti.o
                0x10007b48                _fini
 *fill*         0x10007b4c        0x4 
 .fini.__stub   0x10007b50       0x70 linker stubs
 *crtbegin.o(.ctors)
 *crtbegin?.o(.ctors)
 *(EXCLUDE_FILE(*crtend.o *crtend?.o) .ctors)
 *(SORT_BY_NAME(.ctors.*))
 *(.ctors)
 *crtbegin.o(.dtors)
 *crtbegin?.o(.dtors)
 *(EXCLUDE_FILE(*crtend.o *crtend?.o) .dtors)
 *(SORT_BY_NAME(.dtors.*))
 *(.dtors)
 *(.eh_frame*)
 .eh_frame      0x10007bc0        0x0 c:/progra~2/gnuarm~1/102020~1/bin/../lib/gcc/arm-none-eabi/10.2.1/thumb/v6-m/nofp/crtbegin.o
                0x10007bc0                . = ALIGN (0x4)

.glue_7         0x10007bc0        0x0
 .glue_7        0x10007bc0        0x0 linker stubs

.glue_7t        0x10007bc0        0x0
 .glue_7t       0x10007bc0        0x0 linker stubs

.vfp11_veneer   0x10007bc0        0x0
 .vfp11_veneer  0x10007bc0        0x0 linker stubs

.v4_bx          0x10007bc0        0x0
 .v4_bx         0x10007bc0        0x0 linker stubs

.iplt           0x10007bc0        0x0
 .iplt          0x10007bc0        0x0 c:/progra~2/gnuarm~1/102020~1/bin/../lib/gcc/arm-none-eabi/10.2.1/thumb/v6-m/nofp/crtbegin.o

.rodata         0x10007bc0     0x16c4
 *(EXCLUDE_FILE(*libm.a: *libc.a:*lib_a-mem*.o *libgcc.a:) .rodata*)
 .rodata.sendWheelSpeedL.str1.4
                0x10007bc0        0x5 CMakeFiles/comms.dir/comms.c.obj
 *fill*         0x10007bc5        0x3 
 .rodata.sendBarcode.str1.4
                0x10007bc8        0x5 CMakeFiles/comms.dir/comms.c.obj
 *fill*         0x10007bcd        0x3 
 .rodata.sendDist.str1.4
                0x10007bd0        0x5 CMakeFiles/comms.dir/comms.c.obj
 *fill*         0x10007bd5        0x3 
 .rodata.sendHeight.str1.4
                0x10007bd8        0x5 CMakeFiles/comms.dir/comms.c.obj
 *fill*         0x10007bdd        0x3 
 .rodata.sendCoord.str1.4
                0x10007be0       0x14 CMakeFiles/comms.dir/comms.c.obj
 .rodata.sendBarcodeCoord.str1.4
                0x10007bf4        0x8 CMakeFiles/comms.dir/comms.c.obj
 .rodata.sendHumpCoord.str1.4
                0x10007bfc        0x8 CMakeFiles/comms.dir/comms.c.obj
 .rodata.sendWheelSpeedR.str1.4
                0x10007c04        0x5 CMakeFiles/comms.dir/comms.c.obj
 *fill*         0x10007c09        0x3 
 .rodata.main.str1.4
                0x10007c0c       0x1f CMakeFiles/comms.dir/comms.c.obj
 *fill*         0x10007c2b        0x1 
 .rodata.spin_lock_claim_unused.str1.4
                0x10007c2c       0x1b CMakeFiles/comms.dir/C_/Pico/pico-sdk/src/rp2_common/hardware_sync/sync.c.obj
 *fill*         0x10007c47        0x1 
 .rodata.make_branch.str1.4
                0x10007c48       0x63 CMakeFiles/comms.dir/C_/Pico/pico-sdk/src/rp2_common/hardware_irq/irq.c.obj
 *fill*         0x10007cab        0x1 
 .rodata.insert_branch_and_link.str1.4
                0x10007cac       0x10 CMakeFiles/comms.dir/C_/Pico/pico-sdk/src/rp2_common/hardware_irq/irq.c.obj
 .rodata.irq_set_exclusive_handler.str1.4
                0x10007cbc       0x36 CMakeFiles/comms.dir/C_/Pico/pico-sdk/src/rp2_common/hardware_irq/irq.c.obj
 *fill*         0x10007cf2        0x2 
 .rodata.irq_add_shared_handler.str1.4
                0x10007cf4       0xd9 CMakeFiles/comms.dir/C_/Pico/pico-sdk/src/rp2_common/hardware_irq/irq.c.obj
 *fill*         0x10007dcd        0x3 
 .rodata.irq_remove_handler.str1.4
                0x10007dd0       0x2a CMakeFiles/comms.dir/C_/Pico/pico-sdk/src/rp2_common/hardware_irq/irq.c.obj
 *fill*         0x10007dfa        0x2 
 .rodata.irq_add_tail_to_free_list.str1.4
                0x10007dfc       0x3a CMakeFiles/comms.dir/C_/Pico/pico-sdk/src/rp2_common/hardware_irq/irq.c.obj
 *fill*         0x10007e36        0x2 
 .rodata.user_irq_claim_unused.str1.4
                0x10007e38       0x1b CMakeFiles/comms.dir/C_/Pico/pico-sdk/src/rp2_common/hardware_irq/irq.c.obj
 *fill*         0x10007e53        0x1 
 .rodata.__func__.0
                0x10007e54       0x1a CMakeFiles/comms.dir/C_/Pico/pico-sdk/src/rp2_common/hardware_irq/irq.c.obj
 *fill*         0x10007e6e        0x2 
 .rodata.__func__.1
                0x10007e70       0x17 CMakeFiles/comms.dir/C_/Pico/pico-sdk/src/rp2_common/hardware_irq/irq.c.obj
 *fill*         0x10007e87        0x1 
 .rodata.__func__.2
                0x10007e88       0x13 CMakeFiles/comms.dir/C_/Pico/pico-sdk/src/rp2_common/hardware_irq/irq.c.obj
 *fill*         0x10007e9b        0x1 
 .rodata.__func__.3
                0x10007e9c        0xc CMakeFiles/comms.dir/C_/Pico/pico-sdk/src/rp2_common/hardware_irq/irq.c.obj
 .rodata.__func__.4
                0x10007ea8        0xf CMakeFiles/comms.dir/C_/Pico/pico-sdk/src/rp2_common/hardware_irq/irq.c.obj
 *fill*         0x10007eb7        0x1 
 .rodata.__func__.5
                0x10007eb8       0x17 CMakeFiles/comms.dir/C_/Pico/pico-sdk/src/rp2_common/hardware_irq/irq.c.obj
 *fill*         0x10007ecf        0x1 
 .rodata.__func__.6
                0x10007ed0       0x1a CMakeFiles/comms.dir/C_/Pico/pico-sdk/src/rp2_common/hardware_irq/irq.c.obj
 *fill*         0x10007eea        0x2 
 .rodata.repeating_timer_callback.str1.4
                0x10007eec       0x41 CMakeFiles/comms.dir/C_/Pico/pico-sdk/src/common/pico_time/time.c.obj
 *fill*         0x10007f2d        0x3 
 .rodata.alarm_pool_dump_key.str1.4
                0x10007f30       0x33 CMakeFiles/comms.dir/C_/Pico/pico-sdk/src/common/pico_time/time.c.obj
 *fill*         0x10007f63        0x1 
 .rodata.ph_add_child_node.str1.4
                0x10007f64       0x8a CMakeFiles/comms.dir/C_/Pico/pico-sdk/src/common/pico_time/time.c.obj
 *fill*         0x10007fee        0x2 
 .rodata.add_alarm_under_lock.str1.4
                0x10007ff0       0x28 CMakeFiles/comms.dir/C_/Pico/pico-sdk/src/common/pico_time/time.c.obj
                                 0x2b (size before relaxing)
 .rodata.alarm_pool_alarm_callback.str1.4
                0x10008018       0xda CMakeFiles/comms.dir/C_/Pico/pico-sdk/src/common/pico_time/time.c.obj
 *fill*         0x100080f2        0x2 
 .rodata.alarm_pool_get_default.str1.4
                0x100080f4       0x21 CMakeFiles/comms.dir/C_/Pico/pico-sdk/src/common/pico_time/time.c.obj
 *fill*         0x10008115        0x3 
 .rodata.alarm_pool_cancel_alarm.str1.4
                0x10008118       0x27 CMakeFiles/comms.dir/C_/Pico/pico-sdk/src/common/pico_time/time.c.obj
 *fill*         0x1000813f        0x1 
 .rodata.sleep_until.str1.4
                0x10008140       0x4d CMakeFiles/comms.dir/C_/Pico/pico-sdk/src/common/pico_time/time.c.obj
 *fill*         0x1000818d        0x3 
 .rodata.__func__.1
                0x10008190       0x18 CMakeFiles/comms.dir/C_/Pico/pico-sdk/src/common/pico_time/time.c.obj
 .rodata.__func__.10
                0x100081a8       0x15 CMakeFiles/comms.dir/C_/Pico/pico-sdk/src/common/pico_time/time.c.obj
 *fill*         0x100081bd        0x3 
 .rodata.__func__.11
                0x100081c0       0x1a CMakeFiles/comms.dir/C_/Pico/pico-sdk/src/common/pico_time/time.c.obj
 *fill*         0x100081da        0x2 
 .rodata.__func__.12
                0x100081dc        0xa CMakeFiles/comms.dir/C_/Pico/pico-sdk/src/common/pico_time/time.c.obj
 *fill*         0x100081e6        0x2 
 .rodata.__func__.3
                0x100081e8       0x17 CMakeFiles/comms.dir/C_/Pico/pico-sdk/src/common/pico_time/time.c.obj
 *fill*         0x100081ff        0x1 
 .rodata.__func__.4
                0x10008200       0x12 CMakeFiles/comms.dir/C_/Pico/pico-sdk/src/common/pico_time/time.c.obj
 *fill*         0x10008212        0x2 
 .rodata.__func__.5
                0x10008214        0xd CMakeFiles/comms.dir/C_/Pico/pico-sdk/src/common/pico_time/time.c.obj
 *fill*         0x10008221        0x3 
 .rodata.__func__.6
                0x10008224       0x12 CMakeFiles/comms.dir/C_/Pico/pico-sdk/src/common/pico_time/time.c.obj
 *fill*         0x10008236        0x2 
 .rodata.__func__.7
                0x10008238        0xf CMakeFiles/comms.dir/C_/Pico/pico-sdk/src/common/pico_time/time.c.obj
 *fill*         0x10008247        0x1 
 .rodata.__func__.8
                0x10008248        0xc CMakeFiles/comms.dir/C_/Pico/pico-sdk/src/common/pico_time/time.c.obj
 .rodata.__func__.9
                0x10008254       0x15 CMakeFiles/comms.dir/C_/Pico/pico-sdk/src/common/pico_time/time.c.obj
 *fill*         0x10008269        0x3 
 .rodata.hardware_alarm_claim.str1.4
                0x1000826c       0x22 CMakeFiles/comms.dir/C_/Pico/pico-sdk/src/rp2_common/hardware_timer/timer.c.obj
 *fill*         0x1000828e        0x2 
 .rodata.hardware_alarm_set_target.str1.4
                0x10008290       0x5b CMakeFiles/comms.dir/C_/Pico/pico-sdk/src/rp2_common/hardware_timer/timer.c.obj
 *fill*         0x100082eb        0x1 
 .rodata.__func__.0
                0x100082ec       0x1a CMakeFiles/comms.dir/C_/Pico/pico-sdk/src/rp2_common/hardware_timer/timer.c.obj
 .rodata.ph_add_child_node.str1.4
                0x10008306       0x8a CMakeFiles/comms.dir/C_/Pico/pico-sdk/src/common/pico_util/pheap.c.obj
 *fill*         0x10008306        0x2 
 .rodata.ph_remove_any_head.str1.4
                0x10008308       0x84 CMakeFiles/comms.dir/C_/Pico/pico-sdk/src/common/pico_util/pheap.c.obj
 .rodata.ph_remove_and_free_node.str1.4
                0x1000838c       0x1e CMakeFiles/comms.dir/C_/Pico/pico-sdk/src/common/pico_util/pheap.c.obj
                                 0x26 (size before relaxing)
 *fill*         0x100083aa        0x2 
 .rodata.__func__.0
                0x100083ac       0x18 CMakeFiles/comms.dir/C_/Pico/pico-sdk/src/common/pico_util/pheap.c.obj
 .rodata.__func__.1
                0x100083c4       0x13 CMakeFiles/comms.dir/C_/Pico/pico-sdk/src/common/pico_util/pheap.c.obj
 *fill*         0x100083d7        0x1 
 .rodata.__func__.2
                0x100083d8       0x12 CMakeFiles/comms.dir/C_/Pico/pico-sdk/src/common/pico_util/pheap.c.obj
 *fill*         0x100083ea        0x2 
 .rodata.__func__.3
                0x100083ec        0xc CMakeFiles/comms.dir/C_/Pico/pico-sdk/src/common/pico_util/pheap.c.obj
 .rodata.str1.4
                0x100083f8       0x81 CMakeFiles/comms.dir/C_/Pico/pico-sdk/src/common/pico_sync/mutex.c.obj
                                 0xd9 (size before relaxing)
 *fill*         0x10008479        0x3 
 .rodata.__func__.1
                0x1000847c        0xb CMakeFiles/comms.dir/C_/Pico/pico-sdk/src/common/pico_sync/mutex.c.obj
 *fill*         0x10008487        0x1 
 .rodata.__func__.3
                0x10008488       0x18 CMakeFiles/comms.dir/C_/Pico/pico-sdk/src/common/pico_sync/mutex.c.obj
 .rodata.__func__.4
                0x100084a0       0x15 CMakeFiles/comms.dir/C_/Pico/pico-sdk/src/common/pico_sync/mutex.c.obj
 *fill*         0x100084b5        0x3 
 .rodata.__assert_func.str1.4
                0x100084b8       0x3f CMakeFiles/comms.dir/C_/Pico/pico-sdk/src/rp2_common/pico_runtime/runtime.c.obj
                                 0x43 (size before relaxing)
 *fill*         0x100084f7        0x1 
 .rodata.runtime_init.str1.4
                0x100084f8       0x57 CMakeFiles/comms.dir/C_/Pico/pico-sdk/src/rp2_common/pico_runtime/runtime.c.obj
 *fill*         0x1000854f        0x1 
 .rodata.panic.str1.4
                0x10008550       0x12 CMakeFiles/comms.dir/C_/Pico/pico-sdk/src/rp2_common/pico_runtime/runtime.c.obj
 *fill*         0x10008562        0x2 
 .rodata.__func__.1
                0x10008564        0xd CMakeFiles/comms.dir/C_/Pico/pico-sdk/src/rp2_common/pico_runtime/runtime.c.obj
 *fill*         0x10008571        0x3 
 .rodata.clock_configure.str1.4
                0x10008574       0x4d CMakeFiles/comms.dir/C_/Pico/pico-sdk/src/rp2_common/hardware_clocks/clocks.c.obj
 *fill*         0x100085c1        0x3 
 .rodata.__func__.1
                0x100085c4       0x10 CMakeFiles/comms.dir/C_/Pico/pico-sdk/src/rp2_common/hardware_clocks/clocks.c.obj
 .rodata.pll_init.str1.4
                0x100085d4      0x12f CMakeFiles/comms.dir/C_/Pico/pico-sdk/src/rp2_common/hardware_pll/pll.c.obj
 *fill*         0x10008703        0x1 
 .rodata.__func__.0
                0x10008704        0x9 CMakeFiles/comms.dir/C_/Pico/pico-sdk/src/rp2_common/hardware_pll/pll.c.obj
 *fill*         0x1000870d        0x3 
 .rodata._ftoa.str1.4
                0x10008710       0x15 CMakeFiles/comms.dir/C_/Pico/pico-sdk/src/rp2_common/pico_printf/printf.c.obj
 *fill*         0x10008725        0x3 
 .rodata._vsnprintf
                0x10008728      0x1e0 CMakeFiles/comms.dir/C_/Pico/pico-sdk/src/rp2_common/pico_printf/printf.c.obj
 .rodata.pow10.0
                0x10008908       0x50 CMakeFiles/comms.dir/C_/Pico/pico-sdk/src/rp2_common/pico_printf/printf.c.obj
 .rodata.__aeabi_double_init.str1.4
                0x10008958       0x9e CMakeFiles/comms.dir/C_/Pico/pico-sdk/src/rp2_common/pico_double/double_init_rom.c.obj
 *fill*         0x100089f6        0x2 
 .rodata.__func__.0
                0x100089f8       0x14 CMakeFiles/comms.dir/C_/Pico/pico-sdk/src/rp2_common/pico_double/double_init_rom.c.obj
 .rodata.__aeabi_float_init.str1.4
                0x10008a0c       0x70 CMakeFiles/comms.dir/C_/Pico/pico-sdk/src/rp2_common/pico_float/float_init_rom.c.obj
                                 0x74 (size before relaxing)
 .rodata.__func__.0
                0x10008a7c       0x13 CMakeFiles/comms.dir/C_/Pico/pico-sdk/src/rp2_common/pico_float/float_init_rom.c.obj
 *fill*         0x10008a8f        0x1 
 .rodata.str1.4
                0x10008a90       0x3c CMakeFiles/comms.dir/C_/Pico/pico-sdk/src/rp2_common/pico_standard_link/binary_info.c.obj
 .rodata.__bi_44
                0x10008acc        0xc CMakeFiles/comms.dir/C_/Pico/pico-sdk/src/rp2_common/pico_standard_link/binary_info.c.obj
 .rodata.__bi_75
                0x10008ad8        0xc CMakeFiles/comms.dir/C_/Pico/pico-sdk/src/rp2_common/pico_standard_link/binary_info.c.obj
 .rodata.__bi_81
                0x10008ae4        0xc CMakeFiles/comms.dir/C_/Pico/pico-sdk/src/rp2_common/pico_standard_link/binary_info.c.obj
 .rodata.crlf_str.3
                0x10008af0        0x2 CMakeFiles/comms.dir/C_/Pico/pico-sdk/src/rp2_common/pico_stdio/stdio.c.obj
 *fill*         0x10008af2        0x2 
 .rodata.str1.4
                0x10008af4       0x2c CMakeFiles/comms.dir/C_/Pico/pico-sdk/src/rp2_common/pico_stdio_uart/stdio_uart.c.obj
 .rodata.__bi_28.4
                0x10008b20        0xc CMakeFiles/comms.dir/C_/Pico/pico-sdk/src/rp2_common/pico_stdio_uart/stdio_uart.c.obj
 .rodata.__bi_29.5
                0x10008b2c        0x8 CMakeFiles/comms.dir/C_/Pico/pico-sdk/src/rp2_common/pico_stdio_uart/stdio_uart.c.obj
 .rodata._resetd_driver
                0x10008b34       0x18 CMakeFiles/comms.dir/C_/Pico/pico-sdk/src/rp2_common/pico_stdio_usb/reset_interface.c.obj
 .rodata.timer_task.str1.4
                0x10008b4c       0x63 CMakeFiles/comms.dir/C_/Pico/pico-sdk/src/rp2_common/pico_stdio_usb/stdio_usb.c.obj
 .rodata.stdio_usb_init.str1.4
                0x10008baf       0x57 CMakeFiles/comms.dir/C_/Pico/pico-sdk/src/rp2_common/pico_stdio_usb/stdio_usb.c.obj
 *fill*         0x10008baf        0x1 
 .rodata.str1.4
                0x10008bb0       0x13 CMakeFiles/comms.dir/C_/Pico/pico-sdk/src/rp2_common/pico_stdio_usb/stdio_usb.c.obj
 *fill*         0x10008bc3        0x1 
 .rodata.__bi_118.2
                0x10008bc4        0xc CMakeFiles/comms.dir/C_/Pico/pico-sdk/src/rp2_common/pico_stdio_usb/stdio_usb.c.obj
 .rodata.__func__.0
                0x10008bd0       0x15 CMakeFiles/comms.dir/C_/Pico/pico-sdk/src/rp2_common/pico_stdio_usb/stdio_usb.c.obj
 *fill*         0x10008be5        0x3 
 .rodata.__func__.1
                0x10008be8        0xb CMakeFiles/comms.dir/C_/Pico/pico-sdk/src/rp2_common/pico_stdio_usb/stdio_usb.c.obj
 *fill*         0x10008bf3        0x1 
 .rodata.str1.4
                0x10008bf4       0x2a CMakeFiles/comms.dir/C_/Pico/pico-sdk/src/rp2_common/pico_stdio_usb/stdio_usb_descriptors.c.obj
 *fill*         0x10008c1e        0x2 
 .rodata.usbd_desc_cfg
                0x10008c20       0x54 CMakeFiles/comms.dir/C_/Pico/pico-sdk/src/rp2_common/pico_stdio_usb/stdio_usb_descriptors.c.obj
 .rodata.usbd_desc_device
                0x10008c74       0x12 CMakeFiles/comms.dir/C_/Pico/pico-sdk/src/rp2_common/pico_stdio_usb/stdio_usb_descriptors.c.obj
 *fill*         0x10008c86        0x2 
 .rodata.usbd_desc_str
                0x10008c88       0x18 CMakeFiles/comms.dir/C_/Pico/pico-sdk/src/rp2_common/pico_stdio_usb/stdio_usb_descriptors.c.obj
 .rodata._hw_endpoint_alloc.str1.4
                0x10008ca0       0xad CMakeFiles/comms.dir/C_/Pico/pico-sdk/lib/tinyusb/src/portable/raspberrypi/rp2040/dcd_rp2040.c.obj
 *fill*         0x10008d4d        0x3 
 .rodata.dcd_rp2040_irq.str1.4
                0x10008d50       0x14 CMakeFiles/comms.dir/C_/Pico/pico-sdk/lib/tinyusb/src/portable/raspberrypi/rp2040/dcd_rp2040.c.obj
 .rodata.dcd_int_enable.str1.4
                0x10008d64        0xc CMakeFiles/comms.dir/C_/Pico/pico-sdk/lib/tinyusb/src/portable/raspberrypi/rp2040/dcd_rp2040.c.obj
 .rodata.__func__.0
                0x10008d70        0xe CMakeFiles/comms.dir/C_/Pico/pico-sdk/lib/tinyusb/src/portable/raspberrypi/rp2040/dcd_rp2040.c.obj
 *fill*         0x10008d7e        0x2 
 .rodata.__func__.1
                0x10008d80        0xe CMakeFiles/comms.dir/C_/Pico/pico-sdk/lib/tinyusb/src/portable/raspberrypi/rp2040/dcd_rp2040.c.obj
 *fill*         0x10008d8e        0x2 
 .rodata.__func__.3
                0x10008d90       0x10 CMakeFiles/comms.dir/C_/Pico/pico-sdk/lib/tinyusb/src/portable/raspberrypi/rp2040/dcd_rp2040.c.obj
 .rodata.__func__.5
                0x10008da0        0xf CMakeFiles/comms.dir/C_/Pico/pico-sdk/lib/tinyusb/src/portable/raspberrypi/rp2040/dcd_rp2040.c.obj
 *fill*         0x10008daf        0x1 
 .rodata.__func__.6
                0x10008db0       0x13 CMakeFiles/comms.dir/C_/Pico/pico-sdk/lib/tinyusb/src/portable/raspberrypi/rp2040/dcd_rp2040.c.obj
 *fill*         0x10008dc3        0x1 
 .rodata.__func__.7
                0x10008dc4        0x9 CMakeFiles/comms.dir/C_/Pico/pico-sdk/lib/tinyusb/src/portable/raspberrypi/rp2040/dcd_rp2040.c.obj
 *fill*         0x10008dcd        0x3 
 .rodata.sync_ep_buffer.str1.4
                0x10008dd0       0x89 CMakeFiles/comms.dir/C_/Pico/pico-sdk/lib/tinyusb/src/portable/raspberrypi/rp2040/rp2040_usb.c.obj
 *fill*         0x10008e59        0x3 
 .rodata._hw_endpoint_buffer_control_update32.str1.4
                0x10008e5c       0x1f CMakeFiles/comms.dir/C_/Pico/pico-sdk/lib/tinyusb/src/portable/raspberrypi/rp2040/rp2040_usb.c.obj
 *fill*         0x10008e7b        0x1 
 .rodata.hw_endpoint_xfer_start.str1.4
                0x10008e7c       0x38 CMakeFiles/comms.dir/C_/Pico/pico-sdk/lib/tinyusb/src/portable/raspberrypi/rp2040/rp2040_usb.c.obj
 .rodata.hw_endpoint_xfer_continue.str1.4
                0x10008eb4       0x29 CMakeFiles/comms.dir/C_/Pico/pico-sdk/lib/tinyusb/src/portable/raspberrypi/rp2040/rp2040_usb.c.obj
 .rodata.str1.4
                0x10008edd       0x29 CMakeFiles/comms.dir/C_/Pico/pico-sdk/lib/tinyusb/src/portable/raspberrypi/rp2040/rp2040_usb.c.obj
                                  0x7 (size before relaxing)
 *fill*         0x10008edd        0x3 
 .rodata.__func__.0
                0x10008ee0        0xf CMakeFiles/comms.dir/C_/Pico/pico-sdk/lib/tinyusb/src/portable/raspberrypi/rp2040/rp2040_usb.c.obj
 *fill*         0x10008eef        0x1 
 .rodata.process_set_config.str1.4
                0x10008ef0       0x17 CMakeFiles/comms.dir/C_/Pico/pico-sdk/lib/tinyusb/src/device/usbd.c.obj
 *fill*         0x10008f07        0x1 
 .rodata.process_get_descriptor
                0x10008f08       0x40 CMakeFiles/comms.dir/C_/Pico/pico-sdk/lib/tinyusb/src/device/usbd.c.obj
 .rodata.process_control_request
                0x10008f48       0x28 CMakeFiles/comms.dir/C_/Pico/pico-sdk/lib/tinyusb/src/device/usbd.c.obj
 .rodata.tud_task
                0x10008f70       0x24 CMakeFiles/comms.dir/C_/Pico/pico-sdk/lib/tinyusb/src/device/usbd.c.obj
 .rodata.__func__.2
                0x10008f94        0xf CMakeFiles/comms.dir/C_/Pico/pico-sdk/lib/tinyusb/src/device/usbd.c.obj
 *fill*         0x10008fa3        0x1 
 .rodata.__func__.3
                0x10008fa4        0xf CMakeFiles/comms.dir/C_/Pico/pico-sdk/lib/tinyusb/src/device/usbd.c.obj
 *fill*         0x10008fb3        0x1 
 .rodata.__func__.4
                0x10008fb4       0x14 CMakeFiles/comms.dir/C_/Pico/pico-sdk/lib/tinyusb/src/device/usbd.c.obj
 .rodata.__func__.5
                0x10008fc8       0x10 CMakeFiles/comms.dir/C_/Pico/pico-sdk/lib/tinyusb/src/device/usbd.c.obj
 .rodata.__func__.6
                0x10008fd8       0x17 CMakeFiles/comms.dir/C_/Pico/pico-sdk/lib/tinyusb/src/device/usbd.c.obj
 *fill*         0x10008fef        0x1 
 .rodata.__func__.7
                0x10008ff0       0x13 CMakeFiles/comms.dir/C_/Pico/pico-sdk/lib/tinyusb/src/device/usbd.c.obj
 *fill*         0x10009003        0x1 
 .rodata.__func__.8
                0x10009004       0x18 CMakeFiles/comms.dir/C_/Pico/pico-sdk/lib/tinyusb/src/device/usbd.c.obj
 .rodata.__func__.9
                0x1000901c        0x9 CMakeFiles/comms.dir/C_/Pico/pico-sdk/lib/tinyusb/src/device/usbd.c.obj
 *fill*         0x10009025        0x3 
 .rodata._usbd_driver
                0x10009028       0x18 CMakeFiles/comms.dir/C_/Pico/pico-sdk/lib/tinyusb/src/device/usbd.c.obj
 .rodata.tud_control_xfer.str1.4
                0x10009040       0x17 CMakeFiles/comms.dir/C_/Pico/pico-sdk/lib/tinyusb/src/device/usbd_control.c.obj
 .rodata.__func__.0
                0x10009040       0x15 CMakeFiles/comms.dir/C_/Pico/pico-sdk/lib/tinyusb/src/device/usbd_control.c.obj
 *fill*         0x10009055        0x3 
 .rodata.__func__.1
                0x10009058       0x11 CMakeFiles/comms.dir/C_/Pico/pico-sdk/lib/tinyusb/src/device/usbd_control.c.obj
 .rodata.tud_cdc_n_write_flush.str1.4
                0x10009069       0x17 CMakeFiles/comms.dir/C_/Pico/pico-sdk/lib/tinyusb/src/class/cdc/cdc_device.c.obj
 *fill*         0x10009069        0x3 
 .rodata.__func__.0
                0x1000906c        0xd CMakeFiles/comms.dir/C_/Pico/pico-sdk/lib/tinyusb/src/class/cdc/cdc_device.c.obj
 *fill*         0x10009079        0x3 
 .rodata.__func__.1
                0x1000907c        0xa CMakeFiles/comms.dir/C_/Pico/pico-sdk/lib/tinyusb/src/class/cdc/cdc_device.c.obj
 *fill*         0x10009086        0x2 
 .rodata.__func__.2
                0x10009088       0x16 CMakeFiles/comms.dir/C_/Pico/pico-sdk/lib/tinyusb/src/class/cdc/cdc_device.c.obj
 .rodata.tusb_init.str1.4
                0x1000909e       0x17 CMakeFiles/comms.dir/C_/Pico/pico-sdk/lib/tinyusb/src/tusb.c.obj
 *fill*         0x1000909e        0x2 
 .rodata.__func__.0
                0x100090a0       0x11 CMakeFiles/comms.dir/C_/Pico/pico-sdk/lib/tinyusb/src/tusb.c.obj
 *fill*         0x100090b1        0x3 
 .rodata.__func__.1
                0x100090b4        0xa CMakeFiles/comms.dir/C_/Pico/pico-sdk/lib/tinyusb/src/tusb.c.obj
 *fill*         0x100090be        0x2 
 .rodata.pico_get_unique_board_id_string.str1.4
                0x100090c0       0x43 CMakeFiles/comms.dir/C_/Pico/pico-sdk/src/rp2_common/pico_unique_id/unique_id.c.obj
 *fill*         0x10009103        0x1 
 .rodata.__func__.0
                0x10009104       0x20 CMakeFiles/comms.dir/C_/Pico/pico-sdk/src/rp2_common/pico_unique_id/unique_id.c.obj
 .rodata.str1.4
                0x10009124      0x14e CMakeFiles/comms.dir/C_/Pico/pico-sdk/src/rp2_common/hardware_flash/flash.c.obj
 *fill*         0x10009272        0x2 
 .rodata.__func__.0
                0x10009274        0xd CMakeFiles/comms.dir/C_/Pico/pico-sdk/src/rp2_common/hardware_flash/flash.c.obj
                0x10009284                . = ALIGN (0x4)
 *fill*         0x10009281        0x3 
 *(SORT_BY_ALIGNMENT(SORT_BY_NAME(.flashdata*)))
                0x10009284                . = ALIGN (0x4)

.rel.dyn        0x10009284        0x0
 .rel.iplt      0x10009284        0x0 c:/progra~2/gnuarm~1/102020~1/bin/../lib/gcc/arm-none-eabi/10.2.1/thumb/v6-m/nofp/crtbegin.o

.ARM.extab
 *(.ARM.extab* .gnu.linkonce.armextab.*)
                0x10009284                __exidx_start = .

.ARM.exidx
 *(.ARM.exidx* .gnu.linkonce.armexidx.*)
                0x10009284                __exidx_end = .
                0x10009284                . = ALIGN (0x4)
                0x10009284                __binary_info_start = .

.binary_info    0x10009284       0x28
 *(.binary_info.keep.*)
 .binary_info.keep.__bi_ptr22
                0x10009284        0x4 CMakeFiles/comms.dir/C_/Pico/pico-sdk/src/rp2_common/pico_standard_link/binary_info.c.obj
 .binary_info.keep.__bi_ptr30
                0x10009288        0x4 CMakeFiles/comms.dir/C_/Pico/pico-sdk/src/rp2_common/pico_standard_link/binary_info.c.obj
 .binary_info.keep.__bi_ptr38
                0x1000928c        0x4 CMakeFiles/comms.dir/C_/Pico/pico-sdk/src/rp2_common/pico_standard_link/binary_info.c.obj
 .binary_info.keep.__bi_ptr44
                0x10009290        0x4 CMakeFiles/comms.dir/C_/Pico/pico-sdk/src/rp2_common/pico_standard_link/binary_info.c.obj
 .binary_info.keep.__bi_ptr50
                0x10009294        0x4 CMakeFiles/comms.dir/C_/Pico/pico-sdk/src/rp2_common/pico_standard_link/binary_info.c.obj
 .binary_info.keep.__bi_ptr75
                0x10009298        0x4 CMakeFiles/comms.dir/C_/Pico/pico-sdk/src/rp2_common/pico_standard_link/binary_info.c.obj
 .binary_info.keep.__bi_ptr81
                0x1000929c        0x4 CMakeFiles/comms.dir/C_/Pico/pico-sdk/src/rp2_common/pico_standard_link/binary_info.c.obj
 *(.binary_info.*)
 .binary_info.__bi_ptr28
                0x100092a0        0x4 CMakeFiles/comms.dir/C_/Pico/pico-sdk/src/rp2_common/pico_stdio_uart/stdio_uart.c.obj
 .binary_info.__bi_ptr29
                0x100092a4        0x4 CMakeFiles/comms.dir/C_/Pico/pico-sdk/src/rp2_common/pico_stdio_uart/stdio_uart.c.obj
 .binary_info.__bi_ptr118
                0x100092a8        0x4 CMakeFiles/comms.dir/C_/Pico/pico-sdk/src/rp2_common/pico_stdio_usb/stdio_usb.c.obj
                0x100092ac                __binary_info_end = .
                0x100092ac                . = ALIGN (0x4)
                0x100092ac                __etext = .

.ram_vector_table
                0x20000000       0xc0
 *(.ram_vector_table)
 .ram_vector_table
                0x20000000       0xc0 CMakeFiles/comms.dir/C_/Pico/pico-sdk/src/rp2_common/pico_runtime/runtime.c.obj
                0x20000000                ram_vector_table

.data           0x200000c0      0x474 load address 0x100092ac
                0x200000c0                __data_start__ = .
 *(vtable)
 *(.time_critical*)
 .time_critical.mutex_enter_blocking
                0x200000c0       0x48 CMakeFiles/comms.dir/C_/Pico/pico-sdk/src/common/pico_sync/mutex.c.obj
                0x200000c0                mutex_enter_blocking
 .time_critical.mutex_try_enter
                0x20000108       0x46 CMakeFiles/comms.dir/C_/Pico/pico-sdk/src/common/pico_sync/mutex.c.obj
                0x20000108                mutex_try_enter
 *fill*         0x2000014e        0x2 
 .time_critical.mutex_enter_block_until
                0x20000150       0x8c CMakeFiles/comms.dir/C_/Pico/pico-sdk/src/common/pico_sync/mutex.c.obj
                0x20000150                mutex_enter_block_until
 .time_critical.mutex_enter_timeout_ms
                0x200001dc       0x74 CMakeFiles/comms.dir/C_/Pico/pico-sdk/src/common/pico_sync/mutex.c.obj
                0x200001dc                mutex_enter_timeout_ms
 .time_critical.mutex_exit
                0x20000250       0x4c CMakeFiles/comms.dir/C_/Pico/pico-sdk/src/common/pico_sync/mutex.c.obj
                0x20000250                mutex_exit
 .time_critical.flash_init_boot2_copyout
                0x2000029c       0x30 CMakeFiles/comms.dir/C_/Pico/pico-sdk/src/rp2_common/hardware_flash/flash.c.obj
 .time_critical.flash_enable_xip_via_boot2
                0x200002cc       0x10 CMakeFiles/comms.dir/C_/Pico/pico-sdk/src/rp2_common/hardware_flash/flash.c.obj
 .time_critical.flash_cs_force
                0x200002dc       0x28 CMakeFiles/comms.dir/C_/Pico/pico-sdk/src/rp2_common/hardware_flash/flash.c.obj
 .time_critical.flash_do_cmd
                0x20000304       0xd8 CMakeFiles/comms.dir/C_/Pico/pico-sdk/src/rp2_common/hardware_flash/flash.c.obj
                0x20000304                flash_do_cmd
 *(.text*)
 .text          0x200003dc        0x4 c:/progra~2/gnuarm~1/102020~1/bin/../lib/gcc/arm-none-eabi/10.2.1/thumb/v6-m/nofp\libgcc.a(_dvmd_tls.o)
                0x200003dc                __aeabi_idiv0
                0x200003dc                __aeabi_ldiv0
 .text.__stub   0x200003e0       0x40 linker stubs
                0x20000420                . = ALIGN (0x4)
 *(.rodata*)
                0x20000420                . = ALIGN (0x4)
 *(.data*)
 .data.striped_spin_lock_num
                0x20000420        0x1 CMakeFiles/comms.dir/C_/Pico/pico-sdk/src/rp2_common/hardware_sync/sync.c.obj
 *fill*         0x20000421        0x3 
 .data          0x20000424       0x48 CMakeFiles/comms.dir/C_/Pico/pico-sdk/src/rp2_common/hardware_irq/irq_handler_chain.S.obj
                0x20000424                irq_handler_chain_slots
                0x20000454                irq_handler_chain_first_slot
                0x2000045e                irq_handler_chain_remove_tail
 .data.default_alarm_pool
                0x2000046c       0x18 CMakeFiles/comms.dir/C_/Pico/pico-sdk/src/common/pico_time/time.c.obj
 .data.default_alarm_pool_heap
                0x20000484       0x10 CMakeFiles/comms.dir/C_/Pico/pico-sdk/src/common/pico_time/time.c.obj
 *fill*         0x20000494        0xc 
 .data.aeabi_bits_funcs
                0x200004a0       0x10 CMakeFiles/comms.dir/C_/Pico/pico-sdk/src/rp2_common/pico_bit_ops/bit_ops_aeabi.S.obj
                0x200004a0                aeabi_bits_funcs
                0x200004b0                aeabi_bits_funcs_end
 .data.aeabi_mem_funcs
                0x200004b0       0x10 CMakeFiles/comms.dir/C_/Pico/pico-sdk/src/rp2_common/pico_mem_ops/mem_ops_aeabi.S.obj
                0x200004b0                aeabi_mem_funcs
                0x200004c0                aeabi_mem_funcs_end
 .data.stdio_uart
                0x200004c0       0x14 CMakeFiles/comms.dir/C_/Pico/pico-sdk/src/rp2_common/pico_stdio_uart/stdio_uart.c.obj
                0x200004c0                stdio_uart
 .data.stdio_usb
                0x200004d4       0x14 CMakeFiles/comms.dir/C_/Pico/pico-sdk/src/rp2_common/pico_stdio_usb/stdio_usb.c.obj
                0x200004d4                stdio_usb
 .data.ep_dir_string
                0x200004e8        0x8 CMakeFiles/comms.dir/C_/Pico/pico-sdk/lib/tinyusb/src/portable/raspberrypi/rp2040/rp2040_usb.c.obj
                0x200004e8                ep_dir_string
 .data._usbd_qdef
                0x200004f0       0x24 CMakeFiles/comms.dir/C_/Pico/pico-sdk/lib/tinyusb/src/device/usbd.c.obj
                0x200004f0                _usbd_qdef
                0x20000514                . = ALIGN (0x4)
 *(.after_data.*)
                0x20000514                . = ALIGN (0x4)
                0x20000514                PROVIDE (__mutex_array_start = .)
 *(SORT_BY_NAME(.mutex_array.*))
 *(.mutex_array)
 .mutex_array   0x20000514        0x8 CMakeFiles/comms.dir/C_/Pico/pico-sdk/src/rp2_common/pico_stdio/stdio.c.obj
                0x2000051c                PROVIDE (__mutex_array_end = .)
                0x2000051c                . = ALIGN (0x4)
                0x2000051c                PROVIDE (__preinit_array_start = .)
 *(SORT_BY_NAME(.preinit_array.*))
 .preinit_array.00001
                0x2000051c        0x4 CMakeFiles/comms.dir/C_/Pico/pico-sdk/src/rp2_common/pico_mem_ops/mem_ops_aeabi.S.obj
 .preinit_array.00010
                0x20000520        0x4 CMakeFiles/comms.dir/C_/Pico/pico-sdk/src/rp2_common/pico_bit_ops/bit_ops_aeabi.S.obj
 .preinit_array.00020
                0x20000524        0x4 CMakeFiles/comms.dir/C_/Pico/pico-sdk/src/rp2_common/pico_double/double_aeabi.S.obj
 .preinit_array.00020
                0x20000528        0x4 CMakeFiles/comms.dir/C_/Pico/pico-sdk/src/rp2_common/pico_float/float_aeabi.S.obj
 *(.preinit_array)
                0x2000052c                PROVIDE (__preinit_array_end = .)
                0x2000052c                . = ALIGN (0x4)
                0x2000052c                PROVIDE (__init_array_start = .)
 *(SORT_BY_NAME(.init_array.*))
 *(.init_array)
 .init_array    0x2000052c        0x4 c:/progra~2/gnuarm~1/102020~1/bin/../lib/gcc/arm-none-eabi/10.2.1/thumb/v6-m/nofp/crtbegin.o
 .init_array    0x20000530        0x4 CMakeFiles/comms.dir/C_/Pico/pico-sdk/src/rp2_common/pico_unique_id/unique_id.c.obj
                0x20000534                PROVIDE (__init_array_end = .)
                0x20000534                . = ALIGN (0x4)
                [!provide]                PROVIDE (__fini_array_start = .)
 *(SORT_BY_NAME(.fini_array.*))
 *(.fini_array)
                [!provide]                PROVIDE (__fini_array_end = .)
 *(.jcr)
                0x20000534                . = ALIGN (0x4)
                0x20000534                __data_end__ = .

.igot.plt       0x20000534        0x0 load address 0x10009720
 .igot.plt      0x20000534        0x0 c:/progra~2/gnuarm~1/102020~1/bin/../lib/gcc/arm-none-eabi/10.2.1/thumb/v6-m/nofp/crtbegin.o

.uninitialized_data
                0x20000534        0x0 load address 0x10009720
                0x20000534                . = ALIGN (0x4)
 *(.uninitialized_data*)

.scratch_x      0x20040000        0x0 load address 0x10009720
                0x20040000                __scratch_x_start__ = .
 *(.scratch_x.*)
                0x20040000                . = ALIGN (0x4)
                0x20040000                __scratch_x_end__ = .
                0x10009720                __scratch_x_source__ = LOADADDR (.scratch_x)

.scratch_y      0x20041000        0x0 load address 0x10009720
                0x20041000                __scratch_y_start__ = .
 *(.scratch_y.*)
                0x20041000                . = ALIGN (0x4)
                0x20041000                __scratch_y_end__ = .
                0x10009720                __scratch_y_source__ = LOADADDR (.scratch_y)

.bss            0x20000538      0xddc
                0x20000538                . = ALIGN (0x4)
                0x20000538                __bss_start__ = .
 *(SORT_BY_ALIGNMENT(SORT_BY_NAME(.bss*)))
 .bss.default_alarm_pool_entries
                0x20000538      0x100 CMakeFiles/comms.dir/C_/Pico/pico-sdk/src/common/pico_time/time.c.obj
 .bss.last_avail_time.3
                0x20000638        0x8 CMakeFiles/comms.dir/C_/Pico/pico-sdk/src/rp2_common/pico_stdio_usb/stdio_usb.c.obj
 .bss           0x20000640       0x1c c:/progra~2/gnuarm~1/102020~1/bin/../lib/gcc/arm-none-eabi/10.2.1/thumb/v6-m/nofp/crtbegin.o
 .bss._app_driver
                0x2000065c        0x4 CMakeFiles/comms.dir/C_/Pico/pico-sdk/lib/tinyusb/src/device/usbd.c.obj
 .bss._cdcd_itf
                0x20000660      0x2d8 CMakeFiles/comms.dir/C_/Pico/pico-sdk/lib/tinyusb/src/class/cdc/cdc_device.c.obj
 .bss._ctrl_xfer
                0x20000938       0x14 CMakeFiles/comms.dir/C_/Pico/pico-sdk/lib/tinyusb/src/device/usbd_control.c.obj
 .bss._ubsd_mutexdef
                0x2000094c        0x8 CMakeFiles/comms.dir/C_/Pico/pico-sdk/lib/tinyusb/src/device/usbd.c.obj
 .bss._usbd_ctrl_buf
                0x20000954       0x40 CMakeFiles/comms.dir/C_/Pico/pico-sdk/lib/tinyusb/src/device/usbd_control.c.obj
 .bss._usbd_dev
                0x20000994       0x53 CMakeFiles/comms.dir/C_/Pico/pico-sdk/lib/tinyusb/src/device/usbd.c.obj
 *fill*         0x200009e7        0x1 
 .bss._usbd_mutex
                0x200009e8        0x4 CMakeFiles/comms.dir/C_/Pico/pico-sdk/lib/tinyusb/src/device/usbd.c.obj
 .bss._usbd_q   0x200009ec        0x4 CMakeFiles/comms.dir/C_/Pico/pico-sdk/lib/tinyusb/src/device/usbd.c.obj
 .bss._usbd_qdef_buf
                0x200009f0       0xc0 CMakeFiles/comms.dir/C_/Pico/pico-sdk/lib/tinyusb/src/device/usbd.c.obj
                0x200009f0                _usbd_qdef_buf
 .bss.alarm_callbacks
                0x20000ab0       0x10 CMakeFiles/comms.dir/C_/Pico/pico-sdk/src/rp2_common/hardware_timer/timer.c.obj
 .bss.boot2_copyout
                0x20000ac0      0x100 CMakeFiles/comms.dir/C_/Pico/pico-sdk/src/rp2_common/hardware_flash/flash.c.obj
 .bss.claimed   0x20000bc0        0x4 CMakeFiles/comms.dir/C_/Pico/pico-sdk/src/rp2_common/hardware_sync/sync.c.obj
 .bss.configured_freq
                0x20000bc4       0x28 CMakeFiles/comms.dir/C_/Pico/pico-sdk/src/rp2_common/hardware_clocks/clocks.c.obj
 .bss.default_alarm_pool_entry_ids_high
                0x20000bec       0x10 CMakeFiles/comms.dir/C_/Pico/pico-sdk/src/common/pico_time/time.c.obj
 .bss.default_alarm_pool_heap_nodes
                0x20000bfc       0x30 CMakeFiles/comms.dir/C_/Pico/pico-sdk/src/common/pico_time/time.c.obj
 .bss.desc_str.0
                0x20000c2c       0x28 CMakeFiles/comms.dir/C_/Pico/pico-sdk/src/rp2_common/pico_stdio_usb/stdio_usb_descriptors.c.obj
 .bss.drivers   0x20000c54        0x4 CMakeFiles/comms.dir/C_/Pico/pico-sdk/src/rp2_common/pico_stdio/stdio.c.obj
 .bss.filter    0x20000c58        0x4 CMakeFiles/comms.dir/C_/Pico/pico-sdk/src/rp2_common/pico_stdio/stdio.c.obj
 .bss.hw_endpoints
                0x20000c5c      0x400 CMakeFiles/comms.dir/C_/Pico/pico-sdk/lib/tinyusb/src/portable/raspberrypi/rp2040/dcd_rp2040.c.obj
 .bss.load_value
                0x2000105c        0x4 CMakeFiles/comms.dir/C_/Pico/pico-sdk/src/rp2_common/hardware_watchdog/watchdog.c.obj
 .bss.next_buffer_ptr
                0x20001060        0x4 CMakeFiles/comms.dir/C_/Pico/pico-sdk/lib/tinyusb/src/portable/raspberrypi/rp2040/dcd_rp2040.c.obj
 .bss.pools     0x20001064       0x10 CMakeFiles/comms.dir/C_/Pico/pico-sdk/src/common/pico_time/time.c.obj
 .bss.retrieved_id
                0x20001074        0x8 CMakeFiles/comms.dir/C_/Pico/pico-sdk/src/rp2_common/pico_unique_id/unique_id.c.obj
 .bss.sd_table  0x2000107c      0x100 CMakeFiles/comms.dir/C_/Pico/pico-sdk/src/rp2_common/pico_double/double_init_rom.c.obj
                0x2000107c                sd_table
 .bss.sf_clz_func
                0x2000117c        0x4 CMakeFiles/comms.dir/C_/Pico/pico-sdk/src/rp2_common/pico_double/double_init_rom.c.obj
                0x2000117c                sf_clz_func
 .bss.sf_table  0x20001180      0x100 CMakeFiles/comms.dir/C_/Pico/pico-sdk/src/rp2_common/pico_float/float_init_rom.c.obj
                0x20001180                sf_table
 .bss.sleep_notifier
                0x20001280        0x4 CMakeFiles/comms.dir/C_/Pico/pico-sdk/src/common/pico_time/time.c.obj
 .bss.stdio_usb_mutex