Archive member included to satisfy reference by file (symbol)

c:/progra~2/gnuarm~1/102020~1/bin/../lib/gcc/arm-none-eabi/10.2.1/thumb/v6-m/nofp\libgcc.a(_dvmd_tls.o)
                              CMakeFiles/commsHC05.dir/C_/Pico/pico-sdk/src/rp2_common/pico_divider/divider.S.obj (__aeabi_idiv0)
c:/progra~2/gnuarm~1/102020~1/bin/../lib/gcc/arm-none-eabi/10.2.1/../../../../arm-none-eabi/lib/thumb/v6-m/nofp\libg.a(lib_a-calloc.o)
                              CMakeFiles/commsHC05.dir/C_/Pico/pico-sdk/src/rp2_common/pico_malloc/pico_malloc.c.obj (calloc)
c:/progra~2/gnuarm~1/102020~1/bin/../lib/gcc/arm-none-eabi/10.2.1/../../../../arm-none-eabi/lib/thumb/v6-m/nofp\libg.a(lib_a-callocr.o)
                              c:/progra~2/gnuarm~1/102020~1/bin/../lib/gcc/arm-none-eabi/10.2.1/../../../../arm-none-eabi/lib/thumb/v6-m/nofp\libg.a(lib_a-calloc.o) (_calloc_r)
c:/progra~2/gnuarm~1/102020~1/bin/../lib/gcc/arm-none-eabi/10.2.1/../../../../arm-none-eabi/lib/thumb/v6-m/nofp\libg.a(lib_a-ctype_.o)
                              CMakeFiles/commsHC05.dir/C_/Pico/pico-sdk/lib/tinyusb/src/tusb.c.obj (_ctype_)
c:/progra~2/gnuarm~1/102020~1/bin/../lib/gcc/arm-none-eabi/10.2.1/../../../../arm-none-eabi/lib/thumb/v6-m/nofp\libg.a(lib_a-impure.o)
                              c:/progra~2/gnuarm~1/102020~1/bin/../lib/gcc/arm-none-eabi/10.2.1/../../../../arm-none-eabi/lib/thumb/v6-m/nofp\libg.a(lib_a-calloc.o) (_impure_ptr)
c:/progra~2/gnuarm~1/102020~1/bin/../lib/gcc/arm-none-eabi/10.2.1/../../../../arm-none-eabi/lib/thumb/v6-m/nofp\libg.a(lib_a-init.o)
                              c:/progra~2/gnuarm~1/102020~1/bin/../lib/gcc/arm-none-eabi/10.2.1/../../../../arm-none-eabi/lib/thumb/v6-m/nofp/crt0.o (__libc_init_array)
c:/progra~2/gnuarm~1/102020~1/bin/../lib/gcc/arm-none-eabi/10.2.1/../../../../arm-none-eabi/lib/thumb/v6-m/nofp\libg.a(lib_a-malloc.o)
                              CMakeFiles/commsHC05.dir/C_/Pico/pico-sdk/src/rp2_common/pico_malloc/pico_malloc.c.obj (malloc)
c:/progra~2/gnuarm~1/102020~1/bin/../lib/gcc/arm-none-eabi/10.2.1/../../../../arm-none-eabi/lib/thumb/v6-m/nofp\libg.a(lib_a-mallocr.o)
                              c:/progra~2/gnuarm~1/102020~1/bin/../lib/gcc/arm-none-eabi/10.2.1/../../../../arm-none-eabi/lib/thumb/v6-m/nofp\libg.a(lib_a-callocr.o) (_malloc_r)
c:/progra~2/gnuarm~1/102020~1/bin/../lib/gcc/arm-none-eabi/10.2.1/../../../../arm-none-eabi/lib/thumb/v6-m/nofp\libg.a(lib_a-mlock.o)
                              c:/progra~2/gnuarm~1/102020~1/bin/../lib/gcc/arm-none-eabi/10.2.1/../../../../arm-none-eabi/lib/thumb/v6-m/nofp\libg.a(lib_a-mallocr.o) (__malloc_lock)
c:/progra~2/gnuarm~1/102020~1/bin/../lib/gcc/arm-none-eabi/10.2.1/../../../../arm-none-eabi/lib/thumb/v6-m/nofp\libg.a(lib_a-realloc.o)
                              CMakeFiles/commsHC05.dir/C_/Pico/pico-sdk/src/rp2_common/pico_malloc/pico_malloc.c.obj (realloc)
c:/progra~2/gnuarm~1/102020~1/bin/../lib/gcc/arm-none-eabi/10.2.1/../../../../arm-none-eabi/lib/thumb/v6-m/nofp\libg.a(lib_a-reallocr.o)
                              c:/progra~2/gnuarm~1/102020~1/bin/../lib/gcc/arm-none-eabi/10.2.1/../../../../arm-none-eabi/lib/thumb/v6-m/nofp\libg.a(lib_a-realloc.o) (_realloc_r)
c:/progra~2/gnuarm~1/102020~1/bin/../lib/gcc/arm-none-eabi/10.2.1/../../../../arm-none-eabi/lib/thumb/v6-m/nofp\libg.a(lib_a-sbrkr.o)
                              c:/progra~2/gnuarm~1/102020~1/bin/../lib/gcc/arm-none-eabi/10.2.1/../../../../arm-none-eabi/lib/thumb/v6-m/nofp\libg.a(lib_a-mallocr.o) (_sbrk_r)
c:/progra~2/gnuarm~1/102020~1/bin/../lib/gcc/arm-none-eabi/10.2.1/../../../../arm-none-eabi/lib/thumb/v6-m/nofp\libg.a(lib_a-strlen-stub.o)
                              CMakeFiles/commsHC05.dir/C_/Pico/pico-sdk/src/rp2_common/pico_stdio/stdio.c.obj (strlen)
c:/progra~2/gnuarm~1/102020~1/bin/../lib/gcc/arm-none-eabi/10.2.1/../../../../arm-none-eabi/lib/thumb/v6-m/nofp\libg.a(lib_a-freer.o)
                              c:/progra~2/gnuarm~1/102020~1/bin/../lib/gcc/arm-none-eabi/10.2.1/../../../../arm-none-eabi/lib/thumb/v6-m/nofp\libg.a(lib_a-malloc.o) (_free_r)
c:/progra~2/gnuarm~1/102020~1/bin/../lib/gcc/arm-none-eabi/10.2.1/../../../../arm-none-eabi/lib/thumb/v6-m/nofp\libg.a(lib_a-lock.o)
                              c:/progra~2/gnuarm~1/102020~1/bin/../lib/gcc/arm-none-eabi/10.2.1/../../../../arm-none-eabi/lib/thumb/v6-m/nofp\libg.a(lib_a-mlock.o) (__retarget_lock_acquire_recursive)
c:/progra~2/gnuarm~1/102020~1/bin/../lib/gcc/arm-none-eabi/10.2.1/../../../../arm-none-eabi/lib/thumb/v6-m/nofp\libg.a(lib_a-memmove.o)
                              c:/progra~2/gnuarm~1/102020~1/bin/../lib/gcc/arm-none-eabi/10.2.1/../../../../arm-none-eabi/lib/thumb/v6-m/nofp\libg.a(lib_a-reallocr.o) (memmove)
c:/progra~2/gnuarm~1/102020~1/bin/../lib/gcc/arm-none-eabi/10.2.1/../../../../arm-none-eabi/lib/thumb/v6-m/nofp\libg.a(lib_a-reent.o)
[...]
Memory Configuration

Name             Origin             Length             Attributes
FLASH            0x10000000         0x00200000         xr
RAM              0x20000000         0x00040000         xrw
SCRATCH_X        0x20040000         0x00001000         xrw
SCRATCH_Y        0x20041000         0x00001000         xrw
*default*        0x00000000         0xffffffff

Linker script and memory map

LOAD c:/progra~2/gnuarm~1/102020~1/bin/../lib/gcc/arm-none-eabi/10.2.1/thumb/v6-m/nofp/crti.o
LOAD c:/progra~2/gnuarm~1/102020~1/bin/../lib/gcc/arm-none-eabi/10.2.1/thumb/v6-m/nofp/crtbegin.o
LOAD c:/progra~2/gnuarm~1/102020~1/bin/../lib/gcc/arm-none-eabi/10.2.1/../../../../arm-none-eabi/lib/thumb/v6-m/nofp/crt0.o

.flash_begin    0x10000000        0x0
                0x10000000                __flash_binary_start = .

.boot2          0x10000000      0x100
                0x10000000                __boot2_start__ = .
 *(.boot2)
 .boot2         0x10000000      0x100 C:\Users\Amiir\AppData\Local\Temp\cc2agAuq.o
                0x10000100                __boot2_end__ = .
                0x00000001                ASSERT (((__boot2_end__ - __boot2_start__) == 0x100), ERROR: Pico second stage bootloader must be 256 bytes in size)

.text           0x10000100     0x73c8
                0x10000100                __logical_binary_start = .
 *(.vectors)
 .vectors       0x10000100       0xd4 CMakeFiles/commsHC05.dir/C_/Pico/pico-sdk/src/rp2_common/pico_standard_link/crt0.S.obj
                0x10000100                __VECTOR_TABLE
                0x10000100                __vectors
                0x100001c0                isr_invalid
                0x100001c0                __default_isrs_start
                0x100001c2                isr_nmi
                0x100001c4                isr_hardfault
                0x100001c6                isr_svcall
                0x100001c8                isr_pendsv
                0x100001ca                isr_systick
                0x100001cc                isr_irq23
                0x100001cc                isr_irq18
                0x100001cc                isr_irq11
                0x100001cc                isr_irq28
                0x100001cc                isr_irq19
                0x100001cc                isr_irq0
                0x100001cc                isr_irq6
                0x100001cc                isr_irq5
                0x100001cc                isr_irq12
                0x100001cc                isr_irq22
                0x100001cc                isr_irq31
                0x100001cc                isr_irq17
                0x100001cc                isr_irq27
                0x100001cc                isr_irq30
                0x100001cc                isr_irq2
                0x100001cc                isr_irq10
                0x100001cc                isr_irq8
                0x100001cc                isr_irq24
                0x100001cc                isr_irq1
                0x100001cc                isr_irq7
                0x100001cc                isr_irq21
                0x100001cc                isr_irq20
                0x100001cc                isr_irq15
                0x100001cc                isr_irq25
                0x100001cc                isr_irq13
                0x100001cc                __unhandled_user_irq
                0x100001cc                isr_irq4
                0x100001cc                isr_irq16
                0x100001cc                isr_irq29
                0x100001cc                isr_irq26
                0x100001cc                __default_isrs_end
                0x100001cc                isr_irq3
                0x100001cc                isr_irq14
                0x100001cc                isr_irq9
                0x100001d2                unhandled_user_irq_num_in_r0
 *(.binary_info_header)
 .binary_info_header
                0x100001d4       0x14 CMakeFiles/commsHC05.dir/C_/Pico/pico-sdk/src/rp2_common/pico_standard_link/crt0.S.obj
                0x100001e8                __binary_info_header_end = .
 *(.reset)
 .reset         0x100001e8       0xa8 CMakeFiles/commsHC05.dir/C_/Pico/pico-sdk/src/rp2_common/pico_standard_link/crt0.S.obj
                0x100001e8                _entry_point
                0x10000266                __get_current_exception
 .reset         0x10000290       0x30 CMakeFiles/commsHC05.dir/C_/Pico/pico-sdk/src/rp2_common/pico_standard_link/binary_info.c.obj
 *(.init)
 .init          0x100002c0        0x4 c:/progra~2/gnuarm~1/102020~1/bin/../lib/gcc/arm-none-eabi/10.2.1/thumb/v6-m/nofp/crti.o
                0x100002c0                _init
 *(EXCLUDE_FILE(*libm.a: *libc.a:*lib_a-mem*.o *libgcc.a:) .text*)
 .text          0x100002c4       0x48 c:/progra~2/gnuarm~1/102020~1/bin/../lib/gcc/arm-none-eabi/10.2.1/thumb/v6-m/nofp/crtbegin.o
 .text.clock    0x1000030c       0x14 CMakeFiles/commsHC05.dir/commsHC05.c.obj
                0x1000030c                clock
 .text.main     0x10000320      0x12c CMakeFiles/commsHC05.dir/commsHC05.c.obj
                0x10000320                main
 .text.gpio_set_function
                0x1000044c       0x30 CMakeFiles/commsHC05.dir/C_/Pico/pico-sdk/src/rp2_common/hardware_gpio/gpio.c.obj
                0x1000044c                gpio_set_function
 .text.hw_claim_lock
                0x1000047c       0x18 CMakeFiles/commsHC05.dir/C_/Pico/pico-sdk/src/rp2_common/hardware_claim/claim.c.obj
                0x1000047c                hw_claim_lock
 .text.hw_claim_unlock
                0x10000494       0x14 CMakeFiles/commsHC05.dir/C_/Pico/pico-sdk/src/rp2_common/hardware_claim/claim.c.obj
                0x10000494                hw_claim_unlock
 .text.hw_claim_or_assert
                0x100004a8       0x32 CMakeFiles/commsHC05.dir/C_/Pico/pico-sdk/src/rp2_common/hardware_claim/claim.c.obj
                0x100004a8                hw_claim_or_assert
 .text.hw_claim_unused_from_range
                0x100004da       0x50 CMakeFiles/commsHC05.dir/C_/Pico/pico-sdk/src/rp2_common/hardware_claim/claim.c.obj
                0x100004da                hw_claim_unused_from_range
 *fill*         0x1000052a        0x2 
 .text.running_on_fpga
                0x1000052c       0x14 CMakeFiles/commsHC05.dir/C_/Pico/pico-sdk/src/rp2_common/pico_platform/platform.c.obj
                0x1000052c                running_on_fpga
 .text.spin_locks_reset
                0x10000540       0x20 CMakeFiles/commsHC05.dir/C_/Pico/pico-sdk/src/rp2_common/hardware_sync/sync.c.obj
                0x10000540                spin_locks_reset
 .text.next_striped_spin_lock_num
                0x10000560       0x1c CMakeFiles/commsHC05.dir/C_/Pico/pico-sdk/src/rp2_common/hardware_sync/sync.c.obj
                0x10000560                next_striped_spin_lock_num
 .text.spin_lock_claim_unused
                0x1000057c       0x20 CMakeFiles/commsHC05.dir/C_/Pico/pico-sdk/src/rp2_common/hardware_sync/sync.c.obj
                0x1000057c                spin_lock_claim_unused
 .text.set_raw_irq_handler_and_unlock
                0x1000059c       0x28 CMakeFiles/commsHC05.dir/C_/Pico/pico-sdk/src/rp2_common/hardware_irq/irq.c.obj
 .text.make_branch
                0x100005c4       0x48 CMakeFiles/commsHC05.dir/C_/Pico/pico-sdk/src/rp2_common/hardware_irq/irq.c.obj
 .text.insert_branch_and_link
                0x1000060c       0x40 CMakeFiles/commsHC05.dir/C_/Pico/pico-sdk/src/rp2_common/hardware_irq/irq.c.obj
 .text.irq_is_enabled
                0x1000064c       0x18 CMakeFiles/commsHC05.dir/C_/Pico/pico-sdk/src/rp2_common/hardware_irq/irq.c.obj
                0x1000064c                irq_is_enabled
 .text.irq_set_mask_enabled
                0x10000664       0x20 CMakeFiles/commsHC05.dir/C_/Pico/pico-sdk/src/rp2_common/hardware_irq/irq.c.obj
                0x10000664                irq_set_mask_enabled
 .text.irq_set_enabled
                0x10000684        0xe CMakeFiles/commsHC05.dir/C_/Pico/pico-sdk/src/rp2_common/hardware_irq/irq.c.obj
                0x10000684                irq_set_enabled
 *fill*         0x10000692        0x2 
 .text.irq_set_pending
                0x10000694       0x10 CMakeFiles/commsHC05.dir/C_/Pico/pico-sdk/src/rp2_common/hardware_irq/irq.c.obj
                0x10000694                irq_set_pending
 .text.irq_get_vtable_handler
                0x100006a4       0x10 CMakeFiles/commsHC05.dir/C_/Pico/pico-sdk/src/rp2_common/hardware_irq/irq.c.obj
                0x100006a4                irq_get_vtable_handler
 .text.irq_has_shared_handler
                0x100006b4       0x24 CMakeFiles/commsHC05.dir/C_/Pico/pico-sdk/src/rp2_common/hardware_irq/irq.c.obj
                0x100006b4                irq_has_shared_handler
 .text.irq_set_exclusive_handler
                0x100006d8       0x54 CMakeFiles/commsHC05.dir/C_/Pico/pico-sdk/src/rp2_common/hardware_irq/irq.c.obj
                0x100006d8                irq_set_exclusive_handler
 .text.irq_add_shared_handler
                0x1000072c      0x230 CMakeFiles/commsHC05.dir/C_/Pico/pico-sdk/src/rp2_common/hardware_irq/irq.c.obj
                0x1000072c                irq_add_shared_handler
 .text.irq_remove_handler
                0x1000095c      0x1a8 CMakeFiles/commsHC05.dir/C_/Pico/pico-sdk/src/rp2_common/hardware_irq/irq.c.obj
                0x1000095c                irq_remove_handler
 .text.irq_add_tail_to_free_list
                0x10000b04       0xf0 CMakeFiles/commsHC05.dir/C_/Pico/pico-sdk/src/rp2_common/hardware_irq/irq.c.obj
                0x10000b04                irq_add_tail_to_free_list
 .text.irq_init_priorities
                0x10000bf4       0x1c CMakeFiles/commsHC05.dir/C_/Pico/pico-sdk/src/rp2_common/hardware_irq/irq.c.obj
                0x10000bf4                irq_init_priorities
 .text.user_irq_claim_unused
                0x10000c10       0x30 CMakeFiles/commsHC05.dir/C_/Pico/pico-sdk/src/rp2_common/hardware_irq/irq.c.obj
                0x10000c10                user_irq_claim_unused
 .text.lock_init
                0x10000c40       0x10 CMakeFiles/commsHC05.dir/C_/Pico/pico-sdk/src/common/pico_sync/lock_core.c.obj
                0x10000c40                lock_init
 .text.alarm_pool_post_alloc_init
                0x10000c50       0x40 CMakeFiles/commsHC05.dir/C_/Pico/pico-sdk/src/common/pico_time/time.c.obj
 .text.sleep_until_callback
                0x10000c90       0x30 CMakeFiles/commsHC05.dir/C_/Pico/pico-sdk/src/common/pico_time/time.c.obj
 .text.timer_pool_entry_comparator
                0x10000cc0       0x7c CMakeFiles/commsHC05.dir/C_/Pico/pico-sdk/src/common/pico_time/time.c.obj
                0x10000cc0                timer_pool_entry_comparator
 .text.ph_add_child_node
                0x10000d3c       0xa4 CMakeFiles/commsHC05.dir/C_/Pico/pico-sdk/src/common/pico_time/time.c.obj
 .text.ph_merge_nodes
                0x10000de0       0x3e CMakeFiles/commsHC05.dir/C_/Pico/pico-sdk/src/common/pico_time/time.c.obj
 *fill*         0x10000e1e        0x2 
 .text.add_alarm_under_lock
                0x10000e20      0x174 CMakeFiles/commsHC05.dir/C_/Pico/pico-sdk/src/common/pico_time/time.c.obj
 .text.alarm_pool_alarm_callback
                0x10000f94      0x328 CMakeFiles/commsHC05.dir/C_/Pico/pico-sdk/src/common/pico_time/time.c.obj
 .text.alarm_pool_init_default
                0x100012bc       0x38 CMakeFiles/commsHC05.dir/C_/Pico/pico-sdk/src/common/pico_time/time.c.obj
                0x100012bc                alarm_pool_init_default
 .text.alarm_pool_get_default
                0x100012f4       0x2c CMakeFiles/commsHC05.dir/C_/Pico/pico-sdk/src/common/pico_time/time.c.obj
                0x100012f4                alarm_pool_get_default
 .text.alarm_pool_add_alarm_at
                0x10001320      0x170 CMakeFiles/commsHC05.dir/C_/Pico/pico-sdk/src/common/pico_time/time.c.obj
                0x10001320                alarm_pool_add_alarm_at
 .text.alarm_pool_cancel_alarm
                0x10001490       0xf0 CMakeFiles/commsHC05.dir/C_/Pico/pico-sdk/src/common/pico_time/time.c.obj
                0x10001490                alarm_pool_cancel_alarm
 .text.best_effort_wfe_or_timeout
                0x10001580       0x80 CMakeFiles/commsHC05.dir/C_/Pico/pico-sdk/src/common/pico_time/time.c.obj
                0x10001580                best_effort_wfe_or_timeout
 .text.hardware_alarm_irq_handler
                0x10001600       0x8c CMakeFiles/commsHC05.dir/C_/Pico/pico-sdk/src/rp2_common/hardware_timer/timer.c.obj
 .text.hardware_alarm_claim
                0x1000168c       0x18 CMakeFiles/commsHC05.dir/C_/Pico/pico-sdk/src/rp2_common/hardware_timer/timer.c.obj
                0x1000168c                hardware_alarm_claim
 .text.time_us_64
                0x100016a4       0x18 CMakeFiles/commsHC05.dir/C_/Pico/pico-sdk/src/rp2_common/hardware_timer/timer.c.obj
                0x100016a4                time_us_64
 .text.hardware_alarm_set_callback
                0x100016bc       0x90 CMakeFiles/commsHC05.dir/C_/Pico/pico-sdk/src/rp2_common/hardware_timer/timer.c.obj
                0x100016bc                hardware_alarm_set_callback
 .text.hardware_alarm_set_target
                0x1000174c       0xe8 CMakeFiles/commsHC05.dir/C_/Pico/pico-sdk/src/rp2_common/hardware_timer/timer.c.obj
                0x1000174c                hardware_alarm_set_target
 .text.hardware_alarm_cancel
                0x10001834       0x40 CMakeFiles/commsHC05.dir/C_/Pico/pico-sdk/src/rp2_common/hardware_timer/timer.c.obj
                0x10001834                hardware_alarm_cancel
 .text.ph_add_child_node
                0x10001874       0xa4 CMakeFiles/commsHC05.dir/C_/Pico/pico-sdk/src/common/pico_util/pheap.c.obj
 .text.ph_merge_nodes
                0x10001918       0x3e CMakeFiles/commsHC05.dir/C_/Pico/pico-sdk/src/common/pico_util/pheap.c.obj
 *fill*         0x10001956        0x2 
 .text.ph_clear
                0x10001958       0x70 CMakeFiles/commsHC05.dir/C_/Pico/pico-sdk/src/common/pico_util/pheap.c.obj
                0x10001958                ph_clear
 .text.ph_post_alloc_init
                0x100019c8        0xe CMakeFiles/commsHC05.dir/C_/Pico/pico-sdk/src/common/pico_util/pheap.c.obj
                0x100019c8                ph_post_alloc_init
 *fill*         0x100019d6        0x2 
 .text.ph_merge_two_pass
                0x100019d8       0xa8 CMakeFiles/commsHC05.dir/C_/Pico/pico-sdk/src/common/pico_util/pheap.c.obj
                0x100019d8                ph_merge_two_pass
 .text.ph_remove_any_head
                0x10001a80      0x108 CMakeFiles/commsHC05.dir/C_/Pico/pico-sdk/src/common/pico_util/pheap.c.obj
 .text.ph_remove_head
                0x10001b88       0x14 CMakeFiles/commsHC05.dir/C_/Pico/pico-sdk/src/common/pico_util/pheap.c.obj
                0x10001b88                ph_remove_head
 .text.ph_remove_and_free_node
                0x10001b9c       0xf8 CMakeFiles/commsHC05.dir/C_/Pico/pico-sdk/src/common/pico_util/pheap.c.obj
                0x10001b9c                ph_remove_and_free_node
 .text.mutex_init
                0x10001c94       0x1a CMakeFiles/commsHC05.dir/C_/Pico/pico-sdk/src/common/pico_sync/mutex.c.obj
                0x10001c94                mutex_init
 .text.recursive_mutex_init
                0x10001cae       0x1e CMakeFiles/commsHC05.dir/C_/Pico/pico-sdk/src/common/pico_sync/mutex.c.obj
                0x10001cae                recursive_mutex_init
 .text.critical_section_init_with_lock_num
                0x10001ccc       0x14 CMakeFiles/commsHC05.dir/C_/Pico/pico-sdk/src/common/pico_sync/critical_section.c.obj
                0x10001ccc                critical_section_init_with_lock_num
 .text.critical_section_init
                0x10001ce0       0x14 CMakeFiles/commsHC05.dir/C_/Pico/pico-sdk/src/common/pico_sync/critical_section.c.obj
                0x10001ce0                critical_section_init
 .text.uart_set_baudrate
                0x10001cf4       0x5c CMakeFiles/commsHC05.dir/C_/Pico/pico-sdk/src/rp2_common/hardware_uart/uart.c.obj
                0x10001cf4                uart_set_baudrate
 .text.uart_set_translate_crlf
                0x10001d50       0x28 CMakeFiles/commsHC05.dir/C_/Pico/pico-sdk/src/rp2_common/hardware_uart/uart.c.obj
                0x10001d50                uart_set_translate_crlf
 .text.uart_init
                0x10001d78       0x80 CMakeFiles/commsHC05.dir/C_/Pico/pico-sdk/src/rp2_common/hardware_uart/uart.c.obj
                0x10001d78                uart_init
 .text._exit    0x10001df8        0x4 CMakeFiles/commsHC05.dir/C_/Pico/pico-sdk/src/rp2_common/pico_runtime/runtime.c.obj
                0x10001df8                _exit
 .text.exit     0x10001dfc        0x6 CMakeFiles/commsHC05.dir/C_/Pico/pico-sdk/src/rp2_common/pico_runtime/runtime.c.obj
                0x10001dfc                exit
 *fill*         0x10001e02        0x2 
 .text.__assert_func
                0x10001e04       0x3c CMakeFiles/commsHC05.dir/C_/Pico/pico-sdk/src/rp2_common/pico_runtime/runtime.c.obj
                0x10001e04                __assert_func
 .text.runtime_init
                0x10001e40       0xf8 CMakeFiles/commsHC05.dir/C_/Pico/pico-sdk/src/rp2_common/pico_runtime/runtime.c.obj
                0x10001e40                runtime_init
 .text.panic    0x10001f38       0x30 CMakeFiles/commsHC05.dir/C_/Pico/pico-sdk/src/rp2_common/pico_runtime/runtime.c.obj
                0x10001f38                panic
 .text.clock_configure
                0x10001f68      0x104 CMakeFiles/commsHC05.dir/C_/Pico/pico-sdk/src/rp2_common/hardware_clocks/clocks.c.obj
                0x10001f68                clock_configure
 .text.clocks_init
                0x1000206c      0x100 CMakeFiles/commsHC05.dir/C_/Pico/pico-sdk/src/rp2_common/hardware_clocks/clocks.c.obj
                0x1000206c                clocks_init
 .text.clock_get_hz
                0x1000216c        0xc CMakeFiles/commsHC05.dir/C_/Pico/pico-sdk/src/rp2_common/hardware_clocks/clocks.c.obj
                0x1000216c                clock_get_hz
 .text.pll_init
                0x10002178      0x140 CMakeFiles/commsHC05.dir/C_/Pico/pico-sdk/src/rp2_common/hardware_pll/pll.c.obj
                0x10002178                pll_init
 .text.watchdog_start_tick
                0x100022b8       0x10 CMakeFiles/commsHC05.dir/C_/Pico/pico-sdk/src/rp2_common/hardware_watchdog/watchdog.c.obj
                0x100022b8                watchdog_start_tick
 .text.watchdog_update
                0x100022c8       0x14 CMakeFiles/commsHC05.dir/C_/Pico/pico-sdk/src/rp2_common/hardware_watchdog/watchdog.c.obj
                0x100022c8                watchdog_update
 .text._watchdog_enable
                0x100022dc       0x78 CMakeFiles/commsHC05.dir/C_/Pico/pico-sdk/src/rp2_common/hardware_watchdog/watchdog.c.obj
                0x100022dc                _watchdog_enable
 .text.watchdog_reboot
                0x10002354       0x48 CMakeFiles/commsHC05.dir/C_/Pico/pico-sdk/src/rp2_common/hardware_watchdog/watchdog.c.obj
                0x10002354                watchdog_reboot
 .text.xosc_init
                0x1000239c       0x28 CMakeFiles/commsHC05.dir/C_/Pico/pico-sdk/src/rp2_common/hardware_xosc/xosc.c.obj
                0x1000239c                xosc_init
 .text._out_null
                0x100023c4        0x2 CMakeFiles/commsHC05.dir/C_/Pico/pico-sdk/src/rp2_common/pico_printf/printf.c.obj
 .text._out_fct
                0x100023c6        0xe CMakeFiles/commsHC05.dir/C_/Pico/pico-sdk/src/rp2_common/pico_printf/printf.c.obj
 .text._atoi    0x100023d4       0x24 CMakeFiles/commsHC05.dir/C_/Pico/pico-sdk/src/rp2_common/pico_printf/printf.c.obj
 .text._out_rev
                0x100023f8       0xae CMakeFiles/commsHC05.dir/C_/Pico/pico-sdk/src/rp2_common/pico_printf/printf.c.obj
 .text._ntoa_format
                0x100024a6      0x112 CMakeFiles/commsHC05.dir/C_/Pico/pico-sdk/src/rp2_common/pico_printf/printf.c.obj
 .text._ntoa_long
                0x100025b8       0xbc CMakeFiles/commsHC05.dir/C_/Pico/pico-sdk/src/rp2_common/pico_printf/printf.c.obj
 .text._ntoa_long_long
                0x10002674       0xe2 CMakeFiles/commsHC05.dir/C_/Pico/pico-sdk/src/rp2_common/pico_printf/printf.c.obj
 *fill*         0x10002756        0x2 
 .text._etoa    0x10002758      0x414 CMakeFiles/commsHC05.dir/C_/Pico/pico-sdk/src/rp2_common/pico_printf/printf.c.obj
 .text._ftoa    0x10002b6c      0x354 CMakeFiles/commsHC05.dir/C_/Pico/pico-sdk/src/rp2_common/pico_printf/printf.c.obj
 .text._vsnprintf
                0x10002ec0      0x624 CMakeFiles/commsHC05.dir/C_/Pico/pico-sdk/src/rp2_common/pico_printf/printf.c.obj
 .text.vfctprintf
                0x100034e4       0x20 CMakeFiles/commsHC05.dir/C_/Pico/pico-sdk/src/rp2_common/pico_printf/printf.c.obj
                0x100034e4                vfctprintf
 .text          0x10003504       0x10 CMakeFiles/commsHC05.dir/C_/Pico/pico-sdk/src/rp2_common/pico_bit_ops/bit_ops_aeabi.S.obj
 .text.rom_func_lookup
                0x10003514       0x10 CMakeFiles/commsHC05.dir/C_/Pico/pico-sdk/src/rp2_common/pico_bootrom/bootrom.c.obj
                0x10003514                rom_func_lookup
 .text.rom_data_lookup
                0x10003524       0x10 CMakeFiles/commsHC05.dir/C_/Pico/pico-sdk/src/rp2_common/pico_bootrom/bootrom.c.obj
                0x10003524                rom_data_lookup
 .text.rom_funcs_lookup
                0x10003534       0x36 CMakeFiles/commsHC05.dir/C_/Pico/pico-sdk/src/rp2_common/pico_bootrom/bootrom.c.obj
                0x10003534                rom_funcs_lookup
 *fill*         0x1000356a        0x2 
 .text.__wrap___aeabi_idiv
                0x1000356c       0x50 CMakeFiles/commsHC05.dir/C_/Pico/pico-sdk/src/rp2_common/pico_divider/divider.S.obj
                0x1000356c                __wrap___aeabi_idivmod
                0x1000356c                divmod_s32s32
                0x1000356c                div_s32s32
                0x1000356c                __wrap___aeabi_idiv
                0x10003574                divmod_s32s32_unsafe
                0x100035a0                divmod_s32s32_savestate
 .text.__wrap___aeabi_uidiv
                0x100035bc       0x4c CMakeFiles/commsHC05.dir/C_/Pico/pico-sdk/src/rp2_common/pico_divider/divider.S.obj
                0x100035bc                __wrap___aeabi_uidiv
                0x100035bc                __wrap___aeabi_uidivmod
                0x100035bc                div_u32u32
                0x100035bc                divmod_u32u32
                0x100035c4                divmod_u32u32_unsafe
                0x100035ec                divmod_u32u32_savestate
 .text.__wrap___aeabi_ldiv
                0x10003608      0x434 CMakeFiles/commsHC05.dir/C_/Pico/pico-sdk/src/rp2_common/pico_divider/divider.S.obj
                0x10003608                div_s64s64
                0x10003608                divmod_s64s64
                0x10003608                __wrap___aeabi_ldivmod
                0x10003640                divmod_u64u64
                0x10003640                div_u64u64
                0x10003640                __wrap___aeabi_uldivmod
                0x10003650                divmod_u64u64_savestate
                0x10003678                divmod_s64s64_unsafe
                0x10003700                divmod_u64u64_unsafe
 .text.__wrap___aeabi_darithmetic
                0x10003a3c       0x80 CMakeFiles/commsHC05.dir/C_/Pico/pico-sdk/src/rp2_common/pico_double/double_aeabi.S.obj
                0x10003a3c                __wrap___aeabi_drsub
                0x10003a42                __wrap___aeabi_dsub
                0x10003a54                __wrap___aeabi_dadd
                0x10003a66                __wrap___aeabi_ddiv
                0x10003aa2                __wrap___aeabi_dmul
 .text.__wrap___aeabi_cdcmple
                0x10003abc       0x6c CMakeFiles/commsHC05.dir/C_/Pico/pico-sdk/src/rp2_common/pico_double/double_aeabi.S.obj
                0x10003abc                __wrap___aeabi_cdrcmple
                0x10003acc                __wrap___aeabi_cdcmpeq
                0x10003acc                __wrap___aeabi_cdcmple
 .text.__wrap___aeabi_dcmpeq
                0x10003b28       0x10 CMakeFiles/commsHC05.dir/C_/Pico/pico-sdk/src/rp2_common/pico_double/double_aeabi.S.obj
                0x10003b28                __wrap___aeabi_dcmpeq
 .text.__wrap___aeabi_dcmplt
                0x10003b38        0xc CMakeFiles/commsHC05.dir/C_/Pico/pico-sdk/src/rp2_common/pico_double/double_aeabi.S.obj
                0x10003b38                __wrap___aeabi_dcmplt
 .text.__wrap___aeabi_dcmple
                0x10003b44       0x10 CMakeFiles/commsHC05.dir/C_/Pico/pico-sdk/src/rp2_common/pico_double/double_aeabi.S.obj
                0x10003b44                __wrap___aeabi_dcmple
 .text.__wrap___aeabi_dcmpge
                0x10003b54       0x10 CMakeFiles/commsHC05.dir/C_/Pico/pico-sdk/src/rp2_common/pico_double/double_aeabi.S.obj
                0x10003b54                __wrap___aeabi_dcmpge
 .text.__wrap___aeabi_dcmpgt
                0x10003b64        0xa CMakeFiles/commsHC05.dir/C_/Pico/pico-sdk/src/rp2_common/pico_double/double_aeabi.S.obj
                0x10003b64                __wrap___aeabi_dcmpgt
 .text.__wrap___aeabi_dcmpun
                0x10003b6e       0x1c CMakeFiles/commsHC05.dir/C_/Pico/pico-sdk/src/rp2_common/pico_double/double_aeabi.S.obj
                0x10003b6e                __wrap___aeabi_dcmpun
 *fill*         0x10003b8a        0x2 
 .text.__wrap___aeabi_i2d
                0x10003b8c       0x38 CMakeFiles/commsHC05.dir/C_/Pico/pico-sdk/src/rp2_common/pico_double/double_aeabi.S.obj
                0x10003b8c                __wrap___aeabi_ui2d
                0x10003b94                __wrap___aeabi_i2d
 .text.__wrap___aeabi_d2iz
                0x10003bc4       0x48 CMakeFiles/commsHC05.dir/C_/Pico/pico-sdk/src/rp2_common/pico_double/double_aeabi.S.obj
                0x10003bc4                double2int_z
                0x10003bc4                __wrap___aeabi_d2iz
 .text.__wrap___aeabi_d2uiz
                0x10003c0c       0x18 CMakeFiles/commsHC05.dir/C_/Pico/pico-sdk/src/rp2_common/pico_double/double_aeabi.S.obj
                0x10003c0c                __wrap___aeabi_d2uiz
                0x10003c0c                double2uint
 .text.__aeabi_double_init
                0x10003c24       0xc8 CMakeFiles/commsHC05.dir/C_/Pico/pico-sdk/src/rp2_common/pico_double/double_init_rom.c.obj
                0x10003c24                __aeabi_double_init
 .text.double_table_shim_on_use_helper
                0x10003cec       0x34 CMakeFiles/commsHC05.dir/C_/Pico/pico-sdk/src/rp2_common/pico_double/double_v1_rom_shim.S.obj
                0x10003cec                double_table_shim_on_use_helper
 .text.__wrap___aeabi_dsub
                0x10003d20       0x10 CMakeFiles/commsHC05.dir/C_/Pico/pico-sdk/src/rp2_common/pico_double/double_v1_rom_shim.S.obj
                0x10003d20                drsub_shim
                0x10003d26                dsub_shim
 .text.dadd_shim
                0x10003d30      0x15c CMakeFiles/commsHC05.dir/C_/Pico/pico-sdk/src/rp2_common/pico_double/double_v1_rom_shim.S.obj
                0x10003d30                dadd_shim
 .text.dmul_shim
                0x10003e8c      0x15c CMakeFiles/commsHC05.dir/C_/Pico/pico-sdk/src/rp2_common/pico_double/double_v1_rom_shim.S.obj
                0x10003e8c                dmul_shim
 .text.ddiv_shim
                0x10003fe8      0x1b0 CMakeFiles/commsHC05.dir/C_/Pico/pico-sdk/src/rp2_common/pico_double/double_v1_rom_shim.S.obj
                0x10003fe8                ddiv_shim
 .text.double2uint_shim
                0x10004198        0xe CMakeFiles/commsHC05.dir/C_/Pico/pico-sdk/src/rp2_common/pico_double/double_v1_rom_shim.S.obj
                0x10004198                double2uint_shim
                0x1000419a                double2ufix_shim
 *fill*         0x100041a6        0x2 
 .text.double2uint64_shim
                0x100041a8       0x70 CMakeFiles/commsHC05.dir/C_/Pico/pico-sdk/src/rp2_common/pico_double/double_v1_rom_shim.S.obj
                0x100041a8                double2uint64_shim
                0x100041aa                double2ufix64_shim
                0x100041ca                d2fix_a
 .text.dunpacks
                0x10004218       0x3c CMakeFiles/commsHC05.dir/C_/Pico/pico-sdk/src/rp2_common/pico_double/double_v1_rom_shim.S.obj
                0x10004218                dunpacks
 .text.__aeabi_lmul
                0x10004254       0x32 CMakeFiles/commsHC05.dir/C_/Pico/pico-sdk/src/rp2_common/pico_int64_ops/pico_int64_ops_aeabi.S.obj
                0x10004254                __wrap___aeabi_lmul
 *fill*         0x10004286        0x2 
 .text.__aeabi_float_init
                0x10004288       0xfc CMakeFiles/commsHC05.dir/C_/Pico/pico-sdk/src/rp2_common/pico_float/float_init_rom.c.obj
                0x10004288                __aeabi_float_init
 .text.float_table_shim_on_use_helper
                0x10004384       0x34 CMakeFiles/commsHC05.dir/C_/Pico/pico-sdk/src/rp2_common/pico_float/float_v1_rom_shim.S.obj
                0x10004384                float_table_shim_on_use_helper
 .text          0x100043b8       0x10 CMakeFiles/commsHC05.dir/C_/Pico/pico-sdk/src/rp2_common/pico_mem_ops/mem_ops_aeabi.S.obj
                0x100043b8                __aeabi_mem_init
 .text.memset   0x100043c8        0xc CMakeFiles/commsHC05.dir/C_/Pico/pico-sdk/src/rp2_common/pico_mem_ops/mem_ops_aeabi.S.obj
                0x100043c8                __wrap_memset
 .text.memcpy   0x100043d4        0xc CMakeFiles/commsHC05.dir/C_/Pico/pico-sdk/src/rp2_common/pico_mem_ops/mem_ops_aeabi.S.obj
                0x100043d4                __wrap_memcpy
                0x100043d4                __wrap___aeabi_memcpy
 .text.stdio_out_chars_no_crlf
                0x100043e0        0xe CMakeFiles/commsHC05.dir/C_/Pico/pico-sdk/src/rp2_common/pico_stdio/stdio.c.obj
 *fill*         0x100043ee        0x2 
 .text.stdio_out_chars_crlf
                0x100043f0       0x80 CMakeFiles/commsHC05.dir/C_/Pico/pico-sdk/src/rp2_common/pico_stdio/stdio.c.obj
 .text.stdio_stack_buffer_flush
                0x10004470       0x44 CMakeFiles/commsHC05.dir/C_/Pico/pico-sdk/src/rp2_common/pico_stdio/stdio.c.obj
 .text.stdio_buffered_printer
                0x100044b4       0x20 CMakeFiles/commsHC05.dir/C_/Pico/pico-sdk/src/rp2_common/pico_stdio/stdio.c.obj
 .text.stdout_serialize_begin
                0x100044d4       0x30 CMakeFiles/commsHC05.dir/C_/Pico/pico-sdk/src/rp2_common/pico_stdio/stdio.c.obj
                0x100044d4                stdout_serialize_begin
 .text.stdout_serialize_end
                0x10004504       0x10 CMakeFiles/commsHC05.dir/C_/Pico/pico-sdk/src/rp2_common/pico_stdio/stdio.c.obj
                0x10004504                stdout_serialize_end
 .text.stdio_put_string
                0x10004514       0x98 CMakeFiles/commsHC05.dir/C_/Pico/pico-sdk/src/rp2_common/pico_stdio/stdio.c.obj
 .text.__wrap_putchar
                0x100045ac       0x1c CMakeFiles/commsHC05.dir/C_/Pico/pico-sdk/src/rp2_common/pico_stdio/stdio.c.obj
                0x100045ac                __wrap_putchar
 .text.stdio_set_driver_enabled
                0x100045c8       0x2c CMakeFiles/commsHC05.dir/C_/Pico/pico-sdk/src/rp2_common/pico_stdio/stdio.c.obj
                0x100045c8                stdio_set_driver_enabled
 .text.stdio_flush
                0x100045f4       0x20 CMakeFiles/commsHC05.dir/C_/Pico/pico-sdk/src/rp2_common/pico_stdio/stdio.c.obj
                0x100045f4                stdio_flush
 .text.__wrap_puts
                0x10004614       0x1e CMakeFiles/commsHC05.dir/C_/Pico/pico-sdk/src/rp2_common/pico_stdio/stdio.c.obj
                0x10004614                __wrap_puts
 *fill*         0x10004632        0x2 
 .text.__wrap_vprintf
                0x10004634       0x44 CMakeFiles/commsHC05.dir/C_/Pico/pico-sdk/src/rp2_common/pico_stdio/stdio.c.obj
                0x10004634                __wrap_vprintf
 .text.__wrap_printf
                0x10004678       0x18 CMakeFiles/commsHC05.dir/C_/Pico/pico-sdk/src/rp2_common/pico_stdio/stdio.c.obj
                0x10004678                __wrap_printf
 .text.stdio_init_all
                0x10004690        0xc CMakeFiles/commsHC05.dir/C_/Pico/pico-sdk/src/rp2_common/pico_stdio/stdio.c.obj
                0x10004690                stdio_init_all
 .text.stdio_uart_out_chars
                0x1000469c       0x74 CMakeFiles/commsHC05.dir/C_/Pico/pico-sdk/src/rp2_common/pico_stdio_uart/stdio_uart.c.obj
 .text.stdio_uart_in_chars
                0x10004710       0x58 CMakeFiles/commsHC05.dir/C_/Pico/pico-sdk/src/rp2_common/pico_stdio_uart/stdio_uart.c.obj
                0x10004710                stdio_uart_in_chars
 .text.stdio_uart_init_full
                0x10004768       0x3c CMakeFiles/commsHC05.dir/C_/Pico/pico-sdk/src/rp2_common/pico_stdio_uart/stdio_uart.c.obj
                0x10004768                stdio_uart_init_full
 .text.stdio_uart_init
                0x100047a4       0x28 CMakeFiles/commsHC05.dir/C_/Pico/pico-sdk/src/rp2_common/pico_stdio_uart/stdio_uart.c.obj
                0x100047a4                stdio_uart_init
 .text.resetd_init
                0x100047cc        0x2 CMakeFiles/commsHC05.dir/C_/Pico/pico-sdk/src/rp2_common/pico_stdio_usb/reset_interface.c.obj
 *fill*         0x100047ce        0x2 
 .text.resetd_reset
                0x100047d0        0xc CMakeFiles/commsHC05.dir/C_/Pico/pico-sdk/src/rp2_common/pico_stdio_usb/reset_interface.c.obj
 .text.resetd_open
                0x100047dc       0x34 CMakeFiles/commsHC05.dir/C_/Pico/pico-sdk/src/rp2_common/pico_stdio_usb/reset_interface.c.obj
 .text.resetd_xfer_cb
                0x10004810        0x4 CMakeFiles/commsHC05.dir/C_/Pico/pico-sdk/src/rp2_common/pico_stdio_usb/reset_interface.c.obj
 .text.reset_usb_boot
                0x10004814       0x18 CMakeFiles/commsHC05.dir/C_/Pico/pico-sdk/src/rp2_common/pico_stdio_usb/reset_interface.c.obj
 .text.resetd_control_xfer_cb
                0x1000482c       0x5c CMakeFiles/commsHC05.dir/C_/Pico/pico-sdk/src/rp2_common/pico_stdio_usb/reset_interface.c.obj
 .text.usbd_app_driver_get_cb
                0x10004888        0xc CMakeFiles/commsHC05.dir/C_/Pico/pico-sdk/src/rp2_common/pico_stdio_usb/reset_interface.c.obj
                0x10004888                usbd_app_driver_get_cb
 .text.tud_cdc_line_coding_cb
                0x10004894       0x28 CMakeFiles/commsHC05.dir/C_/Pico/pico-sdk/src/rp2_common/pico_stdio_usb/reset_interface.c.obj
                0x10004894                tud_cdc_line_coding_cb
 .text.stdio_usb_in_chars
                0x100048bc       0x70 CMakeFiles/commsHC05.dir/C_/Pico/pico-sdk/src/rp2_common/pico_stdio_usb/stdio_usb.c.obj
                0x100048bc                stdio_usb_in_chars
 .text.low_priority_worker_irq
                0x1000492c       0x20 CMakeFiles/commsHC05.dir/C_/Pico/pico-sdk/src/rp2_common/pico_stdio_usb/stdio_usb.c.obj
 .text.stdio_usb_out_chars
                0x1000494c       0xd4 CMakeFiles/commsHC05.dir/C_/Pico/pico-sdk/src/rp2_common/pico_stdio_usb/stdio_usb.c.obj
 .text.timer_task
                0x10004a20       0x40 CMakeFiles/commsHC05.dir/C_/Pico/pico-sdk/src/rp2_common/pico_stdio_usb/stdio_usb.c.obj
 .text.usb_irq  0x10004a60       0x10 CMakeFiles/commsHC05.dir/C_/Pico/pico-sdk/src/rp2_common/pico_stdio_usb/stdio_usb.c.obj
 .text.stdio_usb_init
                0x10004a70       0xec CMakeFiles/commsHC05.dir/C_/Pico/pico-sdk/src/rp2_common/pico_stdio_usb/stdio_usb.c.obj
                0x10004a70                stdio_usb_init
 .text.tud_descriptor_device_cb
                0x10004b5c        0x8 CMakeFiles/commsHC05.dir/C_/Pico/pico-sdk/src/rp2_common/pico_stdio_usb/stdio_usb_descriptors.c.obj
                0x10004b5c                tud_descriptor_device_cb
 .text.tud_descriptor_configuration_cb
                0x10004b64        0x8 CMakeFiles/commsHC05.dir/C_/Pico/pico-sdk/src/rp2_common/pico_stdio_usb/stdio_usb_descriptors.c.obj
                0x10004b64                tud_descriptor_configuration_cb
 .text.tud_descriptor_string_cb
                0x10004b6c       0x6c CMakeFiles/commsHC05.dir/C_/Pico/pico-sdk/src/rp2_common/pico_stdio_usb/stdio_usb_descriptors.c.obj
                0x10004b6c                tud_descriptor_string_cb
 .text.hw_endpoint_get_by_addr
                0x10004bd8       0x18 CMakeFiles/commsHC05.dir/C_/Pico/pico-sdk/lib/tinyusb/src/portable/raspberrypi/rp2040/dcd_rp2040.c.obj
 .text.reset_ep0_pid
                0x10004bf0       0x28 CMakeFiles/commsHC05.dir/C_/Pico/pico-sdk/lib/tinyusb/src/portable/raspberrypi/rp2040/dcd_rp2040.c.obj
 .text._hw_endpoint_alloc
                0x10004c18       0x70 CMakeFiles/commsHC05.dir/C_/Pico/pico-sdk/lib/tinyusb/src/portable/raspberrypi/rp2040/dcd_rp2040.c.obj
 .text.hw_endpoint_init
                0x10004c88       0x88 CMakeFiles/commsHC05.dir/C_/Pico/pico-sdk/lib/tinyusb/src/portable/raspberrypi/rp2040/dcd_rp2040.c.obj
 .text.reset_non_control_endpoints
                0x10004d10       0x40 CMakeFiles/commsHC05.dir/C_/Pico/pico-sdk/lib/tinyusb/src/portable/raspberrypi/rp2040/dcd_rp2040.c.obj
 .text.hw_handle_buff_status
                0x10004d50       0x8c CMakeFiles/commsHC05.dir/C_/Pico/pico-sdk/lib/tinyusb/src/portable/raspberrypi/rp2040/dcd_rp2040.c.obj
 .text.dcd_rp2040_irq
                0x10004ddc       0xc0 CMakeFiles/commsHC05.dir/C_/Pico/pico-sdk/lib/tinyusb/src/portable/raspberrypi/rp2040/dcd_rp2040.c.obj
 .text.hw_endpoint_xfer
                0x10004e9c       0x14 CMakeFiles/commsHC05.dir/C_/Pico/pico-sdk/lib/tinyusb/src/portable/raspberrypi/rp2040/dcd_rp2040.c.obj
 .text.dcd_int_enable
                0x10004eb0       0x2c CMakeFiles/commsHC05.dir/C_/Pico/pico-sdk/lib/tinyusb/src/portable/raspberrypi/rp2040/dcd_rp2040.c.obj
                0x10004eb0                dcd_int_enable
 .text.dcd_set_address
                0x10004edc       0x2c CMakeFiles/commsHC05.dir/C_/Pico/pico-sdk/lib/tinyusb/src/portable/raspberrypi/rp2040/dcd_rp2040.c.obj
                0x10004edc                dcd_set_address
 .text.dcd_connect
                0x10004f08       0x10 CMakeFiles/commsHC05.dir/C_/Pico/pico-sdk/lib/tinyusb/src/portable/raspberrypi/rp2040/dcd_rp2040.c.obj
                0x10004f08                dcd_connect
 .text.dcd_init
                0x10004f18       0x7c CMakeFiles/commsHC05.dir/C_/Pico/pico-sdk/lib/tinyusb/src/portable/raspberrypi/rp2040/dcd_rp2040.c.obj
                0x10004f18                dcd_init
 .text.dcd_edpt0_status_complete
                0x10004f94       0x1c CMakeFiles/commsHC05.dir/C_/Pico/pico-sdk/lib/tinyusb/src/portable/raspberrypi/rp2040/dcd_rp2040.c.obj
                0x10004f94                dcd_edpt0_status_complete
 .text.dcd_edpt_open
                0x10004fb0       0x40 CMakeFiles/commsHC05.dir/C_/Pico/pico-sdk/lib/tinyusb/src/portable/raspberrypi/rp2040/dcd_rp2040.c.obj
                0x10004fb0                dcd_edpt_open
 .text.dcd_edpt_close_all
                0x10004ff0        0x8 CMakeFiles/commsHC05.dir/C_/Pico/pico-sdk/lib/tinyusb/src/portable/raspberrypi/rp2040/dcd_rp2040.c.obj
                0x10004ff0                dcd_edpt_close_all
 .text.dcd_edpt_xfer
                0x10004ff8       0x30 CMakeFiles/commsHC05.dir/C_/Pico/pico-sdk/lib/tinyusb/src/portable/raspberrypi/rp2040/dcd_rp2040.c.obj
                0x10004ff8                dcd_edpt_xfer
 .text.dcd_edpt_stall
                0x10005028       0x2c CMakeFiles/commsHC05.dir/C_/Pico/pico-sdk/lib/tinyusb/src/portable/raspberrypi/rp2040/dcd_rp2040.c.obj
                0x10005028                dcd_edpt_stall
 .text.dcd_edpt_clear_stall
                0x10005054       0x20 CMakeFiles/commsHC05.dir/C_/Pico/pico-sdk/lib/tinyusb/src/portable/raspberrypi/rp2040/dcd_rp2040.c.obj
                0x10005054                dcd_edpt_clear_stall
 .text.prepare_ep_buffer
                0x10005074       0x70 CMakeFiles/commsHC05.dir/C_/Pico/pico-sdk/lib/tinyusb/src/portable/raspberrypi/rp2040/rp2040_usb.c.obj
 .text.sync_ep_buffer
                0x100050e4       0x7c CMakeFiles/commsHC05.dir/C_/Pico/pico-sdk/lib/tinyusb/src/portable/raspberrypi/rp2040/rp2040_usb.c.obj
 .text._hw_endpoint_xfer_sync
                0x10005160       0x28 CMakeFiles/commsHC05.dir/C_/Pico/pico-sdk/lib/tinyusb/src/portable/raspberrypi/rp2040/rp2040_usb.c.obj
 .text.rp2040_usb_init
                0x10005188       0x4c CMakeFiles/commsHC05.dir/C_/Pico/pico-sdk/lib/tinyusb/src/portable/raspberrypi/rp2040/rp2040_usb.c.obj
                0x10005188                rp2040_usb_init
 .text.hw_endpoint_reset_transfer
                0x100051d4        0xc CMakeFiles/commsHC05.dir/C_/Pico/pico-sdk/lib/tinyusb/src/portable/raspberrypi/rp2040/rp2040_usb.c.obj
                0x100051d4                hw_endpoint_reset_transfer
 .text._hw_endpoint_buffer_control_update32
                0x100051e0       0x58 CMakeFiles/commsHC05.dir/C_/Pico/pico-sdk/lib/tinyusb/src/portable/raspberrypi/rp2040/rp2040_usb.c.obj
                0x100051e0                _hw_endpoint_buffer_control_update32
 .text._hw_endpoint_start_next_buffer
                0x10005238       0x74 CMakeFiles/commsHC05.dir/C_/Pico/pico-sdk/lib/tinyusb/src/portable/raspberrypi/rp2040/rp2040_usb.c.obj
 .text.hw_endpoint_xfer_start
                0x100052ac       0x48 CMakeFiles/commsHC05.dir/C_/Pico/pico-sdk/lib/tinyusb/src/portable/raspberrypi/rp2040/rp2040_usb.c.obj
                0x100052ac                hw_endpoint_xfer_start
 .text.hw_endpoint_xfer_continue
                0x100052f4       0x38 CMakeFiles/commsHC05.dir/C_/Pico/pico-sdk/lib/tinyusb/src/portable/raspberrypi/rp2040/rp2040_usb.c.obj
                0x100052f4                hw_endpoint_xfer_continue
 .text.configuration_reset
                0x1000532c       0x84 CMakeFiles/commsHC05.dir/C_/Pico/pico-sdk/lib/tinyusb/src/device/usbd.c.obj
 .text.usbd_reset
                0x100053b0        0xc CMakeFiles/commsHC05.dir/C_/Pico/pico-sdk/lib/tinyusb/src/device/usbd.c.obj
 .text.invoke_class_control
                0x100053bc       0x1a CMakeFiles/commsHC05.dir/C_/Pico/pico-sdk/lib/tinyusb/src/device/usbd.c.obj
 *fill*         0x100053d6        0x2 
 .text.process_set_config
                0x100053d8      0x1b0 CMakeFiles/commsHC05.dir/C_/Pico/pico-sdk/lib/tinyusb/src/device/usbd.c.obj
 .text.process_get_descriptor
                0x10005588       0xec CMakeFiles/commsHC05.dir/C_/Pico/pico-sdk/lib/tinyusb/src/device/usbd.c.obj
 .text.tud_mounted
                0x10005674       0x10 CMakeFiles/commsHC05.dir/C_/Pico/pico-sdk/lib/tinyusb/src/device/usbd.c.obj
                0x10005674                tud_mounted
 .text.tud_suspended
                0x10005684       0x10 CMakeFiles/commsHC05.dir/C_/Pico/pico-sdk/lib/tinyusb/src/device/usbd.c.obj
                0x10005684                tud_suspended
 .text.tud_inited
                0x10005694        0xc CMakeFiles/commsHC05.dir/C_/Pico/pico-sdk/lib/tinyusb/src/device/usbd.c.obj
                0x10005694                tud_inited
 .text.tud_init
                0x100056a0       0xcc CMakeFiles/commsHC05.dir/C_/Pico/pico-sdk/lib/tinyusb/src/device/usbd.c.obj
                0x100056a0                tud_init
 .text.dcd_event_handler
                0x1000576c      0x1e0 CMakeFiles/commsHC05.dir/C_/Pico/pico-sdk/lib/tinyusb/src/device/usbd.c.obj
                0x1000576c                dcd_event_handler
 .text.dcd_event_bus_signal
                0x1000594c       0x26 CMakeFiles/commsHC05.dir/C_/Pico/pico-sdk/lib/tinyusb/src/device/usbd.c.obj
                0x1000594c                dcd_event_bus_signal
 .text.dcd_event_bus_reset
                0x10005972       0x2a CMakeFiles/commsHC05.dir/C_/Pico/pico-sdk/lib/tinyusb/src/device/usbd.c.obj
                0x10005972                dcd_event_bus_reset
 .text.dcd_event_setup_received
                0x1000599c       0x34 CMakeFiles/commsHC05.dir/C_/Pico/pico-sdk/lib/tinyusb/src/device/usbd.c.obj
                0x1000599c                dcd_event_setup_received
 .text.dcd_event_xfer_complete
                0x100059d0       0x44 CMakeFiles/commsHC05.dir/C_/Pico/pico-sdk/lib/tinyusb/src/device/usbd.c.obj
                0x100059d0                dcd_event_xfer_complete
 .text.usbd_edpt_open
                0x10005a14       0x58 CMakeFiles/commsHC05.dir/C_/Pico/pico-sdk/lib/tinyusb/src/device/usbd.c.obj
                0x10005a14                usbd_edpt_open
 .text.usbd_open_edpt_pair
                0x10005a6c       0x8c CMakeFiles/commsHC05.dir/C_/Pico/pico-sdk/lib/tinyusb/src/device/usbd.c.obj
                0x10005a6c                usbd_open_edpt_pair
 .text.usbd_edpt_claim
                0x10005af8       0x8c CMakeFiles/commsHC05.dir/C_/Pico/pico-sdk/lib/tinyusb/src/device/usbd.c.obj
                0x10005af8                usbd_edpt_claim
 .text.usbd_edpt_release
                0x10005b84       0x68 CMakeFiles/commsHC05.dir/C_/Pico/pico-sdk/lib/tinyusb/src/device/usbd.c.obj
                0x10005b84                usbd_edpt_release
 .text.usbd_edpt_xfer
                0x10005bec       0x80 CMakeFiles/commsHC05.dir/C_/Pico/pico-sdk/lib/tinyusb/src/device/usbd.c.obj
                0x10005bec                usbd_edpt_xfer
 .text.usbd_edpt_stall
                0x10005c6c       0x40 CMakeFiles/commsHC05.dir/C_/Pico/pico-sdk/lib/tinyusb/src/device/usbd.c.obj
                0x10005c6c                usbd_edpt_stall
 .text.usbd_edpt_clear_stall
                0x10005cac       0x40 CMakeFiles/commsHC05.dir/C_/Pico/pico-sdk/lib/tinyusb/src/device/usbd.c.obj
                0x10005cac                usbd_edpt_clear_stall
 .text.usbd_edpt_stalled
                0x10005cec       0x1c CMakeFiles/commsHC05.dir/C_/Pico/pico-sdk/lib/tinyusb/src/device/usbd.c.obj
                0x10005cec                usbd_edpt_stalled
 .text.process_control_request
                0x10005d08      0x3b8 CMakeFiles/commsHC05.dir/C_/Pico/pico-sdk/lib/tinyusb/src/device/usbd.c.obj
 .text.tud_task
                0x100060c0      0x218 CMakeFiles/commsHC05.dir/C_/Pico/pico-sdk/lib/tinyusb/src/device/usbd.c.obj
                0x100060c0                tud_task
 .text._data_stage_xact
                0x100062d8       0x58 CMakeFiles/commsHC05.dir/C_/Pico/pico-sdk/lib/tinyusb/src/device/usbd_control.c.obj
 .text.tud_control_status
                0x10006330       0x38 CMakeFiles/commsHC05.dir/C_/Pico/pico-sdk/lib/tinyusb/src/device/usbd_control.c.obj
                0x10006330                tud_control_status
 .text.tud_control_xfer
                0x10006368       0xa8 CMakeFiles/commsHC05.dir/C_/Pico/pico-sdk/lib/tinyusb/src/device/usbd_control.c.obj
                0x10006368                tud_control_xfer
 .text.usbd_control_reset
                0x10006410       0x14 CMakeFiles/commsHC05.dir/C_/Pico/pico-sdk/lib/tinyusb/src/device/usbd_control.c.obj
                0x10006410                usbd_control_reset
 .text.usbd_control_set_complete_callback
                0x10006424        0xc CMakeFiles/commsHC05.dir/C_/Pico/pico-sdk/lib/tinyusb/src/device/usbd_control.c.obj
                0x10006424                usbd_control_set_complete_callback
 .text.usbd_control_set_request
                0x10006430       0x1c CMakeFiles/commsHC05.dir/C_/Pico/pico-sdk/lib/tinyusb/src/device/usbd_control.c.obj
                0x10006430                usbd_control_set_request
 .text.usbd_control_xfer_cb
                0x1000644c       0xfc CMakeFiles/commsHC05.dir/C_/Pico/pico-sdk/lib/tinyusb/src/device/usbd_control.c.obj
                0x1000644c                usbd_control_xfer_cb
 .text._prep_out_transaction
                0x10006548       0x46 CMakeFiles/commsHC05.dir/C_/Pico/pico-sdk/lib/tinyusb/src/class/cdc/cdc_device.c.obj
 *fill*         0x1000658e        0x2 
 .text.tud_cdc_n_connected
                0x10006590       0x44 CMakeFiles/commsHC05.dir/C_/Pico/pico-sdk/lib/tinyusb/src/class/cdc/cdc_device.c.obj
                0x10006590                tud_cdc_n_connected
 .text.tud_cdc_n_available
                0x100065d4       0x18 CMakeFiles/commsHC05.dir/C_/Pico/pico-sdk/lib/tinyusb/src/class/cdc/cdc_device.c.obj
                0x100065d4                tud_cdc_n_available
 .text.tud_cdc_n_read
                0x100065ec       0x28 CMakeFiles/commsHC05.dir/C_/Pico/pico-sdk/lib/tinyusb/src/class/cdc/cdc_device.c.obj
                0x100065ec                tud_cdc_n_read
 .text.tud_cdc_n_write_flush
                0x10006614       0xcc CMakeFiles/commsHC05.dir/C_/Pico/pico-sdk/lib/tinyusb/src/class/cdc/cdc_device.c.obj
                0x10006614                tud_cdc_n_write_flush
 .text.tud_cdc_n_write
                0x100066e0       0x38 CMakeFiles/commsHC05.dir/C_/Pico/pico-sdk/lib/tinyusb/src/class/cdc/cdc_device.c.obj
                0x100066e0                tud_cdc_n_write
 .text.tud_cdc_n_write_available
                0x10006718       0x1c CMakeFiles/commsHC05.dir/C_/Pico/pico-sdk/lib/tinyusb/src/class/cdc/cdc_device.c.obj
                0x10006718                tud_cdc_n_write_available
 .text.cdcd_init
                0x10006734       0xbc CMakeFiles/commsHC05.dir/C_/Pico/pico-sdk/lib/tinyusb/src/class/cdc/cdc_device.c.obj
                0x10006734                cdcd_init
 .text.cdcd_reset
                0x100067f0       0x44 CMakeFiles/commsHC05.dir/C_/Pico/pico-sdk/lib/tinyusb/src/class/cdc/cdc_device.c.obj
                0x100067f0                cdcd_reset
 .text.cdcd_open
                0x10006834       0xf8 CMakeFiles/commsHC05.dir/C_/Pico/pico-sdk/lib/tinyusb/src/class/cdc/cdc_device.c.obj
                0x10006834                cdcd_open
 .text.cdcd_control_xfer_cb
                0x1000692c      0x134 CMakeFiles/commsHC05.dir/C_/Pico/pico-sdk/lib/tinyusb/src/class/cdc/cdc_device.c.obj
                0x1000692c                cdcd_control_xfer_cb
 .text.cdcd_xfer_cb
                0x10006a60      0x144 CMakeFiles/commsHC05.dir/C_/Pico/pico-sdk/lib/tinyusb/src/class/cdc/cdc_device.c.obj
                0x10006a60                cdcd_xfer_cb
 .text.tusb_init
                0x10006ba4       0x24 CMakeFiles/commsHC05.dir/C_/Pico/pico-sdk/lib/tinyusb/src/tusb.c.obj
                0x10006ba4                tusb_init
 .text.tusb_inited
                0x10006bc8        0xe CMakeFiles/commsHC05.dir/C_/Pico/pico-sdk/lib/tinyusb/src/tusb.c.obj
                0x10006bc8                tusb_inited
 *fill*         0x10006bd6        0x2 
 .text.tu_edpt_validate
                0x10006bd8       0xa8 CMakeFiles/commsHC05.dir/C_/Pico/pico-sdk/lib/tinyusb/src/tusb.c.obj
                0x10006bd8                tu_edpt_validate
 .text.tu_edpt_bind_driver
                0x10006c80       0x2a CMakeFiles/commsHC05.dir/C_/Pico/pico-sdk/lib/tinyusb/src/tusb.c.obj
                0x10006c80                tu_edpt_bind_driver
 .text.advance_pointer
                0x10006caa       0x18 CMakeFiles/commsHC05.dir/C_/Pico/pico-sdk/lib/tinyusb/src/common/tusb_fifo.c.obj
 .text.backward_pointer
                0x10006cc2       0x1e CMakeFiles/commsHC05.dir/C_/Pico/pico-sdk/lib/tinyusb/src/common/tusb_fifo.c.obj
 .text.get_relative_pointer
                0x10006ce0       0x10 CMakeFiles/commsHC05.dir/C_/Pico/pico-sdk/lib/tinyusb/src/common/tusb_fifo.c.obj
 .text._tu_fifo_peek
                0x10006cf0       0x50 CMakeFiles/commsHC05.dir/C_/Pico/pico-sdk/lib/tinyusb/src/common/tusb_fifo.c.obj
 .text._ff_pull_const_addr
                0x10006d40       0x4c CMakeFiles/commsHC05.dir/C_/Pico/pico-sdk/lib/tinyusb/src/common/tusb_fifo.c.obj
 .text._ff_pull_n
                0x10006d8c      0x10c CMakeFiles/commsHC05.dir/C_/Pico/pico-sdk/lib/tinyusb/src/common/tusb_fifo.c.obj
 .text._tu_fifo_peek_n
                0x10006e98       0x5e CMakeFiles/commsHC05.dir/C_/Pico/pico-sdk/lib/tinyusb/src/common/tusb_fifo.c.obj
 .text._tu_fifo_read_n
                0x10006ef6       0x4e CMakeFiles/commsHC05.dir/C_/Pico/pico-sdk/lib/tinyusb/src/common/tusb_fifo.c.obj
 .text._ff_push_const_addr
                0x10006f44       0x40 CMakeFiles/commsHC05.dir/C_/Pico/pico-sdk/lib/tinyusb/src/common/tusb_fifo.c.obj
 .text._ff_push_n
                0x10006f84      0x108 CMakeFiles/commsHC05.dir/C_/Pico/pico-sdk/lib/tinyusb/src/common/tusb_fifo.c.obj
 .text._tu_fifo_write_n
                0x1000708c       0x9e CMakeFiles/commsHC05.dir/C_/Pico/pico-sdk/lib/tinyusb/src/common/tusb_fifo.c.obj
 .text.tu_fifo_config
                0x1000712a       0x72 CMakeFiles/commsHC05.dir/C_/Pico/pico-sdk/lib/tinyusb/src/common/tusb_fifo.c.obj
                0x1000712a                tu_fifo_config
 .text.tu_fifo_count
                0x1000719c       0x26 CMakeFiles/commsHC05.dir/C_/Pico/pico-sdk/lib/tinyusb/src/common/tusb_fifo.c.obj
                0x1000719c                tu_fifo_count
 .text.tu_fifo_empty
                0x100071c2       0x10 CMakeFiles/commsHC05.dir/C_/Pico/pico-sdk/lib/tinyusb/src/common/tusb_fifo.c.obj
                0x100071c2                tu_fifo_empty
 .text.tu_fifo_remaining
                0x100071d2       0x20 CMakeFiles/commsHC05.dir/C_/Pico/pico-sdk/lib/tinyusb/src/common/tusb_fifo.c.obj
                0x100071d2                tu_fifo_remaining
 .text.tu_fifo_read
                0x100071f2       0x42 CMakeFiles/commsHC05.dir/C_/Pico/pico-sdk/lib/tinyusb/src/common/tusb_fifo.c.obj
                0x100071f2                tu_fifo_read
 .text.tu_fifo_read_n
                0x10007234        0xa CMakeFiles/commsHC05.dir/C_/Pico/pico-sdk/lib/tinyusb/src/common/tusb_fifo.c.obj
                0x10007234                tu_fifo_read_n
 .text.tu_fifo_write
                0x1000723e       0x6c CMakeFiles/commsHC05.dir/C_/Pico/pico-sdk/lib/tinyusb/src/common/tusb_fifo.c.obj
                0x1000723e                tu_fifo_write
 .text.tu_fifo_write_n
                0x100072aa        0xa CMakeFiles/commsHC05.dir/C_/Pico/pico-sdk/lib/tinyusb/src/common/tusb_fifo.c.obj
                0x100072aa                tu_fifo_write_n
 .text.tu_fifo_clear
                0x100072b4       0x4c CMakeFiles/commsHC05.dir/C_/Pico/pico-sdk/lib/tinyusb/src/common/tusb_fifo.c.obj
                0x100072b4                tu_fifo_clear
 .text.tu_fifo_set_overwritable
                0x10007300       0x3c CMakeFiles/commsHC05.dir/C_/Pico/pico-sdk/lib/tinyusb/src/common/tusb_fifo.c.obj
                0x10007300                tu_fifo_set_overwritable
 .text._retrieve_unique_id_on_boot
                0x1000733c       0x10 CMakeFiles/commsHC05.dir/C_/Pico/pico-sdk/src/rp2_common/pico_unique_id/unique_id.c.obj
 .text.pico_get_unique_board_id_string
                0x1000734c       0x60 CMakeFiles/commsHC05.dir/C_/Pico/pico-sdk/src/rp2_common/pico_unique_id/unique_id.c.obj
                0x1000734c                pico_get_unique_board_id_string
 .text.flash_get_unique_id
                0x100073ac       0x46 CMakeFiles/commsHC05.dir/C_/Pico/pico-sdk/src/rp2_common/hardware_flash/flash.c.obj
                0x100073ac                flash_get_unique_id
 *fill*         0x100073f2        0x2 
 .text.strlen   0x100073f4       0x5c c:/progra~2/gnuarm~1/102020~1/bin/../lib/gcc/arm-none-eabi/10.2.1/../../../../arm-none-eabi/lib/thumb/v6-m/nofp\libg.a(lib_a-strlen-stub.o)
                0x100073f4                strlen
 *(.fini)
 .fini          0x10007450        0x4 c:/progra~2/gnuarm~1/102020~1/bin/../lib/gcc/arm-none-eabi/10.2.1/thumb/v6-m/nofp/crti.o
                0x10007450                _fini
 *fill*         0x10007454        0x4 
 .fini.__stub   0x10007458       0x70 linker stubs
 *crtbegin.o(.ctors)
 *crtbegin?.o(.ctors)
 *(EXCLUDE_FILE(*crtend.o *crtend?.o) .ctors)
 *(SORT_BY_NAME(.ctors.*))
 *(.ctors)
 *crtbegin.o(.dtors)
 *crtbegin?.o(.dtors)
 *(EXCLUDE_FILE(*crtend.o *crtend?.o) .dtors)
 *(SORT_BY_NAME(.dtors.*))
 *(.dtors)
 *(.eh_frame*)
 .eh_frame      0x100074c8        0x0 c:/progra~2/gnuarm~1/102020~1/bin/../lib/gcc/arm-none-eabi/10.2.1/thumb/v6-m/nofp/crtbegin.o
                0x100074c8                . = ALIGN (0x4)

.glue_7         0x100074c8        0x0
 .glue_7        0x100074c8        0x0 linker stubs

.glue_7t        0x100074c8        0x0
 .glue_7t       0x100074c8        0x0 linker stubs

.vfp11_veneer   0x100074c8        0x0
 .vfp11_veneer  0x100074c8        0x0 linker stubs

.v4_bx          0x100074c8        0x0
 .v4_bx         0x100074c8        0x0 linker stubs

.iplt           0x100074c8        0x0
 .iplt          0x100074c8        0x0 c:/progra~2/gnuarm~1/102020~1/bin/../lib/gcc/arm-none-eabi/10.2.1/thumb/v6-m/nofp/crtbegin.o

.rodata         0x100074c8     0x1630
 *(EXCLUDE_FILE(*libm.a: *libc.a:*lib_a-mem*.o *libgcc.a:) .rodata*)
 .rodata.main.str1.4
                0x100074c8       0x23 CMakeFiles/commsHC05.dir/commsHC05.c.obj
 *fill*         0x100074eb        0x1 
 .rodata.spin_lock_claim_unused.str1.4
                0x100074ec       0x1b CMakeFiles/commsHC05.dir/C_/Pico/pico-sdk/src/rp2_common/hardware_sync/sync.c.obj
 *fill*         0x10007507        0x1 
 .rodata.make_branch.str1.4
                0x10007508       0x63 CMakeFiles/commsHC05.dir/C_/Pico/pico-sdk/src/rp2_common/hardware_irq/irq.c.obj
 *fill*         0x1000756b        0x1 
 .rodata.insert_branch_and_link.str1.4
                0x1000756c       0x10 CMakeFiles/commsHC05.dir/C_/Pico/pico-sdk/src/rp2_common/hardware_irq/irq.c.obj
 .rodata.irq_set_exclusive_handler.str1.4
                0x1000757c       0x36 CMakeFiles/commsHC05.dir/C_/Pico/pico-sdk/src/rp2_common/hardware_irq/irq.c.obj
 *fill*         0x100075b2        0x2 
 .rodata.irq_add_shared_handler.str1.4
                0x100075b4       0xd9 CMakeFiles/commsHC05.dir/C_/Pico/pico-sdk/src/rp2_common/hardware_irq/irq.c.obj
 *fill*         0x1000768d        0x3 
 .rodata.irq_remove_handler.str1.4
                0x10007690       0x2a CMakeFiles/commsHC05.dir/C_/Pico/pico-sdk/src/rp2_common/hardware_irq/irq.c.obj
 *fill*         0x100076ba        0x2 
 .rodata.irq_add_tail_to_free_list.str1.4
                0x100076bc       0x3a CMakeFiles/commsHC05.dir/C_/Pico/pico-sdk/src/rp2_common/hardware_irq/irq.c.obj
 *fill*         0x100076f6        0x2 
 .rodata.user_irq_claim_unused.str1.4
                0x100076f8       0x1b CMakeFiles/commsHC05.dir/C_/Pico/pico-sdk/src/rp2_common/hardware_irq/irq.c.obj
 *fill*         0x10007713        0x1 
 .rodata.__func__.0
                0x10007714       0x1a CMakeFiles/commsHC05.dir/C_/Pico/pico-sdk/src/rp2_common/hardware_irq/irq.c.obj
 *fill*         0x1000772e        0x2 
 .rodata.__func__.1
                0x10007730       0x17 CMakeFiles/commsHC05.dir/C_/Pico/pico-sdk/src/rp2_common/hardware_irq/irq.c.obj
 *fill*         0x10007747        0x1 
 .rodata.__func__.2
                0x10007748       0x13 CMakeFiles/commsHC05.dir/C_/Pico/pico-sdk/src/rp2_common/hardware_irq/irq.c.obj
 *fill*         0x1000775b        0x1 
 .rodata.__func__.3
                0x1000775c        0xc CMakeFiles/commsHC05.dir/C_/Pico/pico-sdk/src/rp2_common/hardware_irq/irq.c.obj
 .rodata.__func__.4
                0x10007768        0xf CMakeFiles/commsHC05.dir/C_/Pico/pico-sdk/src/rp2_common/hardware_irq/irq.c.obj
 *fill*         0x10007777        0x1 
 .rodata.__func__.5
                0x10007778       0x17 CMakeFiles/commsHC05.dir/C_/Pico/pico-sdk/src/rp2_common/hardware_irq/irq.c.obj
 *fill*         0x1000778f        0x1 
 .rodata.__func__.6
                0x10007790       0x1a CMakeFiles/commsHC05.dir/C_/Pico/pico-sdk/src/rp2_common/hardware_irq/irq.c.obj
 *fill*         0x100077aa        0x2 
 .rodata.repeating_timer_callback.str1.4
                0x100077ac       0x41 CMakeFiles/commsHC05.dir/C_/Pico/pico-sdk/src/common/pico_time/time.c.obj
 *fill*         0x100077ed        0x3 
 .rodata.alarm_pool_dump_key.str1.4
                0x100077f0       0x33 CMakeFiles/commsHC05.dir/C_/Pico/pico-sdk/src/common/pico_time/time.c.obj
 *fill*         0x10007823        0x1 
 .rodata.ph_add_child_node.str1.4
                0x10007824       0x8a CMakeFiles/commsHC05.dir/C_/Pico/pico-sdk/src/common/pico_time/time.c.obj
 *fill*         0x100078ae        0x2 
 .rodata.add_alarm_under_lock.str1.4
                0x100078b0       0x28 CMakeFiles/commsHC05.dir/C_/Pico/pico-sdk/src/common/pico_time/time.c.obj
                                 0x2b (size before relaxing)
 .rodata.alarm_pool_alarm_callback.str1.4
                0x100078d8       0xda CMakeFiles/commsHC05.dir/C_/Pico/pico-sdk/src/common/pico_time/time.c.obj
 *fill*         0x100079b2        0x2 
 .rodata.alarm_pool_get_default.str1.4
                0x100079b4       0x21 CMakeFiles/commsHC05.dir/C_/Pico/pico-sdk/src/common/pico_time/time.c.obj
 *fill*         0x100079d5        0x3 
 .rodata.alarm_pool_cancel_alarm.str1.4
                0x100079d8       0x27 CMakeFiles/commsHC05.dir/C_/Pico/pico-sdk/src/common/pico_time/time.c.obj
 *fill*         0x100079ff        0x1 
 .rodata.__func__.1
                0x10007a00       0x18 CMakeFiles/commsHC05.dir/C_/Pico/pico-sdk/src/common/pico_time/time.c.obj
 .rodata.__func__.10
                0x10007a18       0x15 CMakeFiles/commsHC05.dir/C_/Pico/pico-sdk/src/common/pico_time/time.c.obj
 *fill*         0x10007a2d        0x3 
 .rodata.__func__.11
                0x10007a30       0x1a CMakeFiles/commsHC05.dir/C_/Pico/pico-sdk/src/common/pico_time/time.c.obj
 *fill*         0x10007a4a        0x2 
 .rodata.__func__.12
                0x10007a4c        0xa CMakeFiles/commsHC05.dir/C_/Pico/pico-sdk/src/common/pico_time/time.c.obj
 *fill*         0x10007a56        0x2 
 .rodata.__func__.3
                0x10007a58       0x17 CMakeFiles/commsHC05.dir/C_/Pico/pico-sdk/src/common/pico_time/time.c.obj
 *fill*         0x10007a6f        0x1 
 .rodata.__func__.4
                0x10007a70       0x12 CMakeFiles/commsHC05.dir/C_/Pico/pico-sdk/src/common/pico_time/time.c.obj
 *fill*         0x10007a82        0x2 
 .rodata.__func__.5
                0x10007a84        0xd CMakeFiles/commsHC05.dir/C_/Pico/pico-sdk/src/common/pico_time/time.c.obj
 *fill*         0x10007a91        0x3 
 .rodata.__func__.6
                0x10007a94       0x12 CMakeFiles/commsHC05.dir/C_/Pico/pico-sdk/src/common/pico_time/time.c.obj
 *fill*         0x10007aa6        0x2 
 .rodata.__func__.7
                0x10007aa8        0xf CMakeFiles/commsHC05.dir/C_/Pico/pico-sdk/src/common/pico_time/time.c.obj
 *fill*         0x10007ab7        0x1 
 .rodata.__func__.8
                0x10007ab8        0xc CMakeFiles/commsHC05.dir/C_/Pico/pico-sdk/src/common/pico_time/time.c.obj
 .rodata.__func__.9
                0x10007ac4       0x15 CMakeFiles/commsHC05.dir/C_/Pico/pico-sdk/src/common/pico_time/time.c.obj
 *fill*         0x10007ad9        0x3 
 .rodata.hardware_alarm_claim.str1.4
                0x10007adc       0x22 CMakeFiles/commsHC05.dir/C_/Pico/pico-sdk/src/rp2_common/hardware_timer/timer.c.obj
 *fill*         0x10007afe        0x2 
 .rodata.hardware_alarm_set_target.str1.4
                0x10007b00       0x5b CMakeFiles/commsHC05.dir/C_/Pico/pico-sdk/src/rp2_common/hardware_timer/timer.c.obj
 *fill*         0x10007b5b        0x1 
 .rodata.__func__.0
                0x10007b5c       0x1a CMakeFiles/commsHC05.dir/C_/Pico/pico-sdk/src/rp2_common/hardware_timer/timer.c.obj
 .rodata.ph_add_child_node.str1.4
                0x10007b76       0x8a CMakeFiles/commsHC05.dir/C_/Pico/pico-sdk/src/common/pico_util/pheap.c.obj
 *fill*         0x10007b76        0x2 
 .rodata.ph_remove_any_head.str1.4
                0x10007b78       0x84 CMakeFiles/commsHC05.dir/C_/Pico/pico-sdk/src/common/pico_util/pheap.c.obj
 .rodata.ph_remove_and_free_node.str1.4
                0x10007bfc       0x1e CMakeFiles/commsHC05.dir/C_/Pico/pico-sdk/src/common/pico_util/pheap.c.obj
                                 0x26 (size before relaxing)
 *fill*         0x10007c1a        0x2 
 .rodata.__func__.0
                0x10007c1c       0x18 CMakeFiles/commsHC05.dir/C_/Pico/pico-sdk/src/common/pico_util/pheap.c.obj
 .rodata.__func__.1
                0x10007c34       0x13 CMakeFiles/commsHC05.dir/C_/Pico/pico-sdk/src/common/pico_util/pheap.c.obj
 *fill*         0x10007c47        0x1 
 .rodata.__func__.2
                0x10007c48       0x12 CMakeFiles/commsHC05.dir/C_/Pico/pico-sdk/src/common/pico_util/pheap.c.obj
 *fill*         0x10007c5a        0x2 
 .rodata.__func__.3
                0x10007c5c        0xc CMakeFiles/commsHC05.dir/C_/Pico/pico-sdk/src/common/pico_util/pheap.c.obj
 .rodata.str1.4
                0x10007c68       0x81 CMakeFiles/commsHC05.dir/C_/Pico/pico-sdk/src/common/pico_sync/mutex.c.obj
                                 0xd9 (size before relaxing)
 *fill*         0x10007ce9        0x3 
 .rodata.__func__.1
                0x10007cec        0xb CMakeFiles/commsHC05.dir/C_/Pico/pico-sdk/src/common/pico_sync/mutex.c.obj
 *fill*         0x10007cf7        0x1 
 .rodata.__func__.3
                0x10007cf8       0x18 CMakeFiles/commsHC05.dir/C_/Pico/pico-sdk/src/common/pico_sync/mutex.c.obj
 .rodata.__func__.4
                0x10007d10       0x15 CMakeFiles/commsHC05.dir/C_/Pico/pico-sdk/src/common/pico_sync/mutex.c.obj
 *fill*         0x10007d25        0x3 
 .rodata.__assert_func.str1.4
                0x10007d28       0x3f CMakeFiles/commsHC05.dir/C_/Pico/pico-sdk/src/rp2_common/pico_runtime/runtime.c.obj
                                 0x43 (size before relaxing)
 *fill*         0x10007d67        0x1 
 .rodata.runtime_init.str1.4
                0x10007d68       0x57 CMakeFiles/commsHC05.dir/C_/Pico/pico-sdk/src/rp2_common/pico_runtime/runtime.c.obj
 *fill*         0x10007dbf        0x1 
 .rodata.panic.str1.4
                0x10007dc0       0x12 CMakeFiles/commsHC05.dir/C_/Pico/pico-sdk/src/rp2_common/pico_runtime/runtime.c.obj
 *fill*         0x10007dd2        0x2 
 .rodata.__func__.1
                0x10007dd4        0xd CMakeFiles/commsHC05.dir/C_/Pico/pico-sdk/src/rp2_common/pico_runtime/runtime.c.obj
 *fill*         0x10007de1        0x3 
 .rodata.clock_configure.str1.4
                0x10007de4       0x4d CMakeFiles/commsHC05.dir/C_/Pico/pico-sdk/src/rp2_common/hardware_clocks/clocks.c.obj
 *fill*         0x10007e31        0x3 
 .rodata.__func__.1
                0x10007e34       0x10 CMakeFiles/commsHC05.dir/C_/Pico/pico-sdk/src/rp2_common/hardware_clocks/clocks.c.obj
 .rodata.pll_init.str1.4
                0x10007e44      0x12f CMakeFiles/commsHC05.dir/C_/Pico/pico-sdk/src/rp2_common/hardware_pll/pll.c.obj
 *fill*         0x10007f73        0x1 
 .rodata.__func__.0
                0x10007f74        0x9 CMakeFiles/commsHC05.dir/C_/Pico/pico-sdk/src/rp2_common/hardware_pll/pll.c.obj
 *fill*         0x10007f7d        0x3 
 .rodata._ftoa.str1.4
                0x10007f80       0x15 CMakeFiles/commsHC05.dir/C_/Pico/pico-sdk/src/rp2_common/pico_printf/printf.c.obj
 *fill*         0x10007f95        0x3 
 .rodata._vsnprintf
                0x10007f98      0x1e0 CMakeFiles/commsHC05.dir/C_/Pico/pico-sdk/src/rp2_common/pico_printf/printf.c.obj
 .rodata.pow10.0
                0x10008178       0x50 CMakeFiles/commsHC05.dir/C_/Pico/pico-sdk/src/rp2_common/pico_printf/printf.c.obj
 .rodata.__aeabi_double_init.str1.4
                0x100081c8       0x9e CMakeFiles/commsHC05.dir/C_/Pico/pico-sdk/src/rp2_common/pico_double/double_init_rom.c.obj
 *fill*         0x10008266        0x2 
 .rodata.__func__.0
                0x10008268       0x14 CMakeFiles/commsHC05.dir/C_/Pico/pico-sdk/src/rp2_common/pico_double/double_init_rom.c.obj
 .rodata.__aeabi_float_init.str1.4
                0x1000827c       0x70 CMakeFiles/commsHC05.dir/C_/Pico/pico-sdk/src/rp2_common/pico_float/float_init_rom.c.obj
                                 0x74 (size before relaxing)
 .rodata.__func__.0
                0x100082ec       0x13 CMakeFiles/commsHC05.dir/C_/Pico/pico-sdk/src/rp2_common/pico_float/float_init_rom.c.obj
 *fill*         0x100082ff        0x1 
 .rodata.str1.4
                0x10008300       0x40 CMakeFiles/commsHC05.dir/C_/Pico/pico-sdk/src/rp2_common/pico_standard_link/binary_info.c.obj
 .rodata.__bi_44
                0x10008340        0xc CMakeFiles/commsHC05.dir/C_/Pico/pico-sdk/src/rp2_common/pico_standard_link/binary_info.c.obj
 .rodata.__bi_75
                0x1000834c        0xc CMakeFiles/commsHC05.dir/C_/Pico/pico-sdk/src/rp2_common/pico_standard_link/binary_info.c.obj
 .rodata.__bi_81
                0x10008358        0xc CMakeFiles/commsHC05.dir/C_/Pico/pico-sdk/src/rp2_common/pico_standard_link/binary_info.c.obj
 .rodata.crlf_str.3
                0x10008364        0x2 CMakeFiles/commsHC05.dir/C_/Pico/pico-sdk/src/rp2_common/pico_stdio/stdio.c.obj
 *fill*         0x10008366        0x2 
 .rodata.str1.4
                0x10008368       0x2c CMakeFiles/commsHC05.dir/C_/Pico/pico-sdk/src/rp2_common/pico_stdio_uart/stdio_uart.c.obj
 .rodata.__bi_28.4
                0x10008394        0xc CMakeFiles/commsHC05.dir/C_/Pico/pico-sdk/src/rp2_common/pico_stdio_uart/stdio_uart.c.obj
 .rodata.__bi_29.5
                0x100083a0        0x8 CMakeFiles/commsHC05.dir/C_/Pico/pico-sdk/src/rp2_common/pico_stdio_uart/stdio_uart.c.obj
 .rodata._resetd_driver
                0x100083a8       0x18 CMakeFiles/commsHC05.dir/C_/Pico/pico-sdk/src/rp2_common/pico_stdio_usb/reset_interface.c.obj
 .rodata.timer_task.str1.4
                0x100083c0       0x63 CMakeFiles/commsHC05.dir/C_/Pico/pico-sdk/src/rp2_common/pico_stdio_usb/stdio_usb.c.obj
 .rodata.stdio_usb_init.str1.4
                0x10008423       0x57 CMakeFiles/commsHC05.dir/C_/Pico/pico-sdk/src/rp2_common/pico_stdio_usb/stdio_usb.c.obj
 *fill*         0x10008423        0x1 
 .rodata.str1.4
                0x10008424       0x13 CMakeFiles/commsHC05.dir/C_/Pico/pico-sdk/src/rp2_common/pico_stdio_usb/stdio_usb.c.obj
 *fill*         0x10008437        0x1 
 .rodata.__bi_118.2
                0x10008438        0xc CMakeFiles/commsHC05.dir/C_/Pico/pico-sdk/src/rp2_common/pico_stdio_usb/stdio_usb.c.obj
 .rodata.__func__.0
                0x10008444       0x15 CMakeFiles/commsHC05.dir/C_/Pico/pico-sdk/src/rp2_common/pico_stdio_usb/stdio_usb.c.obj
 *fill*         0x10008459        0x3 
 .rodata.__func__.1
                0x1000845c        0xb CMakeFiles/commsHC05.dir/C_/Pico/pico-sdk/src/rp2_common/pico_stdio_usb/stdio_usb.c.obj
 *fill*         0x10008467        0x1 
 .rodata.str1.4
                0x10008468       0x2a CMakeFiles/commsHC05.dir/C_/Pico/pico-sdk/src/rp2_common/pico_stdio_usb/stdio_usb_descriptors.c.obj
 *fill*         0x10008492        0x2 
 .rodata.usbd_desc_cfg
                0x10008494       0x54 CMakeFiles/commsHC05.dir/C_/Pico/pico-sdk/src/rp2_common/pico_stdio_usb/stdio_usb_descriptors.c.obj
 .rodata.usbd_desc_device
                0x100084e8       0x12 CMakeFiles/commsHC05.dir/C_/Pico/pico-sdk/src/rp2_common/pico_stdio_usb/stdio_usb_descriptors.c.obj
 *fill*         0x100084fa        0x2 
 .rodata.usbd_desc_str
                0x100084fc       0x18 CMakeFiles/commsHC05.dir/C_/Pico/pico-sdk/src/rp2_common/pico_stdio_usb/stdio_usb_descriptors.c.obj
 .rodata._hw_endpoint_alloc.str1.4
                0x10008514       0xad CMakeFiles/commsHC05.dir/C_/Pico/pico-sdk/lib/tinyusb/src/portable/raspberrypi/rp2040/dcd_rp2040.c.obj
 *fill*         0x100085c1        0x3 
 .rodata.dcd_rp2040_irq.str1.4
                0x100085c4       0x14 CMakeFiles/commsHC05.dir/C_/Pico/pico-sdk/lib/tinyusb/src/portable/raspberrypi/rp2040/dcd_rp2040.c.obj
 .rodata.dcd_int_enable.str1.4
                0x100085d8        0xc CMakeFiles/commsHC05.dir/C_/Pico/pico-sdk/lib/tinyusb/src/portable/raspberrypi/rp2040/dcd_rp2040.c.obj
 .rodata.__func__.0
                0x100085e4        0xe CMakeFiles/commsHC05.dir/C_/Pico/pico-sdk/lib/tinyusb/src/portable/raspberrypi/rp2040/dcd_rp2040.c.obj
 *fill*         0x100085f2        0x2 
 .rodata.__func__.1
                0x100085f4        0xe CMakeFiles/commsHC05.dir/C_/Pico/pico-sdk/lib/tinyusb/src/portable/raspberrypi/rp2040/dcd_rp2040.c.obj
 *fill*         0x10008602        0x2 
 .rodata.__func__.3
                0x10008604       0x10 CMakeFiles/commsHC05.dir/C_/Pico/pico-sdk/lib/tinyusb/src/portable/raspberrypi/rp2040/dcd_rp2040.c.obj
 .rodata.__func__.5
                0x10008614        0xf CMakeFiles/commsHC05.dir/C_/Pico/pico-sdk/lib/tinyusb/src/portable/raspberrypi/rp2040/dcd_rp2040.c.obj
 *fill*         0x10008623        0x1 
 .rodata.__func__.6
                0x10008624       0x13 CMakeFiles/commsHC05.dir/C_/Pico/pico-sdk/lib/tinyusb/src/portable/raspberrypi/rp2040/dcd_rp2040.c.obj
 *fill*         0x10008637        0x1 
 .rodata.__func__.7
                0x10008638        0x9 CMakeFiles/commsHC05.dir/C_/Pico/pico-sdk/lib/tinyusb/src/portable/raspberrypi/rp2040/dcd_rp2040.c.obj
 *fill*         0x10008641        0x3 
 .rodata.sync_ep_buffer.str1.4
                0x10008644       0x89 CMakeFiles/commsHC05.dir/C_/Pico/pico-sdk/lib/tinyusb/src/portable/raspberrypi/rp2040/rp2040_usb.c.obj
 *fill*         0x100086cd        0x3 
 .rodata._hw_endpoint_buffer_control_update32.str1.4
                0x100086d0       0x1f CMakeFiles/commsHC05.dir/C_/Pico/pico-sdk/lib/tinyusb/src/portable/raspberrypi/rp2040/rp2040_usb.c.obj
 *fill*         0x100086ef        0x1 
 .rodata.hw_endpoint_xfer_start.str1.4
                0x100086f0       0x38 CMakeFiles/commsHC05.dir/C_/Pico/pico-sdk/lib/tinyusb/src/portable/raspberrypi/rp2040/rp2040_usb.c.obj
 .rodata.hw_endpoint_xfer_continue.str1.4
                0x10008728       0x29 CMakeFiles/commsHC05.dir/C_/Pico/pico-sdk/lib/tinyusb/src/portable/raspberrypi/rp2040/rp2040_usb.c.obj
 .rodata.str1.4
                0x10008751       0x29 CMakeFiles/commsHC05.dir/C_/Pico/pico-sdk/lib/tinyusb/src/portable/raspberrypi/rp2040/rp2040_usb.c.obj
                                  0x7 (size before relaxing)
 *fill*         0x10008751        0x3 
 .rodata.__func__.0
                0x10008754        0xf CMakeFiles/commsHC05.dir/C_/Pico/pico-sdk/lib/tinyusb/src/portable/raspberrypi/rp2040/rp2040_usb.c.obj
 *fill*         0x10008763        0x1 
 .rodata.process_set_config.str1.4
                0x10008764       0x17 CMakeFiles/commsHC05.dir/C_/Pico/pico-sdk/lib/tinyusb/src/device/usbd.c.obj
 *fill*         0x1000877b        0x1 
 .rodata.process_get_descriptor
                0x1000877c       0x40 CMakeFiles/commsHC05.dir/C_/Pico/pico-sdk/lib/tinyusb/src/device/usbd.c.obj
 .rodata.process_control_request
                0x100087bc       0x28 CMakeFiles/commsHC05.dir/C_/Pico/pico-sdk/lib/tinyusb/src/device/usbd.c.obj
 .rodata.tud_task
                0x100087e4       0x24 CMakeFiles/commsHC05.dir/C_/Pico/pico-sdk/lib/tinyusb/src/device/usbd.c.obj
 .rodata.__func__.2
                0x10008808        0xf CMakeFiles/commsHC05.dir/C_/Pico/pico-sdk/lib/tinyusb/src/device/usbd.c.obj
 *fill*         0x10008817        0x1 
 .rodata.__func__.3
                0x10008818        0xf CMakeFiles/commsHC05.dir/C_/Pico/pico-sdk/lib/tinyusb/src/device/usbd.c.obj
 *fill*         0x10008827        0x1 
 .rodata.__func__.4
                0x10008828       0x14 CMakeFiles/commsHC05.dir/C_/Pico/pico-sdk/lib/tinyusb/src/device/usbd.c.obj
 .rodata.__func__.5
                0x1000883c       0x10 CMakeFiles/commsHC05.dir/C_/Pico/pico-sdk/lib/tinyusb/src/device/usbd.c.obj
 .rodata.__func__.6
                0x1000884c       0x17 CMakeFiles/commsHC05.dir/C_/Pico/pico-sdk/lib/tinyusb/src/device/usbd.c.obj
 *fill*         0x10008863        0x1 
 .rodata.__func__.7
                0x10008864       0x13 CMakeFiles/commsHC05.dir/C_/Pico/pico-sdk/lib/tinyusb/src/device/usbd.c.obj
 *fill*         0x10008877        0x1 
 .rodata.__func__.8
                0x10008878       0x18 CMakeFiles/commsHC05.dir/C_/Pico/pico-sdk/lib/tinyusb/src/device/usbd.c.obj
 .rodata.__func__.9
                0x10008890        0x9 CMakeFiles/commsHC05.dir/C_/Pico/pico-sdk/lib/tinyusb/src/device/usbd.c.obj
 *fill*         0x10008899        0x3 
 .rodata._usbd_driver
                0x1000889c       0x18 CMakeFiles/commsHC05.dir/C_/Pico/pico-sdk/lib/tinyusb/src/device/usbd.c.obj
 .rodata.tud_control_xfer.str1.4
                0x100088b4       0x17 CMakeFiles/commsHC05.dir/C_/Pico/pico-sdk/lib/tinyusb/src/device/usbd_control.c.obj
 .rodata.__func__.0
                0x100088b4       0x15 CMakeFiles/commsHC05.dir/C_/Pico/pico-sdk/lib/tinyusb/src/device/usbd_control.c.obj
 *fill*         0x100088c9        0x3 
 .rodata.__func__.1
                0x100088cc       0x11 CMakeFiles/commsHC05.dir/C_/Pico/pico-sdk/lib/tinyusb/src/device/usbd_control.c.obj
 .rodata.tud_cdc_n_write_flush.str1.4
                0x100088dd       0x17 CMakeFiles/commsHC05.dir/C_/Pico/pico-sdk/lib/tinyusb/src/class/cdc/cdc_device.c.obj
 *fill*         0x100088dd        0x3 
 .rodata.__func__.0
                0x100088e0        0xd CMakeFiles/commsHC05.dir/C_/Pico/pico-sdk/lib/tinyusb/src/class/cdc/cdc_device.c.obj
 *fill*         0x100088ed        0x3 
 .rodata.__func__.1
                0x100088f0        0xa CMakeFiles/commsHC05.dir/C_/Pico/pico-sdk/lib/tinyusb/src/class/cdc/cdc_device.c.obj
 *fill*         0x100088fa        0x2 
 .rodata.__func__.2
                0x100088fc       0x16 CMakeFiles/commsHC05.dir/C_/Pico/pico-sdk/lib/tinyusb/src/class/cdc/cdc_device.c.obj
 .rodata.tusb_init.str1.4
                0x10008912       0x17 CMakeFiles/commsHC05.dir/C_/Pico/pico-sdk/lib/tinyusb/src/tusb.c.obj
 *fill*         0x10008912        0x2 
 .rodata.__func__.0
                0x10008914       0x11 CMakeFiles/commsHC05.dir/C_/Pico/pico-sdk/lib/tinyusb/src/tusb.c.obj
 *fill*         0x10008925        0x3 
 .rodata.__func__.1
                0x10008928        0xa CMakeFiles/commsHC05.dir/C_/Pico/pico-sdk/lib/tinyusb/src/tusb.c.obj
 *fill*         0x10008932        0x2 
 .rodata.pico_get_unique_board_id_string.str1.4
                0x10008934       0x43 CMakeFiles/commsHC05.dir/C_/Pico/pico-sdk/src/rp2_common/pico_unique_id/unique_id.c.obj
 *fill*         0x10008977        0x1 
 .rodata.__func__.0
                0x10008978       0x20 CMakeFiles/commsHC05.dir/C_/Pico/pico-sdk/src/rp2_common/pico_unique_id/unique_id.c.obj
 .rodata.str1.4
                0x10008998      0x14e CMakeFiles/commsHC05.dir/C_/Pico/pico-sdk/src/rp2_common/hardware_flash/flash.c.obj
 *fill*         0x10008ae6        0x2 
 .rodata.__func__.0
                0x10008ae8        0xd CMakeFiles/commsHC05.dir/C_/Pico/pico-sdk/src/rp2_common/hardware_flash/flash.c.obj
                0x10008af8                . = ALIGN (0x4)
 *fill*         0x10008af5        0x3 
 *(SORT_BY_ALIGNMENT(SORT_BY_NAME(.flashdata*)))
                0x10008af8                . = ALIGN (0x4)

.rel.dyn        0x10008af8        0x0
 .rel.iplt      0x10008af8        0x0 c:/progra~2/gnuarm~1/102020~1/bin/../lib/gcc/arm-none-eabi/10.2.1/thumb/v6-m/nofp/crtbegin.o

.ARM.extab
 *(.ARM.extab* .gnu.linkonce.armextab.*)
                0x10008af8                __exidx_start = .

.ARM.exidx
 *(.ARM.exidx* .gnu.linkonce.armexidx.*)
                0x10008af8                __exidx_end = .
                0x10008af8                . = ALIGN (0x4)
                0x10008af8                __binary_info_start = .

.binary_info    0x10008af8       0x28
 *(.binary_info.keep.*)
 .binary_info.keep.__bi_ptr22
                0x10008af8        0x4 CMakeFiles/commsHC05.dir/C_/Pico/pico-sdk/src/rp2_common/pico_standard_link/binary_info.c.obj
 .binary_info.keep.__bi_ptr30
                0x10008afc        0x4 CMakeFiles/commsHC05.dir/C_/Pico/pico-sdk/src/rp2_common/pico_standard_link/binary_info.c.obj
 .binary_info.keep.__bi_ptr38
                0x10008b00        0x4 CMakeFiles/commsHC05.dir/C_/Pico/pico-sdk/src/rp2_common/pico_standard_link/binary_info.c.obj
 .binary_info.keep.__bi_ptr44
                0x10008b04        0x4 CMakeFiles/commsHC05.dir/C_/Pico/pico-sdk/src/rp2_common/pico_standard_link/binary_info.c.obj
 .binary_info.keep.__bi_ptr50
                0x10008b08        0x4 CMakeFiles/commsHC05.dir/C_/Pico/pico-sdk/src/rp2_common/pico_standard_link/binary_info.c.obj
 .binary_info.keep.__bi_ptr75
                0x10008b0c        0x4 CMakeFiles/commsHC05.dir/C_/Pico/pico-sdk/src/rp2_common/pico_standard_link/binary_info.c.obj
 .binary_info.keep.__bi_ptr81
                0x10008b10        0x4 CMakeFiles/commsHC05.dir/C_/Pico/pico-sdk/src/rp2_common/pico_standard_link/binary_info.c.obj
 *(.binary_info.*)
 .binary_info.__bi_ptr28
                0x10008b14        0x4 CMakeFiles/commsHC05.dir/C_/Pico/pico-sdk/src/rp2_common/pico_stdio_uart/stdio_uart.c.obj
 .binary_info.__bi_ptr29
                0x10008b18        0x4 CMakeFiles/commsHC05.dir/C_/Pico/pico-sdk/src/rp2_common/pico_stdio_uart/stdio_uart.c.obj
 .binary_info.__bi_ptr118
                0x10008b1c        0x4 CMakeFiles/commsHC05.dir/C_/Pico/pico-sdk/src/rp2_common/pico_stdio_usb/stdio_usb.c.obj
                0x10008b20                __binary_info_end = .
                0x10008b20                . = ALIGN (0x4)
                0x10008b20                __etext = .

.ram_vector_table
                0x20000000       0xc0
 *(.ram_vector_table)
 .ram_vector_table
                0x20000000       0xc0 CMakeFiles/commsHC05.dir/C_/Pico/pico-sdk/src/rp2_common/pico_runtime/runtime.c.obj
                0x20000000                ram_vector_table

.data           0x200000c0      0x474 load address 0x10008b20
                0x200000c0                __data_start__ = .
 *(vtable)
 *(.time_critical*)
 .time_critical.mutex_enter_blocking
                0x200000c0       0x48 CMakeFiles/commsHC05.dir/C_/Pico/pico-sdk/src/common/pico_sync/mutex.c.obj
                0x200000c0                mutex_enter_blocking
 .time_critical.mutex_try_enter
                0x20000108       0x46 CMakeFiles/commsHC05.dir/C_/Pico/pico-sdk/src/common/pico_sync/mutex.c.obj
                0x20000108                mutex_try_enter
 *fill*         0x2000014e        0x2 
 .time_critical.mutex_enter_block_until
                0x20000150       0x8c CMakeFiles/commsHC05.dir/C_/Pico/pico-sdk/src/common/pico_sync/mutex.c.obj
                0x20000150                mutex_enter_block_until
 .time_critical.mutex_enter_timeout_ms
                0x200001dc       0x74 CMakeFiles/commsHC05.dir/C_/Pico/pico-sdk/src/common/pico_sync/mutex.c.obj
                0x200001dc                mutex_enter_timeout_ms
 .time_critical.mutex_exit
                0x20000250       0x4c CMakeFiles/commsHC05.dir/C_/Pico/pico-sdk/src/common/pico_sync/mutex.c.obj
                0x20000250                mutex_exit
 .time_critical.flash_init_boot2_copyout
                0x2000029c       0x30 CMakeFiles/commsHC05.dir/C_/Pico/pico-sdk/src/rp2_common/hardware_flash/flash.c.obj
 .time_critical.flash_enable_xip_via_boot2
                0x200002cc       0x10 CMakeFiles/commsHC05.dir/C_/Pico/pico-sdk/src/rp2_common/hardware_flash/flash.c.obj
 .time_critical.flash_cs_force
                0x200002dc       0x28 CMakeFiles/commsHC05.dir/C_/Pico/pico-sdk/src/rp2_common/hardware_flash/flash.c.obj
 .time_critical.flash_do_cmd
                0x20000304       0xd8 CMakeFiles/commsHC05.dir/C_/Pico/pico-sdk/src/rp2_common/hardware_flash/flash.c.obj
                0x20000304                flash_do_cmd
 *(.text*)
 .text          0x200003dc        0x4 c:/progra~2/gnuarm~1/102020~1/bin/../lib/gcc/arm-none-eabi/10.2.1/thumb/v6-m/nofp\libgcc.a(_dvmd_tls.o)
                0x200003dc                __aeabi_idiv0
                0x200003dc                __aeabi_ldiv0
 .text.__stub   0x200003e0       0x40 linker stubs
                0x20000420                . = ALIGN (0x4)
 *(.rodata*)
                0x20000420                . = ALIGN (0x4)
 *(.data*)
 .data.striped_spin_lock_num
                0x20000420        0x1 CMakeFiles/commsHC05.dir/C_/Pico/pico-sdk/src/rp2_common/hardware_sync/sync.c.obj
 *fill*         0x20000421        0x3 
 .data          0x20000424       0x48 CMakeFiles/commsHC05.dir/C_/Pico/pico-sdk/src/rp2_common/hardware_irq/irq_handler_chain.S.obj
                0x20000424                irq_handler_chain_slots
                0x20000454                irq_handler_chain_first_slot
                0x2000045e                irq_handler_chain_remove_tail
 .data.default_alarm_pool
                0x2000046c       0x18 CMakeFiles/commsHC05.dir/C_/Pico/pico-sdk/src/common/pico_time/time.c.obj
 .data.default_alarm_pool_heap
                0x20000484       0x10 CMakeFiles/commsHC05.dir/C_/Pico/pico-sdk/src/common/pico_time/time.c.obj
 *fill*         0x20000494        0xc 
 .data.aeabi_bits_funcs
                0x200004a0       0x10 CMakeFiles/commsHC05.dir/C_/Pico/pico-sdk/src/rp2_common/pico_bit_ops/bit_ops_aeabi.S.obj
                0x200004a0                aeabi_bits_funcs
                0x200004b0                aeabi_bits_funcs_end
 .data.aeabi_mem_funcs
                0x200004b0       0x10 CMakeFiles/commsHC05.dir/C_/Pico/pico-sdk/src/rp2_common/pico_mem_ops/mem_ops_aeabi.S.obj
                0x200004b0                aeabi_mem_funcs
                0x200004c0                aeabi_mem_funcs_end
 .data.stdio_uart
                0x200004c0       0x14 CMakeFiles/commsHC05.dir/C_/Pico/pico-sdk/src/rp2_common/pico_stdio_uart/stdio_uart.c.obj
                0x200004c0                stdio_uart
 .data.stdio_usb
                0x200004d4       0x14 CMakeFiles/commsHC05.dir/C_/Pico/pico-sdk/src/rp2_common/pico_stdio_usb/stdio_usb.c.obj
                0x200004d4                stdio_usb
 .data.ep_dir_string
                0x200004e8        0x8 CMakeFiles/commsHC05.dir/C_/Pico/pico-sdk/lib/tinyusb/src/portable/raspberrypi/rp2040/rp2040_usb.c.obj
                0x200004e8                ep_dir_string
 .data._usbd_qdef
                0x200004f0       0x24 CMakeFiles/commsHC05.dir/C_/Pico/pico-sdk/lib/tinyusb/src/device/usbd.c.obj
                0x200004f0                _usbd_qdef
                0x20000514                . = ALIGN (0x4)
 *(.after_data.*)
                0x20000514                . = ALIGN (0x4)
                0x20000514                PROVIDE (__mutex_array_start = .)
 *(SORT_BY_NAME(.mutex_array.*))
 *(.mutex_array)
 .mutex_array   0x20000514        0x8 CMakeFiles/commsHC05.dir/C_/Pico/pico-sdk/src/rp2_common/pico_stdio/stdio.c.obj
                0x2000051c                PROVIDE (__mutex_array_end = .)
                0x2000051c                . = ALIGN (0x4)
                0x2000051c                PROVIDE (__preinit_array_start = .)
 *(SORT_BY_NAME(.preinit_array.*))
 .preinit_array.00001
                0x2000051c        0x4 CMakeFiles/commsHC05.dir/C_/Pico/pico-sdk/src/rp2_common/pico_mem_ops/mem_ops_aeabi.S.obj
 .preinit_array.00010
                0x20000520        0x4 CMakeFiles/commsHC05.dir/C_/Pico/pico-sdk/src/rp2_common/pico_bit_ops/bit_ops_aeabi.S.obj
 .preinit_array.00020
                0x20000524        0x4 CMakeFiles/commsHC05.dir/C_/Pico/pico-sdk/src/rp2_common/pico_double/double_aeabi.S.obj
 .preinit_array.00020
                0x20000528        0x4 CMakeFiles/commsHC05.dir/C_/Pico/pico-sdk/src/rp2_common/pico_float/float_aeabi.S.obj
 *(.preinit_array)
                0x2000052c                PROVIDE (__preinit_array_end = .)
                0x2000052c                . = ALIGN (0x4)
                0x2000052c                PROVIDE (__init_array_start = .)
 *(SORT_BY_NAME(.init_array.*))
 *(.init_array)
 .init_array    0x2000052c        0x4 c:/progra~2/gnuarm~1/102020~1/bin/../lib/gcc/arm-none-eabi/10.2.1/thumb/v6-m/nofp/crtbegin.o
 .init_array    0x20000530        0x4 CMakeFiles/commsHC05.dir/C_/Pico/pico-sdk/src/rp2_common/pico_unique_id/unique_id.c.obj
                0x20000534                PROVIDE (__init_array_end = .)
                0x20000534                . = ALIGN (0x4)
                [!provide]                PROVIDE (__fini_array_start = .)
 *(SORT_BY_NAME(.fini_array.*))
 *(.fini_array)
                [!provide]                PROVIDE (__fini_array_end = .)
 *(.jcr)
                0x20000534                . = ALIGN (0x4)
                0x20000534                __data_end__ = .

.igot.plt       0x20000534        0x0 load address 0x10008f94
 .igot.plt      0x20000534        0x0 c:/progra~2/gnuarm~1/102020~1/bin/../lib/gcc/arm-none-eabi/10.2.1/thumb/v6-m/nofp/crtbegin.o

.uninitialized_data
                0x20000534        0x0 load address 0x10008f94
                0x20000534                . = ALIGN (0x4)
 *(.uninitialized_data*)

.scratch_x      0x20040000        0x0 load address 0x10008f94
                0x20040000                __scratch_x_start__ = .
 *(.scratch_x.*)
                0x20040000                . = ALIGN (0x4)
                0x20040000                __scratch_x_end__ = .
                0x10008f94                __scratch_x_source__ = LOADADDR (.scratch_x)

.scratch_y      0x20041000        0x0 load address 0x10008f94
                0x20041000                __scratch_y_start__ = .
 *(.scratch_y.*)
                0x20041000                . = ALIGN (0x4)
                0x20041000                __scratch_y_end__ = .
                0x10008f94                __scratch_y_source__ = LOADADDR (.scratch_y)

.bss            0x20000538      0xd8c
                0x20000538                . = ALIGN (0x4)
                0x20000538                __bss_start__ = .
 *(SORT_BY_ALIGNMENT(SORT_BY_NAME(.bss*)))
 .bss.default_alarm_pool_entries
                0x20000538      0x100 CMakeFiles/commsHC05.dir/C_/Pico/pico-sdk/src/common/pico_time/time.c.obj
 .bss.last_avail_time.3
                0x20000638        0x8 CMakeFiles/commsHC05.dir/C_/Pico/pico-sdk/src/rp2_common/pico_stdio_usb/stdio_usb.c.obj
 .bss           0x20000640       0x1c c:/progra~2/gnuarm~1/102020~1/bin/../lib/gcc/arm-none-eabi/10.2.1/thumb/v6-m/nofp/crtbegin.o
 .bss._app_driver
                0x2000065c        0x4 CMakeFiles/commsHC05.dir/C_/Pico/pico-sdk/lib/tinyusb/src/device/usbd.c.obj
 .bss._cdcd_itf
                0x20000660      0x2d8 CMakeFiles/commsHC05.dir/C_/Pico/pico-sdk/lib/tinyusb/src/class/cdc/cdc_device.c.obj
 .bss._ctrl_xfer
                0x20000938       0x14 CMakeFiles/commsHC05.dir/C_/Pico/pico-sdk/lib/tinyusb/src/device/usbd_control.c.obj
 .bss._ubsd_mutexdef
                0x2000094c        0x8 CMakeFiles/commsHC05.dir/C_/Pico/pico-sdk/lib/tinyusb/src/device/usbd.c.obj
 .bss._usbd_ctrl_buf
                0x20000954       0x40 CMakeFiles/commsHC05.dir/C_/Pico/pico-sdk/lib/tinyusb/src/device/usbd_control.c.obj
 .bss._usbd_dev
                0x20000994       0x53 CMakeFiles/commsHC05.dir/C_/Pico/pico-sdk/lib/tinyusb/src/device/usbd.c.obj
 *fill*         0x200009e7        0x1 
 .bss._usbd_mutex
                0x200009e8        0x4 CMakeFiles/commsHC05.dir/C_/Pico/pico-sdk/lib/tinyusb/src/device/usbd.c.obj
 .bss._usbd_q   0x200009ec        0x4 CMakeFiles/commsHC05.dir/C_/Pico/pico-sdk/lib/tinyusb/src/device/usbd.c.obj
 .bss._usbd_qdef_buf
                0x200009f0       0xc0 CMakeFiles/commsHC05.dir/C_/Pico/pico-sdk/lib/tinyusb/src/device/usbd.c.obj
                0x200009f0                _usbd_qdef_buf
 .bss.alarm_callbacks
                0x20000ab0       0x10 CMakeFiles/commsHC05.dir/C_/Pico/pico-sdk/src/rp2_common/hardware_timer/timer.c.obj
 .bss.boot2_copyout
                0x20000ac0      0x100 CMakeFiles/commsHC05.dir/C_/Pico/pico-sdk/src/rp2_common/hardware_flash/flash.c.obj
 .bss.claimed   0x20000bc0        0x4 CMakeFiles/commsHC05.dir/C_/Pico/pico-sdk/src/rp2_common/hardware_sync/sync.c.obj
 .bss.configured_freq
                0x20000bc4       0x28 CMakeFiles/commsHC05.dir/C_/Pico/pico-sdk/src/rp2_common/hardware_clocks/clocks.c.obj
 .bss.default_alarm_pool_entry_ids_high
                0x20000bec       0x10 CMakeFiles/commsHC05.dir/C_/Pico/pico-sdk/src/common/pico_time/time.c.obj
 .bss.default_alarm_pool_heap_nodes
                0x20000bfc       0x30 CMakeFiles/commsHC05.dir/C_/Pico/pico-sdk/src/common/pico_time/time.c.obj
 .bss.desc_str.0
                0x20000c2c       0x28 CMakeFiles/commsHC05.dir/C_/Pico/pico-sdk/src/rp2_common/pico_stdio_usb/stdio_usb_descriptors.c.obj
 .bss.drivers   0x20000c54        0x4 CMakeFiles/commsHC05.dir/C_/Pico/pico-sdk/src/rp2_common/pico_stdio/stdio.c.obj
 .bss.filter    0x20000c58        0x4 CMakeFiles/commsHC05.dir/C_/Pico/pico-sdk/src/rp2_common/pico_stdio/stdio.c.obj
 .bss.hw_endpoints
                0x20000c5c      0x400 CMakeFiles/commsHC05.dir/C_/Pico/pico-sdk/lib/tinyusb/src/portable/raspberrypi/rp2040/dcd_rp2040.c.obj
 .bss.load_value
                0x2000105c        0x4 CMakeFiles/commsHC05.dir/C_/Pico/pico-sdk/src/rp2_common/hardware_watchdog/watchdog.c.obj
 .bss.next_buffer_ptr
                0x20001060        0x4 CMakeFiles/commsHC05.dir/C_/Pico/pico-sdk/lib/tinyusb/src/portable/raspberrypi/rp2040/dcd_rp2040.c.obj
 .bss.pools     0x20001064       0x10 CMakeFiles/commsHC05.dir/C_/Pico/pico-sdk/src/common/pico_time/time.c.obj
 .bss.retrieved_id
                0x20001074        0x8 CMakeFiles/commsHC05.dir/C_/Pico/pico-sdk/src/rp2_common/pico_unique_id/unique_id.c.obj
 .bss.sd_table  0x2000107c      0x100 CMakeFiles/commsHC05.dir/C_/Pico/pico-sdk/src/rp2_common/pico_double/double_init_rom.c.obj
                0x2000107c                sd_table
 .bss.sf_clz_func
                0x2000117c        0x4 CMakeFiles/commsHC05.dir/C_/Pico/pico-sdk/src/rp2_common/pico_double/double_init_rom.c.obj
                0x2000117c                sf_clz_func
 .bss.sf_table  0x20001180      0x100 CMakeFiles/commsHC05.dir/C_/Pico/pico-sdk/src/rp2_common/pico_float/float_init_rom.c.obj
                0x20001180                sf_table
 .bss.sleep_notifier
                0x20001280        0x4 CMakeFiles/commsHC05.dir/C_/Pico/pico-sdk/src/common/pico_time/time.c.obj
 .bss.stdio_usb_mutex
                0x20001284        0x8 CMakeFiles/commsHC05.dir/C_/Pico/pico-sdk/src/rp2_common/pico_stdio_usb/stdio_usb.c.obj
 .bss.target_hi
                0x2000128c       0x10 CMakeFiles/commsHC05.dir/C_/Pico/pico-sdk/src/rp2_common/hardware_timer/timer.c.obj
 .bss.uart_char_to_line_feed
                0x2000129c        0x4 CMakeFiles/commsHC05.dir/C_/Pico/pico-sdk/src/rp2_common/hardware_uart/uart.c.obj
                0x2000129c                uart_char_to_line_feed
 .bss.uart_instance
                0x200012a0        0x4 CMakeFiles/commsHC05.dir/C_/Pico/pico-sdk/src/rp2_common/pico_stdio_uart/stdio_uart.c.obj
 .bss.usbd_serial_str
                0x200012a4       0x11 CMakeFiles/commsHC05.dir/C_/Pico/pico-sdk/src/rp2_common/pico_stdio_usb/stdio_usb_descriptors.c.obj
 *fill*         0x200012b5        0x3 
 .bss.user_irq_claimed
                0x200012b8        0x2 CMakeFiles/commsHC05.dir/C_/Pico/pico-sdk/src/rp2_common/hardware_irq/irq.c.obj
 .bss._app_driver_count
                0x200012ba        0x1 CMakeFiles/commsHC05.dir/C_/Pico/pico-sdk/lib/tinyusb/src/device/usbd.c.obj
 .bss._usbd_initialized
                0x200012bb        0x1 CMakeFiles/commsHC05.dir/C_/Pico/pico-sdk/lib/tinyusb/src/device/usbd.c.obj
 .bss.boot2_copyout_valid